---------------------------------------------------------------------------------------
EMA + Dual View + Stable CAT: mobilenet_v2 with source rafdb and target fer
alpha(w1):4.0 beta(w2):0.3 gamma(w3):0.1 ema:0.999 tau0:0.85 threshold_beta:0.5 margin:0.02 threshold_range:[0.8,0.95]
---------------------------------------------------------------------------------------
The dataset distribute: 1290, 281, 717, 4772, 1982, 705, 2524
FER train split (train), samples: 28709
The dataset distribute: 3171, 4097, 436, 7215, 4830, 3995, 4965
FER train split (train), samples: 28709
The dataset distribute: 3171, 4097, 436, 7215, 4830, 3995, 4965
FER val split (val), samples: 3589
The dataset distribute: 415, 496, 56, 895, 653, 467, 607
FER test split (test), samples: 3589
The dataset distribute: 416, 528, 55, 879, 594, 491, 626
[Source Epoch 0] Training accuracy: 0.5970. Classification Loss: 1.292 Affinity Loss: -0.020 Weight Loss: 0.509 LR: 0.000950
[Epoch 0] Target Validation accuracy: 0.3923. Loss: 1.692
best source-stage validation accuracy 0.3923
[Source Epoch 1] Training accuracy: 0.7515. Classification Loss: 0.922 Affinity Loss: -0.061 Weight Loss: 0.496 LR: 0.000902
[Epoch 1] Target Validation accuracy: 0.4232. Loss: 1.587
best source-stage validation accuracy 0.4232
[Source Epoch 2] Training accuracy: 0.7836. Classification Loss: 0.802 Affinity Loss: -0.062 Weight Loss: 0.484 LR: 0.000857
[Epoch 2] Target Validation accuracy: 0.4609. Loss: 1.550
best source-stage validation accuracy 0.4609
[Source Epoch 3] Training accuracy: 0.8094. Classification Loss: 0.715 Affinity Loss: -0.063 Weight Loss: 0.474 LR: 0.000815
[Epoch 3] Target Validation accuracy: 0.4583. Loss: 1.523
[Source Epoch 4] Training accuracy: 0.8307. Classification Loss: 0.636 Affinity Loss: -0.073 Weight Loss: 0.468 LR: 0.000774
[Epoch 4] Target Validation accuracy: 0.4700. Loss: 1.568
best source-stage validation accuracy 0.4700
[Source Epoch 5] Training accuracy: 0.8476. Classification Loss: 0.579 Affinity Loss: -0.089 Weight Loss: 0.464 LR: 0.000735
[Epoch 5] Target Validation accuracy: 0.4784. Loss: 1.536
best source-stage validation accuracy 0.4784
[Source Epoch 6] Training accuracy: 0.8557. Classification Loss: 0.537 Affinity Loss: -0.113 Weight Loss: 0.461 LR: 0.000698
[Epoch 6] Target Validation accuracy: 0.4539. Loss: 1.654
[Source Epoch 7] Training accuracy: 0.8668. Classification Loss: 0.487 Affinity Loss: -0.103 Weight Loss: 0.459 LR: 0.000663
[Epoch 7] Target Validation accuracy: 0.4514. Loss: 1.612
[Source Epoch 8] Training accuracy: 0.8804. Classification Loss: 0.453 Affinity Loss: -0.130 Weight Loss: 0.457 LR: 0.000630
[Epoch 8] Target Validation accuracy: 0.4962. Loss: 1.565
best source-stage validation accuracy 0.4962
[Source Epoch 9] Training accuracy: 0.8942. Classification Loss: 0.418 Affinity Loss: -0.122 Weight Loss: 0.456 LR: 0.000599
[Epoch 9] Target Validation accuracy: 0.4737. Loss: 1.672
[Source Epoch 10] Training accuracy: 0.9008. Classification Loss: 0.392 Affinity Loss: -0.134 Weight Loss: 0.455 LR: 0.000569
[Epoch 10] Target Validation accuracy: 0.5035. Loss: 1.573
best source-stage validation accuracy 0.5035
[Source Epoch 11] Training accuracy: 0.9099. Classification Loss: 0.357 Affinity Loss: -0.143 Weight Loss: 0.452 LR: 0.000540
[Epoch 11] Target Validation accuracy: 0.4982. Loss: 1.589
[Source Epoch 12] Training accuracy: 0.9220. Classification Loss: 0.323 Affinity Loss: -0.144 Weight Loss: 0.451 LR: 0.000513
[Epoch 12] Target Validation accuracy: 0.4873. Loss: 1.643
[Source Epoch 13] Training accuracy: 0.9225. Classification Loss: 0.306 Affinity Loss: -0.174 Weight Loss: 0.450 LR: 0.000488
[Epoch 13] Target Validation accuracy: 0.4870. Loss: 1.639
[Source Epoch 14] Training accuracy: 0.9351. Classification Loss: 0.276 Affinity Loss: -0.191 Weight Loss: 0.450 LR: 0.000463
[Epoch 14] Target Validation accuracy: 0.4831. Loss: 1.726
[Source Epoch 15] Training accuracy: 0.9374. Classification Loss: 0.264 Affinity Loss: -0.234 Weight Loss: 0.450 LR: 0.000440
[Epoch 15] Target Validation accuracy: 0.5107. Loss: 1.620
best source-stage validation accuracy 0.5107
[Source Epoch 16] Training accuracy: 0.9459. Classification Loss: 0.237 Affinity Loss: -0.220 Weight Loss: 0.450 LR: 0.000418
[Epoch 16] Target Validation accuracy: 0.4795. Loss: 1.692
[Source Epoch 17] Training accuracy: 0.9493. Classification Loss: 0.223 Affinity Loss: -0.266 Weight Loss: 0.449 LR: 0.000397
[Epoch 17] Target Validation accuracy: 0.4940. Loss: 1.752
[Source Epoch 18] Training accuracy: 0.9563. Classification Loss: 0.202 Affinity Loss: -0.220 Weight Loss: 0.449 LR: 0.000377
[Epoch 18] Target Validation accuracy: 0.4948. Loss: 1.706
[Source Epoch 19] Training accuracy: 0.9576. Classification Loss: 0.191 Affinity Loss: -0.250 Weight Loss: 0.448 LR: 0.000358
[Epoch 19] Target Validation accuracy: 0.4770. Loss: 1.771
[Source Epoch 20] Training accuracy: 0.9684. Classification Loss: 0.169 Affinity Loss: -0.273 Weight Loss: 0.449 LR: 0.000341
[Epoch 20] Target Validation accuracy: 0.4932. Loss: 1.756
[Source Epoch 21] Training accuracy: 0.9646. Classification Loss: 0.166 Affinity Loss: -0.288 Weight Loss: 0.447 LR: 0.000324
[Epoch 21] Target Validation accuracy: 0.4968. Loss: 1.718
[Source Epoch 22] Training accuracy: 0.9695. Classification Loss: 0.153 Affinity Loss: -0.300 Weight Loss: 0.447 LR: 0.000307
[Epoch 22] Target Validation accuracy: 0.5068. Loss: 1.722
[Source Epoch 23] Training accuracy: 0.9743. Classification Loss: 0.137 Affinity Loss: -0.309 Weight Loss: 0.447 LR: 0.000292
[Epoch 23] Target Validation accuracy: 0.4843. Loss: 1.837
[Source Epoch 24] Training accuracy: 0.9735. Classification Loss: 0.138 Affinity Loss: -0.296 Weight Loss: 0.447 LR: 0.000277
[Epoch 24] Target Validation accuracy: 0.5032. Loss: 1.817
[Source Epoch 25] Training accuracy: 0.9791. Classification Loss: 0.122 Affinity Loss: -0.292 Weight Loss: 0.447 LR: 0.000264
[Epoch 25] Target Validation accuracy: 0.4971. Loss: 1.782
[Source Epoch 26] Training accuracy: 0.9808. Classification Loss: 0.114 Affinity Loss: -0.285 Weight Loss: 0.446 LR: 0.000250
[Epoch 26] Target Validation accuracy: 0.4943. Loss: 1.849
[Source Epoch 27] Training accuracy: 0.9806. Classification Loss: 0.114 Affinity Loss: -0.307 Weight Loss: 0.447 LR: 0.000238
[Epoch 27] Target Validation accuracy: 0.4943. Loss: 1.817
[Source Epoch 28] Training accuracy: 0.9846. Classification Loss: 0.101 Affinity Loss: -0.277 Weight Loss: 0.447 LR: 0.000226
[Epoch 28] Target Validation accuracy: 0.4929. Loss: 1.859
[Source Epoch 29] Training accuracy: 0.9844. Classification Loss: 0.100 Affinity Loss: -0.329 Weight Loss: 0.446 LR: 0.000215
[Epoch 29] Target Validation accuracy: 0.5046. Loss: 1.849
[Target Epoch 0] class mean confidence: [0.7619 0.6672 0.6311 0.787  0.7022 0.6805 0.6753] global_mean: 0.7007 threshold_center: 0.8500
[Target Epoch 0] class-adaptive thresholds: [0.8806 0.8332 0.8152 0.8931 0.8507 0.8399 0.8373]
[Target Epoch 0] Agreement_Num: 22942 Confident_Num: 8009 Pseudo_Distribution: [1058,  174,  123, 3669, 1396,  412, 1177]
[Target Epoch 0] Classification Loss: 0.203 Affinity Loss: -0.186 Weight Loss: 0.449 LR: 0.000418
[Epoch 0] Target Validation accuracy: 0.5180. Loss: 1.686
best target-stage validation accuracy 0.5180
[Target Epoch 1] class mean confidence: [0.772  0.679  0.6277 0.7948 0.7129 0.6912 0.688 ] global_mean: 0.7094 threshold_center: 0.8500
[Target Epoch 1] class-adaptive thresholds: [0.8813 0.8348 0.8092 0.8927 0.8518 0.8409 0.8393]
[Target Epoch 1] Agreement_Num: 23180 Confident_Num: 9011 Pseudo_Distribution: [1244,  188,  132, 4089, 1485,  455, 1418]
[Target Epoch 1] Classification Loss: 0.168 Affinity Loss: -0.201 Weight Loss: 0.448 LR: 0.000397
[Epoch 1] Target Validation accuracy: 0.5305. Loss: 1.669
best target-stage validation accuracy 0.5305
[Target Epoch 2] class mean confidence: [0.7842 0.7146 0.6417 0.8065 0.7188 0.7103 0.7012] global_mean: 0.7253 threshold_center: 0.8500
[Target Epoch 2] class-adaptive thresholds: [0.8794 0.8447 0.8082 0.8906 0.8467 0.8425 0.838 ]
[Target Epoch 2] Agreement_Num: 23479 Confident_Num: 10157 Pseudo_Distribution: [1442,  224,  163, 4423, 1658,  542, 1705]
[Target Epoch 2] Classification Loss: 0.150 Affinity Loss: -0.177 Weight Loss: 0.447 LR: 0.000377
[Epoch 2] Target Validation accuracy: 0.5336. Loss: 1.694
best target-stage validation accuracy 0.5336
[Target Epoch 3] class mean confidence: [0.8003 0.7227 0.6629 0.8156 0.7231 0.7234 0.7119] global_mean: 0.7371 threshold_center: 0.8500
[Target Epoch 3] class-adaptive thresholds: [0.8816 0.8428 0.8129 0.8892 0.843  0.8431 0.8374]
[Target Epoch 3] Agreement_Num: 23792 Confident_Num: 11165 Pseudo_Distribution: [1605,  246,  182, 4663, 1862,  619, 1988]
[Target Epoch 3] Classification Loss: 0.135 Affinity Loss: -0.193 Weight Loss: 0.446 LR: 0.000358
[Epoch 3] Target Validation accuracy: 0.5375. Loss: 1.761
best target-stage validation accuracy 0.5375
[Target Epoch 4] class mean confidence: [0.81   0.739  0.6749 0.826  0.7353 0.7353 0.7266] global_mean: 0.7496 threshold_center: 0.8500
[Target Epoch 4] class-adaptive thresholds: [0.8802 0.8447 0.8127 0.8882 0.8428 0.8429 0.8385]
[Target Epoch 4] Agreement_Num: 23981 Confident_Num: 12135 Pseudo_Distribution: [1726,  273,  216, 4905, 2060,  672, 2283]
[Target Epoch 4] Classification Loss: 0.127 Affinity Loss: -0.205 Weight Loss: 0.444 LR: 0.000341
[Epoch 4] Target Validation accuracy: 0.5266. Loss: 1.827
[Target Epoch 5] class mean confidence: [0.8231 0.7553 0.6655 0.8333 0.7478 0.7462 0.7397] global_mean: 0.7587 threshold_center: 0.8500
[Target Epoch 5] class-adaptive thresholds: [0.8822 0.8483 0.8034 0.8873 0.8446 0.8438 0.8405]
[Target Epoch 5] Agreement_Num: 24144 Confident_Num: 12736 Pseudo_Distribution: [1759,  303,  251, 5072, 2180,  748, 2423]
[Target Epoch 5] Classification Loss: 0.119 Affinity Loss: -0.189 Weight Loss: 0.443 LR: 0.000324
[Epoch 5] Target Validation accuracy: 0.5428. Loss: 1.838
best target-stage validation accuracy 0.5428
[Target Epoch 6] class mean confidence: [0.83   0.7644 0.6835 0.8417 0.7557 0.7564 0.7549] global_mean: 0.7695 threshold_center: 0.8500
[Target Epoch 6] class-adaptive thresholds: [0.8802 0.8474 0.807  0.8861 0.8431 0.8434 0.8427]
[Target Epoch 6] Agreement_Num: 24318 Confident_Num: 13566 Pseudo_Distribution: [1854,  342,  257, 5312, 2362,  806, 2633]
[Target Epoch 6] Classification Loss: 0.114 Affinity Loss: -0.188 Weight Loss: 0.442 LR: 0.000307
[Epoch 6] Target Validation accuracy: 0.5472. Loss: 1.846
best target-stage validation accuracy 0.5472
[Target Epoch 7] class mean confidence: [0.8344 0.7929 0.6843 0.8507 0.7648 0.7615 0.7619] global_mean: 0.7787 threshold_center: 0.8500
[Target Epoch 7] class-adaptive thresholds: [0.8779 0.8571 0.8028 0.886  0.843  0.8414 0.8416]
[Target Epoch 7] Agreement_Num: 24577 Confident_Num: 14189 Pseudo_Distribution: [1960,  371,  274, 5483, 2427,  838, 2836]
[Target Epoch 7] Classification Loss: 0.105 Affinity Loss: -0.195 Weight Loss: 0.441 LR: 0.000292
[Epoch 7] Target Validation accuracy: 0.5489. Loss: 1.930
best target-stage validation accuracy 0.5489
[Target Epoch 8] class mean confidence: [0.84   0.7922 0.7037 0.858  0.7731 0.7733 0.7718] global_mean: 0.7874 threshold_center: 0.8500
[Target Epoch 8] class-adaptive thresholds: [0.8763 0.8524 0.8081 0.8853 0.8429 0.8429 0.8422]
[Target Epoch 8] Agreement_Num: 24703 Confident_Num: 14925 Pseudo_Distribution: [2040,  395,  326, 5592, 2626,  913, 3033]
[Target Epoch 8] Classification Loss: 0.105 Affinity Loss: -0.207 Weight Loss: 0.441 LR: 0.000277
[Epoch 8] Target Validation accuracy: 0.5408. Loss: 1.883
[Target Epoch 9] class mean confidence: [0.851  0.8009 0.712  0.8667 0.7848 0.7803 0.7812] global_mean: 0.7967 threshold_center: 0.8500
[Target Epoch 9] class-adaptive thresholds: [0.8771 0.8521 0.8076 0.885  0.8441 0.8418 0.8423]
[Target Epoch 9] Agreement_Num: 24788 Confident_Num: 15372 Pseudo_Distribution: [2085,  413,  330, 5706, 2688,  952, 3198]
[Target Epoch 9] Classification Loss: 0.097 Affinity Loss: -0.199 Weight Loss: 0.440 LR: 0.000264
[Epoch 9] Target Validation accuracy: 0.5506. Loss: 1.957
best target-stage validation accuracy 0.5506
[Target Epoch 10] class mean confidence: [0.8545 0.8202 0.7277 0.8689 0.791  0.7899 0.7887] global_mean: 0.8058 threshold_center: 0.8500
[Target Epoch 10] class-adaptive thresholds: [0.8743 0.8572 0.8109 0.8815 0.8426 0.842  0.8414]
[Target Epoch 10] Agreement_Num: 25027 Confident_Num: 16035 Pseudo_Distribution: [2141,  427,  337, 5853, 2894, 1001, 3382]
[Target Epoch 10] Classification Loss: 0.092 Affinity Loss: -0.194 Weight Loss: 0.439 LR: 0.000250
[Epoch 10] Target Validation accuracy: 0.5539. Loss: 2.016
best target-stage validation accuracy 0.5539
[Target Epoch 11] class mean confidence: [0.8597 0.8162 0.7298 0.8751 0.7985 0.7994 0.7983] global_mean: 0.8110 threshold_center: 0.8500
[Target Epoch 11] class-adaptive thresholds: [0.8743 0.8526 0.8094 0.882  0.8438 0.8442 0.8437]
[Target Epoch 11] Agreement_Num: 25120 Confident_Num: 16499 Pseudo_Distribution: [2187,  455,  356, 5910, 3017, 1047, 3527]
[Target Epoch 11] Classification Loss: 0.088 Affinity Loss: -0.186 Weight Loss: 0.438 LR: 0.000238
[Epoch 11] Target Validation accuracy: 0.5570. Loss: 1.983
best target-stage validation accuracy 0.5570
[Target Epoch 12] class mean confidence: [0.8662 0.8366 0.7392 0.8835 0.8036 0.806  0.8046] global_mean: 0.8199 threshold_center: 0.8500
[Target Epoch 12] class-adaptive thresholds: [0.8731 0.8583 0.8096 0.8818 0.8418 0.843  0.8423]
[Target Epoch 12] Agreement_Num: 25203 Confident_Num: 17062 Pseudo_Distribution: [2240,  467,  361, 6019, 3179, 1066, 3730]
[Target Epoch 12] Classification Loss: 0.087 Affinity Loss: -0.192 Weight Loss: 0.438 LR: 0.000226
[Epoch 12] Target Validation accuracy: 0.5475. Loss: 2.041
[Target Epoch 13] class mean confidence: [0.8729 0.8477 0.7532 0.8924 0.8153 0.8082 0.8149] global_mean: 0.8292 threshold_center: 0.8500
[Target Epoch 13] class-adaptive thresholds: [0.8719 0.8592 0.812  0.8816 0.8431 0.8395 0.8428]
[Target Epoch 13] Agreement_Num: 25342 Confident_Num: 17517 Pseudo_Distribution: [2259,  490,  362, 6166, 3270, 1118, 3852]
[Target Epoch 13] Classification Loss: 0.086 Affinity Loss: -0.184 Weight Loss: 0.437 LR: 0.000215
[Epoch 13] Target Validation accuracy: 0.5497. Loss: 2.052
[Target Epoch 14] class mean confidence: [0.8843 0.8518 0.7668 0.8963 0.8205 0.8182 0.8231] global_mean: 0.8373 threshold_center: 0.8573
[Target Epoch 14] class-adaptive thresholds: [0.8808 0.8645 0.8221 0.8868 0.8489 0.8477 0.8502]
[Target Epoch 14] Agreement_Num: 25409 Confident_Num: 17844 Pseudo_Distribution: [2294,  491,  374, 6186, 3333, 1143, 4023]
[Target Epoch 14] Classification Loss: 0.082 Affinity Loss: -0.202 Weight Loss: 0.437 LR: 0.000204
[Epoch 14] Target Validation accuracy: 0.5603. Loss: 2.042
best target-stage validation accuracy 0.5603
[Target Epoch 15] class mean confidence: [0.8903 0.866  0.7638 0.8988 0.8307 0.8337 0.8324] global_mean: 0.8451 threshold_center: 0.8651
[Target Epoch 15] class-adaptive thresholds: [0.8877 0.8755 0.8244 0.8919 0.8579 0.8594 0.8587]
[Target Epoch 15] Agreement_Num: 25545 Confident_Num: 17991 Pseudo_Distribution: [2275,  505,  371, 6277, 3356, 1134, 4073]
[Target Epoch 15] Classification Loss: 0.079 Affinity Loss: -0.184 Weight Loss: 0.436 LR: 0.000194
[Epoch 15] Target Validation accuracy: 0.5642. Loss: 2.043
best target-stage validation accuracy 0.5642
[Target Epoch 16] class mean confidence: [0.8914 0.8647 0.7944 0.9034 0.8365 0.8435 0.8408] global_mean: 0.8535 threshold_center: 0.8735
[Target Epoch 16] class-adaptive thresholds: [0.8925 0.8791 0.844  0.8985 0.865  0.8685 0.8672]
[Target Epoch 16] Agreement_Num: 25653 Confident_Num: 18235 Pseudo_Distribution: [2308,  514,  398, 6327, 3402, 1159, 4127]
[Target Epoch 16] Classification Loss: 0.071 Affinity Loss: -0.176 Weight Loss: 0.436 LR: 0.000184
[Epoch 16] Target Validation accuracy: 0.5589. Loss: 2.055
[Target Epoch 17] class mean confidence: [0.8973 0.8702 0.801  0.9085 0.8418 0.8452 0.8486] global_mean: 0.8589 threshold_center: 0.8789
[Target Epoch 17] class-adaptive thresholds: [0.8981 0.8846 0.8499 0.9037 0.8704 0.872  0.8737]
[Target Epoch 17] Agreement_Num: 25723 Confident_Num: 18315 Pseudo_Distribution: [2312,  533,  379, 6276, 3423, 1168, 4224]
[Target Epoch 17] Classification Loss: 0.070 Affinity Loss: -0.192 Weight Loss: 0.435 LR: 0.000175
[Epoch 17] Target Validation accuracy: 0.5614. Loss: 2.096
[Target Epoch 18] class mean confidence: [0.9042 0.8861 0.7969 0.9145 0.8484 0.8485 0.8524] global_mean: 0.8644 threshold_center: 0.8844
[Target Epoch 18] class-adaptive thresholds: [0.9043 0.8952 0.8506 0.9095 0.8764 0.8764 0.8784]
[Target Epoch 18] Agreement_Num: 25792 Confident_Num: 18664 Pseudo_Distribution: [2336,  538,  394, 6344, 3536, 1206, 4310]
[Target Epoch 18] Classification Loss: 0.071 Affinity Loss: -0.188 Weight Loss: 0.435 LR: 0.000166
[Epoch 18] Target Validation accuracy: 0.5648. Loss: 2.114
best target-stage validation accuracy 0.5648
[Target Epoch 19] class mean confidence: [0.9109 0.877  0.8131 0.9183 0.8562 0.854  0.8612] global_mean: 0.8701 threshold_center: 0.8901
[Target Epoch 19] class-adaptive thresholds: [0.9105 0.8936 0.8616 0.9142 0.8831 0.882  0.8857]
[Target Epoch 19] Agreement_Num: 25897 Confident_Num: 18851 Pseudo_Distribution: [2359,  537,  385, 6376, 3588, 1229, 4377]
[Target Epoch 19] Classification Loss: 0.065 Affinity Loss: -0.187 Weight Loss: 0.435 LR: 0.000158
[Epoch 19] Target Validation accuracy: 0.5612. Loss: 2.133
[Target Epoch 20] class mean confidence: [0.9113 0.8873 0.8194 0.9215 0.8604 0.8664 0.8652] global_mean: 0.8759 threshold_center: 0.8959
[Target Epoch 20] class-adaptive thresholds: [0.9136 0.9016 0.8677 0.9187 0.8881 0.8912 0.8906]
[Target Epoch 20] Agreement_Num: 25908 Confident_Num: 19019 Pseudo_Distribution: [2377,  548,  402, 6379, 3665, 1208, 4440]
[Target Epoch 20] Classification Loss: 0.060 Affinity Loss: -0.177 Weight Loss: 0.434 LR: 0.000150
[Epoch 20] Target Validation accuracy: 0.5614. Loss: 2.255
[Target Epoch 21] class mean confidence: [0.9135 0.8873 0.8199 0.9261 0.8674 0.8642 0.8734] global_mean: 0.8788 threshold_center: 0.8988
[Target Epoch 21] class-adaptive thresholds: [0.9161 0.9031 0.8694 0.9225 0.8931 0.8915 0.8961]
[Target Epoch 21] Agreement_Num: 26032 Confident_Num: 19247 Pseudo_Distribution: [2391,  552,  410, 6417, 3732, 1242, 4503]
[Target Epoch 21] Classification Loss: 0.060 Affinity Loss: -0.194 Weight Loss: 0.434 LR: 0.000142
[Epoch 21] Target Validation accuracy: 0.5628. Loss: 2.259
[Target Epoch 22] class mean confidence: [0.9218 0.8933 0.8319 0.9285 0.8701 0.8713 0.881 ] global_mean: 0.8854 threshold_center: 0.9054
[Target Epoch 22] class-adaptive thresholds: [0.9236 0.9093 0.8787 0.9269 0.8978 0.8983 0.9032]
[Target Epoch 22] Agreement_Num: 26100 Confident_Num: 19340 Pseudo_Distribution: [2359,  564,  419, 6406, 3796, 1250, 4546]
[Target Epoch 22] Classification Loss: 0.058 Affinity Loss: -0.172 Weight Loss: 0.434 LR: 0.000135
[Epoch 22] Target Validation accuracy: 0.5645. Loss: 2.266
[Target Epoch 23] class mean confidence: [0.9217 0.9018 0.834  0.9325 0.873  0.8828 0.8852] global_mean: 0.8902 threshold_center: 0.9102
[Target Epoch 23] class-adaptive thresholds: [0.9259 0.916  0.8821 0.9313 0.9016 0.9065 0.9077]
[Target Epoch 23] Agreement_Num: 26121 Confident_Num: 19468 Pseudo_Distribution: [2402,  578,  420, 6427, 3793, 1242, 4606]
[Target Epoch 23] Classification Loss: 0.057 Affinity Loss: -0.181 Weight Loss: 0.434 LR: 0.000129
[Epoch 23] Target Validation accuracy: 0.5651. Loss: 2.192
best target-stage validation accuracy 0.5651
[Target Epoch 24] class mean confidence: [0.925  0.9049 0.8527 0.9347 0.8817 0.8863 0.8865] global_mean: 0.8960 threshold_center: 0.9160
[Target Epoch 24] class-adaptive thresholds: [0.9305 0.9204 0.8943 0.9353 0.9088 0.9111 0.9112]
[Target Epoch 24] Agreement_Num: 26201 Confident_Num: 19601 Pseudo_Distribution: [2411,  585,  427, 6430, 3847, 1244, 4657]
[Target Epoch 24] Classification Loss: 0.054 Affinity Loss: -0.173 Weight Loss: 0.434 LR: 0.000122
[Epoch 24] Target Validation accuracy: 0.5617. Loss: 2.236
[Target Epoch 25] class mean confidence: [0.9271 0.9072 0.8504 0.935  0.8855 0.8859 0.8953] global_mean: 0.8980 threshold_center: 0.9180
[Target Epoch 25] class-adaptive thresholds: [0.9325 0.9226 0.8942 0.9365 0.9118 0.912  0.9167]
[Target Epoch 25] Agreement_Num: 26218 Confident_Num: 19775 Pseudo_Distribution: [2430,  577,  437, 6439, 3916, 1268, 4708]
[Target Epoch 25] Classification Loss: 0.054 Affinity Loss: -0.184 Weight Loss: 0.433 LR: 0.000116
[Epoch 25] Target Validation accuracy: 0.5634. Loss: 2.319
[Target Epoch 26] class mean confidence: [0.9334 0.9063 0.8574 0.9386 0.8884 0.8921 0.8987] global_mean: 0.9021 threshold_center: 0.9221
[Target Epoch 26] class-adaptive thresholds: [0.9378 0.9242 0.8998 0.9404 0.9152 0.9171 0.9204]
[Target Epoch 26] Agreement_Num: 26219 Confident_Num: 19884 Pseudo_Distribution: [2402,  593,  456, 6477, 3967, 1287, 4702]
[Target Epoch 26] Classification Loss: 0.053 Affinity Loss: -0.171 Weight Loss: 0.433 LR: 0.000110
[Epoch 26] Target Validation accuracy: 0.5651. Loss: 2.364
[Target Epoch 27] class mean confidence: [0.9318 0.9083 0.8625 0.9422 0.8939 0.8933 0.9041] global_mean: 0.9051 threshold_center: 0.9251
[Target Epoch 27] class-adaptive thresholds: [0.9384 0.9267 0.9038 0.9437 0.9195 0.9192 0.9246]
[Target Epoch 27] Agreement_Num: 26288 Confident_Num: 19986 Pseudo_Distribution: [2447,  586,  463, 6479, 3958, 1282, 4771]
[Target Epoch 27] Classification Loss: 0.050 Affinity Loss: -0.197 Weight Loss: 0.433 LR: 0.000105
[Epoch 27] Target Validation accuracy: 0.5620. Loss: 2.299
[Target Epoch 28] class mean confidence: [0.9364 0.9196 0.8682 0.9449 0.8944 0.9005 0.9068] global_mean: 0.9101 threshold_center: 0.9301
[Target Epoch 28] class-adaptive thresholds: [0.9432 0.9348 0.9091 0.9475 0.9222 0.9253 0.9284]
[Target Epoch 28] Agreement_Num: 26257 Confident_Num: 20085 Pseudo_Distribution: [2438,  604,  470, 6447, 4041, 1291, 4794]
[Target Epoch 28] Classification Loss: 0.051 Affinity Loss: -0.194 Weight Loss: 0.433 LR: 0.000099
[Epoch 28] Target Validation accuracy: 0.5634. Loss: 2.312
[Target Epoch 29] class mean confidence: [0.9391 0.9142 0.8647 0.9441 0.9    0.9032 0.91  ] global_mean: 0.9107 threshold_center: 0.9307
[Target Epoch 29] class-adaptive thresholds: [0.9449 0.9325 0.9077 0.9474 0.9254 0.927  0.9304]
[Target Epoch 29] Agreement_Num: 26318 Confident_Num: 20202 Pseudo_Distribution: [2434,  612,  471, 6462, 4092, 1312, 4819]
[Target Epoch 29] Classification Loss: 0.050 Affinity Loss: -0.182 Weight Loss: 0.432 LR: 0.000094
[Epoch 29] Target Validation accuracy: 0.5665. Loss: 2.344
best target-stage validation accuracy 0.5665
[Epoch 30] Target Test accuracy: 0.5617. Loss: 2.304
best source-stage validation accuracy 0.5107
best target-stage validation accuracy 0.5665
selected validation accuracy 0.5665
final target test accuracy 0.5617
