Device: cuda
Loaded checkpoint (strict=True): ./models/rafdb_fer/resnet50_rafdb_fer_0.5469.pth
Source images: 12271 | Unlabelled target images: 28709
new.py:265: FutureWarning: `torch.cuda.amp.GradScaler(args...)` is deprecated. Please use `torch.amp.GradScaler('cuda', args...)` instead.
  scaler = torch.cuda.amp.GradScaler(enabled=amp)
new.py:289: FutureWarning: `torch.cuda.amp.autocast(args...)` is deprecated. Please use `torch.amp.autocast('cuda', args...)` instead.
  with torch.no_grad(), torch.cuda.amp.autocast(enabled=amp):
new.py:302: FutureWarning: `torch.cuda.amp.autocast(args...)` is deprecated. Please use `torch.amp.autocast('cuda', args...)` instead.
  with torch.cuda.amp.autocast(enabled=amp):
Epoch 01/12 | source CE 0.0289 | masked target CE 0.0371 | selected 56.7% | lambda_u 0.333 | lr 0.0000500 | 64.5s
Selected pseudo-label counts: [2599, 128, 23, 4083, 3552, 1696, 4168]
Epoch 02/12 | source CE 0.0245 | masked target CE 0.0307 | selected 57.4% | lambda_u 0.667 | lr 0.0000492 | 62.3s
Selected pseudo-label counts: [2609, 122, 23, 4165, 3538, 1690, 4303]
Epoch 03/12 | source CE 0.0243 | masked target CE 0.0269 | selected 59.0% | lambda_u 1.000 | lr 0.0000470 | 62.4s
Selected pseudo-label counts: [2648, 116, 23, 4289, 3614, 1759, 4459]
Epoch 04/12 | source CE 0.0240 | masked target CE 0.0277 | selected 60.9% | lambda_u 1.000 | lr 0.0000434 | 62.3s
Selected pseudo-label counts: [2711, 109, 35, 4400, 3768, 1786, 4662]
Epoch 05/12 | source CE 0.0235 | masked target CE 0.0274 | selected 62.9% | lambda_u 1.000 | lr 0.0000387 | 62.7s
Selected pseudo-label counts: [2783, 112, 37, 4529, 3899, 1860, 4829]
Epoch 06/12 | source CE 0.0212 | masked target CE 0.0261 | selected 64.3% | lambda_u 1.000 | lr 0.0000333 | 62.6s
Selected pseudo-label counts: [2827, 110, 41, 4607, 3960, 1884, 5020]
Epoch 07/12 | source CE 0.0207 | masked target CE 0.0272 | selected 66.1% | lambda_u 1.000 | lr 0.0000275 | 62.6s
Selected pseudo-label counts: [2865, 105, 37, 4725, 4103, 1934, 5189]
Epoch 08/12 | source CE 0.0210 | masked target CE 0.0266 | selected 67.7% | lambda_u 1.000 | lr 0.0000217 | 62.7s
Selected pseudo-label counts: [2898, 106, 41, 4806, 4279, 1974, 5318]
Epoch 09/12 | source CE 0.0217 | masked target CE 0.0276 | selected 69.0% | lambda_u 1.000 | lr 0.0000163 | 62.6s
Selected pseudo-label counts: [2945, 114, 45, 4872, 4359, 2002, 5445]
Epoch 10/12 | source CE 0.0196 | masked target CE 0.0275 | selected 70.3% | lambda_u 1.000 | lr 0.0000116 | 62.3s
Selected pseudo-label counts: [2998, 111, 42, 4937, 4471, 2024, 5577]
Epoch 11/12 | source CE 0.0200 | masked target CE 0.0276 | selected 71.2% | lambda_u 1.000 | lr 0.0000080 | 62.7s
Selected pseudo-label counts: [3008, 103, 45, 5000, 4562, 2051, 5644]
Epoch 12/12 | source CE 0.0195 | masked target CE 0.0291 | selected 72.3% | lambda_u 1.000 | lr 0.0000058 | 62.7s
Selected pseudo-label counts: [3033, 110, 44, 5039, 4645, 2091, 5773]
Finished. Teacher: models/rafdb_fer/fast_r50/final_teacher.pth
