---------------------------------------------------------------------------------------
CAST Prototype Recovery v2: mobilenet_v2 with source rafdb and target fer
alpha(w1):4.0 beta(w2):0.3 gamma(w3):0.1 ema:0.999 tau0:0.85 threshold_beta:0.5 margin:0.02 threshold_range:[0.8,0.95]
prototype weight:0.1 temp:0.2 momentum:0.99 source_anchor:0.5 warmup:3 ramp:5
temporal mode:observe momentum:0.7 min_streak:2 warmup:2 target_soft_weight:0.0 eval_ema:True run_name:recovery_base_s1314
seed:1314 source_balance_power:0.0 source_balance_max_ratio:2.0
---------------------------------------------------------------------------------------
The dataset distribute: 1290, 281, 717, 4772, 1982, 705, 2524
The dataset distribute: 1290, 281, 717, 4772, 1982, 705, 2524
FER train split (train), samples: 28709
The dataset distribute: 3171, 4097, 436, 7215, 4830, 3995, 4965
FER train split (train), samples: 28709
The dataset distribute: 3171, 4097, 436, 7215, 4830, 3995, 4965
FER val split (val), samples: 3589
The dataset distribute: 415, 496, 56, 895, 653, 467, 607
FER test split (test), samples: 3589
The dataset distribute: 416, 528, 55, 879, 594, 491, 626
Loading pretrained weights... models/rafdb_fer/mobilenet_v2_rafdb_fer_prototype_consistency_v1_source_best.pth
Input checkpoint SHA256: 34e2412ce2618b153951dd8eda56a41571816fd2aa2a7e9e328d984e2bed0cdd
[Epoch -1] Target Validation Source accuracy: 0.5107. Loss: 1.612
[Epoch -1] Target Validation Source recall [surprise, fear, disgust, happy, sad, angry, neutral]: [0.6867 0.0766 0.4286 0.8257 0.487  0.2441 0.5189] Macro Recall: 0.4668
Target RNG reset to seed 1314; source/target/threshold loaders use independent streams
Target train path-order SHA256: 9727131c2f4c4e4dedbd39e94f5353a97cd0d16dbbe21b4df3bb5a8384e25b33
Target initial LR: 0.00044013
source prototype counts: [1290,  281,  717, 4772, 1982,  705, 2524]
Target-stage labeled-source class weights: [1. 1. 1. 1. 1. 1. 1.]
[Target Epoch 0] class mean confidence: [0.7622 0.6766 0.6224 0.7854 0.7037 0.6763 0.6787] global_mean: 0.7008 threshold_center: 0.8500
[Target Epoch 0] class-adaptive thresholds: [0.8807 0.8379 0.8108 0.8923 0.8515 0.8378 0.839 ]
[Target Epoch 0] Agreement_Num: 22752 Confident_Num: 7923 Pseudo_Distribution: [1097,  162,  129, 3645, 1339,  401, 1150]
[Target Epoch 0] Dual_Pseudo_Distribution: [1097,  162,  129, 3645, 1339,  401, 1150] SoftWeight: 0.0000
[Target Epoch 0] Temporal_Stable: 0/7923 History_Disagrees: 0 Label_Flips: 0 Retention_By_Class: [1. 1. 1. 1. 1. 1. 1.] Warmup: True
[Target Epoch 0] Temporal_Mode: observe Rejected_By_Class: [0, 0, 0, 0, 0, 0, 0]
[Target Epoch 0] Source CE: 0.1800 Target CE: 0.2435 Accepted_Targets: 7923
[Target Epoch 0] Prototype_Agreement: 7909/7923 (0.9982) Mean_Assigned_Cosine: 0.9807 Target_Prototype_Counts: [1097,  162,  129, 3645, 1339,  401, 1150]
[Target Epoch 0] Classification Loss: 0.194 Affinity Loss: -0.173 Weight Loss: 0.449 Prototype Loss: 0.564 ProtoWeight: 0.0000 LR: 0.000418
[Epoch 0] Target Validation Student accuracy: 0.5118. Loss: 1.703
[Epoch 0] Target Validation Student recall [surprise, fear, disgust, happy, sad, angry, neutral]: [0.7759 0.0484 0.4107 0.7642 0.4273 0.3212 0.5848] Macro Recall: 0.4761
[Epoch 0] Target Validation EMA accuracy: 0.5191. Loss: 1.604
[Epoch 0] Target Validation EMA recall [surprise, fear, disgust, happy, sad, angry, neutral]: [0.7084 0.0786 0.4643 0.8212 0.4885 0.2655 0.5371] Macro Recall: 0.4805
best target-stage validation accuracy 0.5191 (ema_teacher)
[Target Epoch 1] class mean confidence: [0.7745 0.686  0.6301 0.7936 0.7092 0.6904 0.6878] global_mean: 0.7102 threshold_center: 0.8500
[Target Epoch 1] class-adaptive thresholds: [0.8822 0.8379 0.8099 0.8917 0.8495 0.8401 0.8388]
[Target Epoch 1] Agreement_Num: 23020 Confident_Num: 9109 Pseudo_Distribution: [1239,  183,  151, 4090, 1511,  478, 1457]
[Target Epoch 1] Dual_Pseudo_Distribution: [1239,  183,  151, 4090, 1511,  478, 1457] SoftWeight: 0.0000
[Target Epoch 1] Temporal_Stable: 6537/9109 History_Disagrees: 38 Label_Flips: 5776 Retention_By_Class: [1. 1. 1. 1. 1. 1. 1.] Warmup: True
[Target Epoch 1] Temporal_Mode: observe Rejected_By_Class: [0, 0, 0, 0, 0, 0, 0]
[Target Epoch 1] Source CE: 0.1530 Target CE: 0.2147 Accepted_Targets: 9109
[Target Epoch 1] Prototype_Agreement: 9090/9109 (0.9979) Mean_Assigned_Cosine: 0.9802 Target_Prototype_Counts: [2336,  345,  280, 7735, 2850,  879, 2607]
[Target Epoch 1] Classification Loss: 0.168 Affinity Loss: -0.187 Weight Loss: 0.448 Prototype Loss: 0.558 ProtoWeight: 0.0000 LR: 0.000397
[Epoch 1] Target Validation Student accuracy: 0.5149. Loss: 1.712
[Epoch 1] Target Validation Student recall [surprise, fear, disgust, happy, sad, angry, neutral]: [0.7398 0.0706 0.4643 0.8011 0.4533 0.2741 0.5585] Macro Recall: 0.4802
[Epoch 1] Target Validation EMA accuracy: 0.5230. Loss: 1.603
[Epoch 1] Target Validation EMA recall [surprise, fear, disgust, happy, sad, angry, neutral]: [0.7229 0.0786 0.4464 0.8201 0.4839 0.2677 0.5568] Macro Recall: 0.4824
best target-stage validation accuracy 0.5230 (ema_teacher)
[Target Epoch 2] class mean confidence: [0.7848 0.6946 0.6573 0.8073 0.7175 0.7092 0.7026] global_mean: 0.7248 threshold_center: 0.8500
[Target Epoch 2] class-adaptive thresholds: [0.88   0.8349 0.8163 0.8913 0.8464 0.8422 0.8389]
[Target Epoch 2] Agreement_Num: 23459 Confident_Num: 10034 Pseudo_Distribution: [1431,  214,  162, 4335, 1652,  527, 1713]
[Target Epoch 2] Dual_Pseudo_Distribution: [1431,  214,  162, 4335, 1652,  527, 1713] SoftWeight: 0.0000
[Target Epoch 2] Temporal_Stable: 7630/10034 History_Disagrees: 33 Label_Flips: 5484 Retention_By_Class: [1. 1. 1. 1. 1. 1. 1.] Warmup: False
[Target Epoch 2] Temporal_Mode: observe Rejected_By_Class: [0, 0, 0, 0, 0, 0, 0]
[Target Epoch 2] Source CE: 0.1298 Target CE: 0.1889 Accepted_Targets: 10034
[Target Epoch 2] Prototype_Agreement: 10015/10034 (0.9981) Mean_Assigned_Cosine: 0.9786 Target_Prototype_Counts: [ 3767,   559,   442, 12070,  4502,  1406,  4320]
[Target Epoch 2] Classification Loss: 0.145 Affinity Loss: -0.190 Weight Loss: 0.446 Prototype Loss: 0.529 ProtoWeight: 0.0000 LR: 0.000377
[Epoch 2] Target Validation Student accuracy: 0.5219. Loss: 1.719
[Epoch 2] Target Validation Student recall [surprise, fear, disgust, happy, sad, angry, neutral]: [0.7277 0.0988 0.3571 0.781  0.4625 0.3747 0.5371] Macro Recall: 0.4770
[Epoch 2] Target Validation EMA accuracy: 0.5288. Loss: 1.607
[Epoch 2] Target Validation EMA recall [surprise, fear, disgust, happy, sad, angry, neutral]: [0.7229 0.0827 0.4464 0.8223 0.4839 0.2762 0.5783] Macro Recall: 0.4875
best target-stage validation accuracy 0.5288 (ema_teacher)
[Target Epoch 3] class mean confidence: [0.7993 0.7101 0.6508 0.8176 0.7278 0.7119 0.7156] global_mean: 0.7333 threshold_center: 0.8500
[Target Epoch 3] class-adaptive thresholds: [0.883  0.8384 0.8087 0.8922 0.8472 0.8393 0.8411]
[Target Epoch 3] Agreement_Num: 23602 Confident_Num: 10935 Pseudo_Distribution: [1593,  236,  216, 4553, 1780,  598, 1959]
[Target Epoch 3] Dual_Pseudo_Distribution: [1593,  236,  216, 4553, 1780,  598, 1959] SoftWeight: 0.0000
[Target Epoch 3] Temporal_Stable: 8560/10935 History_Disagrees: 29 Label_Flips: 5187 Retention_By_Class: [1. 1. 1. 1. 1. 1. 1.] Warmup: False
[Target Epoch 3] Temporal_Mode: observe Rejected_By_Class: [0, 0, 0, 0, 0, 0, 0]
[Target Epoch 3] Source CE: 0.1175 Target CE: 0.1848 Accepted_Targets: 10935
[Target Epoch 3] Prototype_Agreement: 10923/10935 (0.9989) Mean_Assigned_Cosine: 0.9768 Target_Prototype_Counts: [ 5360,   795,   658, 16623,  6282,  2004,  6279]
[Target Epoch 3] Classification Loss: 0.136 Affinity Loss: -0.192 Weight Loss: 0.446 Prototype Loss: 0.496 ProtoWeight: 0.0200 LR: 0.000358
[Epoch 3] Target Validation Student accuracy: 0.5325. Loss: 1.780
[Epoch 3] Target Validation Student recall [surprise, fear, disgust, happy, sad, angry, neutral]: [0.7422 0.0867 0.4286 0.7844 0.4564 0.3169 0.6392] Macro Recall: 0.4935
[Epoch 3] Target Validation EMA accuracy: 0.5322. Loss: 1.619
[Epoch 3] Target Validation EMA recall [surprise, fear, disgust, happy, sad, angry, neutral]: [0.7277 0.0786 0.4464 0.8268 0.4885 0.2869 0.5783] Macro Recall: 0.4905
best target-stage validation accuracy 0.5325 (student)
[Target Epoch 4] class mean confidence: [0.8078 0.7211 0.6609 0.8244 0.7358 0.7326 0.7293] global_mean: 0.7445 threshold_center: 0.8500
[Target Epoch 4] class-adaptive thresholds: [0.8816 0.8383 0.8082 0.8899 0.8456 0.844  0.8424]
[Target Epoch 4] Agreement_Num: 23998 Confident_Num: 11932 Pseudo_Distribution: [1734,  290,  235, 4813, 1968,  676, 2216]
[Target Epoch 4] Dual_Pseudo_Distribution: [1734,  290,  235, 4813, 1968,  676, 2216] SoftWeight: 0.0000
[Target Epoch 4] Temporal_Stable: 9490/11932 History_Disagrees: 28 Label_Flips: 5002 Retention_By_Class: [1. 1. 1. 1. 1. 1. 1.] Warmup: False
[Target Epoch 4] Temporal_Mode: observe Rejected_By_Class: [0, 0, 0, 0, 0, 0, 0]
[Target Epoch 4] Source CE: 0.1061 Target CE: 0.1822 Accepted_Targets: 11932
[Target Epoch 4] Prototype_Agreement: 11921/11932 (0.9991) Mean_Assigned_Cosine: 0.9738 Target_Prototype_Counts: [ 7094,  1085,   893, 21436,  8250,  2680,  8495]
[Target Epoch 4] Classification Loss: 0.128 Affinity Loss: -0.192 Weight Loss: 0.445 Prototype Loss: 0.460 ProtoWeight: 0.0400 LR: 0.000341
[Epoch 4] Target Validation Student accuracy: 0.5283. Loss: 1.709
[Epoch 4] Target Validation Student recall [surprise, fear, disgust, happy, sad, angry, neutral]: [0.6554 0.1472 0.2857 0.8358 0.5207 0.3126 0.4959] Macro Recall: 0.4648
[Epoch 4] Target Validation EMA accuracy: 0.5361. Loss: 1.632
[Epoch 4] Target Validation EMA recall [surprise, fear, disgust, happy, sad, angry, neutral]: [0.7325 0.0786 0.4286 0.8279 0.49   0.3019 0.5848] Macro Recall: 0.4921
best target-stage validation accuracy 0.5361 (ema_teacher)
[Target Epoch 5] class mean confidence: [0.8184 0.7381 0.6768 0.831  0.7471 0.7514 0.7429] global_mean: 0.7580 threshold_center: 0.8500
[Target Epoch 5] class-adaptive thresholds: [0.8802 0.8401 0.8094 0.8865 0.8445 0.8467 0.8424]
[Target Epoch 5] Agreement_Num: 24114 Confident_Num: 12720 Pseudo_Distribution: [1844,  323,  249, 5020, 2126,  715, 2443]
[Target Epoch 5] Dual_Pseudo_Distribution: [1844,  323,  249, 5020, 2126,  715, 2443] SoftWeight: 0.0000
[Target Epoch 5] Temporal_Stable: 10483/12720 History_Disagrees: 15 Label_Flips: 4851 Retention_By_Class: [1. 1. 1. 1. 1. 1. 1.] Warmup: False
[Target Epoch 5] Temporal_Mode: observe Rejected_By_Class: [0, 0, 0, 0, 0, 0, 0]
[Target Epoch 5] Source CE: 0.0962 Target CE: 0.1713 Accepted_Targets: 12720
[Target Epoch 5] Prototype_Agreement: 12696/12720 (0.9981) Mean_Assigned_Cosine: 0.9706 Target_Prototype_Counts: [ 8938,  1408,  1142, 26456, 10376,  3395, 10938]
[Target Epoch 5] Classification Loss: 0.119 Affinity Loss: -0.192 Weight Loss: 0.444 Prototype Loss: 0.403 ProtoWeight: 0.0600 LR: 0.000324
[Epoch 5] Target Validation Student accuracy: 0.5417. Loss: 1.800
[Epoch 5] Target Validation Student recall [surprise, fear, disgust, happy, sad, angry, neutral]: [0.7325 0.0766 0.3393 0.8425 0.5191 0.3148 0.5651] Macro Recall: 0.4843
[Epoch 5] Target Validation EMA accuracy: 0.5417. Loss: 1.645
[Epoch 5] Target Validation EMA recall [surprise, fear, disgust, happy, sad, angry, neutral]: [0.7398 0.0827 0.4286 0.8279 0.4977 0.3105 0.5947] Macro Recall: 0.4974
best target-stage validation accuracy 0.5417 (student)
[Target Epoch 6] class mean confidence: [0.8243 0.7538 0.677  0.8438 0.7549 0.7563 0.7513] global_mean: 0.7659 threshold_center: 0.8500
[Target Epoch 6] class-adaptive thresholds: [0.8792 0.8439 0.8055 0.889  0.8445 0.8452 0.8427]
[Target Epoch 6] Agreement_Num: 24415 Confident_Num: 13524 Pseudo_Distribution: [1967,  336,  283, 5167, 2279,  783, 2709]
[Target Epoch 6] Dual_Pseudo_Distribution: [1967,  336,  283, 5167, 2279,  783, 2709] SoftWeight: 0.0000
[Target Epoch 6] Temporal_Stable: 11298/13524 History_Disagrees: 25 Label_Flips: 4611 Retention_By_Class: [1. 1. 1. 1. 1. 1. 1.] Warmup: False
[Target Epoch 6] Temporal_Mode: observe Rejected_By_Class: [0, 0, 0, 0, 0, 0, 0]
[Target Epoch 6] Source CE: 0.0864 Target CE: 0.1697 Accepted_Targets: 13524
[Target Epoch 6] Prototype_Agreement: 13496/13524 (0.9979) Mean_Assigned_Cosine: 0.9675 Target_Prototype_Counts: [10905,  1744,  1425, 31623, 12655,  4178, 13647]
[Target Epoch 6] Classification Loss: 0.113 Affinity Loss: -0.187 Weight Loss: 0.445 Prototype Loss: 0.392 ProtoWeight: 0.0800 LR: 0.000307
[Epoch 6] Target Validation Student accuracy: 0.5450. Loss: 1.773
[Epoch 6] Target Validation Student recall [surprise, fear, disgust, happy, sad, angry, neutral]: [0.7542 0.0504 0.4286 0.8223 0.4931 0.3298 0.6293] Macro Recall: 0.5011
[Epoch 6] Target Validation EMA accuracy: 0.5422. Loss: 1.664
[Epoch 6] Target Validation EMA recall [surprise, fear, disgust, happy, sad, angry, neutral]: [0.7373 0.0766 0.4107 0.8279 0.4931 0.3191 0.6046] Macro Recall: 0.4956
best target-stage validation accuracy 0.5450 (student)
[Target Epoch 7] class mean confidence: [0.8292 0.7783 0.7032 0.8511 0.7628 0.7685 0.7619] global_mean: 0.7793 threshold_center: 0.8500
[Target Epoch 7] class-adaptive thresholds: [0.8749 0.8495 0.8119 0.8859 0.8418 0.8446 0.8413]
[Target Epoch 7] Agreement_Num: 24555 Confident_Num: 14243 Pseudo_Distribution: [2069,  357,  306, 5290, 2460,  867, 2894]
[Target Epoch 7] Dual_Pseudo_Distribution: [2069,  357,  306, 5290, 2460,  867, 2894] SoftWeight: 0.0000
[Target Epoch 7] Temporal_Stable: 12091/14243 History_Disagrees: 24 Label_Flips: 4363 Retention_By_Class: [1. 1. 1. 1. 1. 1. 1.] Warmup: False
[Target Epoch 7] Temporal_Mode: observe Rejected_By_Class: [0, 0, 0, 0, 0, 0, 0]
[Target Epoch 7] Source CE: 0.0798 Target CE: 0.1665 Accepted_Targets: 14243
[Target Epoch 7] Prototype_Agreement: 14217/14243 (0.9982) Mean_Assigned_Cosine: 0.9649 Target_Prototype_Counts: [12974,  2101,  1731, 36913, 15115,  5045, 16541]
[Target Epoch 7] Classification Loss: 0.108 Affinity Loss: -0.169 Weight Loss: 0.445 Prototype Loss: 0.375 ProtoWeight: 0.1000 LR: 0.000292
[Epoch 7] Target Validation Student accuracy: 0.5492. Loss: 1.829
[Epoch 7] Target Validation Student recall [surprise, fear, disgust, happy, sad, angry, neutral]: [0.759  0.0907 0.3571 0.8034 0.5743 0.2912 0.5947] Macro Recall: 0.4958
[Epoch 7] Target Validation EMA accuracy: 0.5425. Loss: 1.678
[Epoch 7] Target Validation EMA recall [surprise, fear, disgust, happy, sad, angry, neutral]: [0.7398 0.0746 0.3929 0.8268 0.4962 0.3212 0.6046] Macro Recall: 0.4937
best target-stage validation accuracy 0.5492 (student)
[Target Epoch 8] class mean confidence: [0.8415 0.7902 0.708  0.8583 0.771  0.7718 0.7726] global_mean: 0.7876 threshold_center: 0.8500
[Target Epoch 8] class-adaptive thresholds: [0.8769 0.8513 0.8102 0.8853 0.8417 0.8421 0.8425]
[Target Epoch 8] Agreement_Num: 24706 Confident_Num: 14911 Pseudo_Distribution: [2148,  360,  349, 5430, 2627,  903, 3094]
[Target Epoch 8] Dual_Pseudo_Distribution: [2148,  360,  349, 5430, 2627,  903, 3094] SoftWeight: 0.0000
[Target Epoch 8] Temporal_Stable: 12799/14911 History_Disagrees: 18 Label_Flips: 4180 Retention_By_Class: [1. 1. 1. 1. 1. 1. 1.] Warmup: False
[Target Epoch 8] Temporal_Mode: observe Rejected_By_Class: [0, 0, 0, 0, 0, 0, 0]
[Target Epoch 8] Source CE: 0.0738 Target CE: 0.1517 Accepted_Targets: 14911
[Target Epoch 8] Prototype_Agreement: 14877/14911 (0.9977) Mean_Assigned_Cosine: 0.9621 Target_Prototype_Counts: [15122,  2461,  2080, 42343, 17742,  5948, 19635]
[Target Epoch 8] Classification Loss: 0.100 Affinity Loss: -0.166 Weight Loss: 0.445 Prototype Loss: 0.345 ProtoWeight: 0.1000 LR: 0.000277
[Epoch 8] Target Validation Student accuracy: 0.5508. Loss: 1.883
[Epoch 8] Target Validation Student recall [surprise, fear, disgust, happy, sad, angry, neutral]: [0.7446 0.0625 0.3393 0.8156 0.5145 0.3812 0.6161] Macro Recall: 0.4963
[Epoch 8] Target Validation EMA accuracy: 0.5436. Loss: 1.694
[Epoch 8] Target Validation EMA recall [surprise, fear, disgust, happy, sad, angry, neutral]: [0.7494 0.0685 0.375  0.8313 0.5008 0.3105 0.6079] Macro Recall: 0.4919
best target-stage validation accuracy 0.5508 (student)
[Target Epoch 9] class mean confidence: [0.8525 0.7992 0.71   0.8649 0.779  0.7882 0.783 ] global_mean: 0.7967 threshold_center: 0.8500
[Target Epoch 9] class-adaptive thresholds: [0.8779 0.8513 0.8066 0.8841 0.8412 0.8457 0.8431]
[Target Epoch 9] Agreement_Num: 24780 Confident_Num: 15544 Pseudo_Distribution: [2221,  385,  361, 5610, 2781,  939, 3247]
[Target Epoch 9] Dual_Pseudo_Distribution: [2221,  385,  361, 5610, 2781,  939, 3247] SoftWeight: 0.0000
[Target Epoch 9] Temporal_Stable: 13483/15544 History_Disagrees: 21 Label_Flips: 3949 Retention_By_Class: [1. 1. 1. 1. 1. 1. 1.] Warmup: False
[Target Epoch 9] Temporal_Mode: observe Rejected_By_Class: [0, 0, 0, 0, 0, 0, 0]
[Target Epoch 9] Source CE: 0.0656 Target CE: 0.1551 Accepted_Targets: 15544
[Target Epoch 9] Prototype_Agreement: 15516/15544 (0.9982) Mean_Assigned_Cosine: 0.9600 Target_Prototype_Counts: [17343,  2846,  2441, 47953, 20523,  6887, 22882]
[Target Epoch 9] Classification Loss: 0.097 Affinity Loss: -0.155 Weight Loss: 0.445 Prototype Loss: 0.345 ProtoWeight: 0.1000 LR: 0.000264
[Epoch 9] Target Validation Student accuracy: 0.5467. Loss: 1.991
[Epoch 9] Target Validation Student recall [surprise, fear, disgust, happy, sad, angry, neutral]: [0.7422 0.0907 0.375  0.8603 0.4487 0.3448 0.5997] Macro Recall: 0.4945
[Epoch 9] Target Validation EMA accuracy: 0.5469. Loss: 1.710
[Epoch 9] Target Validation EMA recall [surprise, fear, disgust, happy, sad, angry, neutral]: [0.7614 0.0685 0.375  0.8302 0.5069 0.3148 0.6112] Macro Recall: 0.4954
[Target Epoch 10] class mean confidence: [0.8607 0.7958 0.7257 0.8733 0.7891 0.8003 0.7942] global_mean: 0.8056 threshold_center: 0.8500
[Target Epoch 10] class-adaptive thresholds: [0.8775 0.8451 0.8101 0.8839 0.8418 0.8474 0.8443]
[Target Epoch 10] Agreement_Num: 24954 Confident_Num: 16109 Pseudo_Distribution: [2260,  421,  388, 5723, 2943,  981, 3393]
[Target Epoch 10] Dual_Pseudo_Distribution: [2260,  421,  388, 5723, 2943,  981, 3393] SoftWeight: 0.0000
[Target Epoch 10] Temporal_Stable: 14084/16109 History_Disagrees: 19 Label_Flips: 3788 Retention_By_Class: [1. 1. 1. 1. 1. 1. 1.] Warmup: False
[Target Epoch 10] Temporal_Mode: observe Rejected_By_Class: [0, 0, 0, 0, 0, 0, 0]
[Target Epoch 10] Source CE: 0.0626 Target CE: 0.1547 Accepted_Targets: 16109
[Target Epoch 10] Prototype_Agreement: 16085/16109 (0.9985) Mean_Assigned_Cosine: 0.9582 Target_Prototype_Counts: [19603,  3267,  2829, 53676, 23466,  7868, 26275]
[Target Epoch 10] Classification Loss: 0.096 Affinity Loss: -0.167 Weight Loss: 0.444 Prototype Loss: 0.332 ProtoWeight: 0.1000 LR: 0.000250
[Epoch 10] Target Validation Student accuracy: 0.5578. Loss: 1.933
[Epoch 10] Target Validation Student recall [surprise, fear, disgust, happy, sad, angry, neutral]: [0.7928 0.0565 0.3393 0.8022 0.5574 0.3512 0.626 ] Macro Recall: 0.5036
[Epoch 10] Target Validation EMA accuracy: 0.5511. Loss: 1.726
[Epoch 10] Target Validation EMA recall [surprise, fear, disgust, happy, sad, angry, neutral]: [0.7639 0.0706 0.375  0.8324 0.513  0.3148 0.6227] Macro Recall: 0.4989
best target-stage validation accuracy 0.5578 (student)
[Target Epoch 11] class mean confidence: [0.8627 0.8263 0.7412 0.8759 0.7959 0.8037 0.8033] global_mean: 0.8156 threshold_center: 0.8500
[Target Epoch 11] class-adaptive thresholds: [0.8736 0.8554 0.8128 0.8802 0.8401 0.8441 0.8439]
[Target Epoch 11] Agreement_Num: 25066 Confident_Num: 16603 Pseudo_Distribution: [2338,  422,  396, 5810, 3091, 1004, 3542]
[Target Epoch 11] Dual_Pseudo_Distribution: [2338,  422,  396, 5810, 3091, 1004, 3542] SoftWeight: 0.0000
[Target Epoch 11] Temporal_Stable: 14636/16603 History_Disagrees: 15 Label_Flips: 3728 Retention_By_Class: [1. 1. 1. 1. 1. 1. 1.] Warmup: False
[Target Epoch 11] Temporal_Mode: observe Rejected_By_Class: [0, 0, 0, 0, 0, 0, 0]
[Target Epoch 11] Source CE: 0.0560 Target CE: 0.1437 Accepted_Targets: 16603
[Target Epoch 11] Prototype_Agreement: 16572/16603 (0.9981) Mean_Assigned_Cosine: 0.9562 Target_Prototype_Counts: [21941,  3689,  3225, 59486, 26557,  8872, 29817]
[Target Epoch 11] Classification Loss: 0.088 Affinity Loss: -0.171 Weight Loss: 0.443 Prototype Loss: 0.316 ProtoWeight: 0.1000 LR: 0.000238
[Epoch 11] Target Validation Student accuracy: 0.5573. Loss: 1.909
[Epoch 11] Target Validation Student recall [surprise, fear, disgust, happy, sad, angry, neutral]: [0.747  0.0927 0.25   0.8145 0.5345 0.3533 0.6376] Macro Recall: 0.4899
[Epoch 11] Target Validation EMA accuracy: 0.5528. Loss: 1.738
[Epoch 11] Target Validation EMA recall [surprise, fear, disgust, happy, sad, angry, neutral]: [0.7663 0.0706 0.375  0.8358 0.5115 0.3212 0.6227] Macro Recall: 0.5004
[Target Epoch 12] class mean confidence: [0.8637 0.8334 0.7497 0.8813 0.8042 0.8176 0.8097] global_mean: 0.8228 threshold_center: 0.8500
[Target Epoch 12] class-adaptive thresholds: [0.8704 0.8553 0.8134 0.8792 0.8407 0.8474 0.8435]
[Target Epoch 12] Agreement_Num: 25294 Confident_Num: 17068 Pseudo_Distribution: [2368,  460,  422, 5898, 3186, 1025, 3709]
[Target Epoch 12] Dual_Pseudo_Distribution: [2368,  460,  422, 5898, 3186, 1025, 3709] SoftWeight: 0.0000
[Target Epoch 12] Temporal_Stable: 15149/17068 History_Disagrees: 24 Label_Flips: 3525 Retention_By_Class: [1. 1. 1. 1. 1. 1. 1.] Warmup: False
[Target Epoch 12] Temporal_Mode: observe Rejected_By_Class: [0, 0, 0, 0, 0, 0, 0]
[Target Epoch 12] Source CE: 0.0553 Target CE: 0.1508 Accepted_Targets: 17068
[Target Epoch 12] Prototype_Agreement: 17031/17068 (0.9978) Mean_Assigned_Cosine: 0.9551 Target_Prototype_Counts: [24309,  4149,  3647, 65384, 29743,  9897, 33526]
[Target Epoch 12] Classification Loss: 0.091 Affinity Loss: -0.171 Weight Loss: 0.443 Prototype Loss: 0.320 ProtoWeight: 0.1000 LR: 0.000226
[Epoch 12] Target Validation Student accuracy: 0.5570. Loss: 2.029
[Epoch 12] Target Validation Student recall [surprise, fear, disgust, happy, sad, angry, neutral]: [0.7783 0.0645 0.3571 0.8447 0.4962 0.3041 0.6623] Macro Recall: 0.5010
[Epoch 12] Target Validation EMA accuracy: 0.5536. Loss: 1.751
[Epoch 12] Target Validation EMA recall [surprise, fear, disgust, happy, sad, angry, neutral]: [0.7663 0.0726 0.3571 0.8369 0.5161 0.3148 0.626 ] Macro Recall: 0.4985
[Target Epoch 13] class mean confidence: [0.8723 0.8302 0.7635 0.887  0.812  0.8201 0.818 ] global_mean: 0.8290 threshold_center: 0.8500
[Target Epoch 13] class-adaptive thresholds: [0.8717 0.8506 0.8172 0.879  0.8415 0.8456 0.8445]
[Target Epoch 13] Agreement_Num: 25371 Confident_Num: 17464 Pseudo_Distribution: [2394,  454,  422, 5999, 3267, 1076, 3852]
[Target Epoch 13] Dual_Pseudo_Distribution: [2394,  454,  422, 5999, 3267, 1076, 3852] SoftWeight: 0.0000
[Target Epoch 13] Temporal_Stable: 15622/17464 History_Disagrees: 18 Label_Flips: 3399 Retention_By_Class: [1. 1. 1. 1. 1. 1. 1.] Warmup: False
[Target Epoch 13] Temporal_Mode: observe Rejected_By_Class: [0, 0, 0, 0, 0, 0, 0]
[Target Epoch 13] Source CE: 0.0491 Target CE: 0.1418 Accepted_Targets: 17464
[Target Epoch 13] Prototype_Agreement: 17432/17464 (0.9982) Mean_Assigned_Cosine: 0.9538 Target_Prototype_Counts: [26703,  4603,  4069, 71383, 33010, 10973, 37378]
[Target Epoch 13] Classification Loss: 0.084 Affinity Loss: -0.154 Weight Loss: 0.443 Prototype Loss: 0.307 ProtoWeight: 0.1000 LR: 0.000215
[Epoch 13] Target Validation Student accuracy: 0.5511. Loss: 2.066
[Epoch 13] Target Validation Student recall [surprise, fear, disgust, happy, sad, angry, neutral]: [0.7349 0.0746 0.3214 0.8503 0.5773 0.2891 0.5684] Macro Recall: 0.4880
[Epoch 13] Target Validation EMA accuracy: 0.5556. Loss: 1.764
[Epoch 13] Target Validation EMA recall [surprise, fear, disgust, happy, sad, angry, neutral]: [0.7687 0.0685 0.3571 0.8436 0.5191 0.3126 0.6277] Macro Recall: 0.4996
[Target Epoch 14] class mean confidence: [0.8753 0.852  0.7631 0.8915 0.8124 0.8315 0.8258] global_mean: 0.8359 threshold_center: 0.8559
[Target Epoch 14] class-adaptive thresholds: [0.8756 0.864  0.8195 0.8837 0.8442 0.8537 0.8509]
[Target Epoch 14] Agreement_Num: 25458 Confident_Num: 17669 Pseudo_Distribution: [2423,  461,  431, 6037, 3332, 1077, 3908]
[Target Epoch 14] Dual_Pseudo_Distribution: [2423,  461,  431, 6037, 3332, 1077, 3908] SoftWeight: 0.0000
[Target Epoch 14] Temporal_Stable: 15943/17669 History_Disagrees: 7 Label_Flips: 3310 Retention_By_Class: [1. 1. 1. 1. 1. 1. 1.] Warmup: False
[Target Epoch 14] Temporal_Mode: observe Rejected_By_Class: [0, 0, 0, 0, 0, 0, 0]
[Target Epoch 14] Source CE: 0.0460 Target CE: 0.1267 Accepted_Targets: 17669
[Target Epoch 14] Prototype_Agreement: 17639/17669 (0.9983) Mean_Assigned_Cosine: 0.9531 Target_Prototype_Counts: [29126,  5064,  4500, 77420, 36342, 12050, 41286]
[Target Epoch 14] Classification Loss: 0.077 Affinity Loss: -0.165 Weight Loss: 0.442 Prototype Loss: 0.285 ProtoWeight: 0.1000 LR: 0.000204
[Epoch 14] Target Validation Student accuracy: 0.5589. Loss: 2.055
[Epoch 14] Target Validation Student recall [surprise, fear, disgust, happy, sad, angry, neutral]: [0.747  0.0645 0.3036 0.8257 0.5314 0.3191 0.6787] Macro Recall: 0.4957
[Epoch 14] Target Validation EMA accuracy: 0.5564. Loss: 1.773
[Epoch 14] Target Validation EMA recall [surprise, fear, disgust, happy, sad, angry, neutral]: [0.7687 0.0685 0.3571 0.8413 0.5207 0.3169 0.631 ] Macro Recall: 0.5006
best target-stage validation accuracy 0.5589 (student)
[Target Epoch 15] class mean confidence: [0.8816 0.8348 0.7741 0.8945 0.8207 0.8354 0.8297] global_mean: 0.8387 threshold_center: 0.8587
[Target Epoch 15] class-adaptive thresholds: [0.8802 0.8567 0.8264 0.8866 0.8497 0.857  0.8542]
[Target Epoch 15] Agreement_Num: 25617 Confident_Num: 17875 Pseudo_Distribution: [2422,  479,  423, 6093, 3374, 1072, 4012]
[Target Epoch 15] Dual_Pseudo_Distribution: [2422,  479,  423, 6093, 3374, 1072, 4012] SoftWeight: 0.0000
[Target Epoch 15] Temporal_Stable: 16168/17875 History_Disagrees: 15 Label_Flips: 3198 Retention_By_Class: [1. 1. 1. 1. 1. 1. 1.] Warmup: False
[Target Epoch 15] Temporal_Mode: observe Rejected_By_Class: [0, 0, 0, 0, 0, 0, 0]
[Target Epoch 15] Source CE: 0.0440 Target CE: 0.1359 Accepted_Targets: 17875
[Target Epoch 15] Prototype_Agreement: 17852/17875 (0.9987) Mean_Assigned_Cosine: 0.9533 Target_Prototype_Counts: [31548,  5543,  4923, 83513, 39716, 13122, 45298]
[Target Epoch 15] Classification Loss: 0.079 Affinity Loss: -0.175 Weight Loss: 0.442 Prototype Loss: 0.288 ProtoWeight: 0.1000 LR: 0.000194
[Epoch 15] Target Validation Student accuracy: 0.5595. Loss: 2.053
[Epoch 15] Target Validation Student recall [surprise, fear, disgust, happy, sad, angry, neutral]: [0.7614 0.0726 0.3036 0.8615 0.5605 0.2934 0.6013] Macro Recall: 0.4935
[Epoch 15] Target Validation EMA accuracy: 0.5609. Loss: 1.774
[Epoch 15] Target Validation EMA recall [surprise, fear, disgust, happy, sad, angry, neutral]: [0.7687 0.0645 0.375  0.8458 0.5299 0.3212 0.6392] Macro Recall: 0.5063
best target-stage validation accuracy 0.5609 (ema_teacher)
[Target Epoch 16] class mean confidence: [0.8828 0.8568 0.776  0.8953 0.8233 0.8367 0.8318] global_mean: 0.8432 threshold_center: 0.8632
[Target Epoch 16] class-adaptive thresholds: [0.883  0.87   0.8296 0.8893 0.8533 0.86   0.8575]
[Target Epoch 16] Agreement_Num: 25779 Confident_Num: 17991 Pseudo_Distribution: [2425,  484,  437, 6108, 3423, 1092, 4022]
[Target Epoch 16] Dual_Pseudo_Distribution: [2425,  484,  437, 6108, 3423, 1092, 4022] SoftWeight: 0.0000
[Target Epoch 16] Temporal_Stable: 16337/17991 History_Disagrees: 23 Label_Flips: 3091 Retention_By_Class: [1. 1. 1. 1. 1. 1. 1.] Warmup: False
[Target Epoch 16] Temporal_Mode: observe Rejected_By_Class: [0, 0, 0, 0, 0, 0, 0]
[Target Epoch 16] Source CE: 0.0422 Target CE: 0.1223 Accepted_Targets: 17991
[Target Epoch 16] Prototype_Agreement: 17968/17991 (0.9987) Mean_Assigned_Cosine: 0.9529 Target_Prototype_Counts: [33973,  6027,  5360, 89621, 43139, 14214, 49320]
[Target Epoch 16] Classification Loss: 0.073 Affinity Loss: -0.162 Weight Loss: 0.441 Prototype Loss: 0.290 ProtoWeight: 0.1000 LR: 0.000184
[Epoch 16] Target Validation Student accuracy: 0.5670. Loss: 2.063
[Epoch 16] Target Validation Student recall [surprise, fear, disgust, happy, sad, angry, neutral]: [0.7566 0.0746 0.3393 0.8469 0.5881 0.3169 0.6178] Macro Recall: 0.5057
[Epoch 16] Target Validation EMA accuracy: 0.5600. Loss: 1.780
[Epoch 16] Target Validation EMA recall [surprise, fear, disgust, happy, sad, angry, neutral]: [0.7687 0.0665 0.3393 0.8458 0.5299 0.3191 0.6376] Macro Recall: 0.5010
best target-stage validation accuracy 0.5670 (student)
[Target Epoch 17] class mean confidence: [0.8851 0.8637 0.7846 0.8982 0.8259 0.8403 0.8306] global_mean: 0.8469 threshold_center: 0.8669
[Target Epoch 17] class-adaptive thresholds: [0.886  0.8753 0.8357 0.8925 0.8564 0.8636 0.8588]
[Target Epoch 17] Agreement_Num: 25821 Confident_Num: 18097 Pseudo_Distribution: [2410,  488,  437, 6128, 3443, 1097, 4094]
[Target Epoch 17] Dual_Pseudo_Distribution: [2410,  488,  437, 6128, 3443, 1097, 4094] SoftWeight: 0.0000
[Target Epoch 17] Temporal_Stable: 16512/18097 History_Disagrees: 12 Label_Flips: 2970 Retention_By_Class: [1. 1. 1. 1. 1. 1. 1.] Warmup: False
[Target Epoch 17] Temporal_Mode: observe Rejected_By_Class: [0, 0, 0, 0, 0, 0, 0]
[Target Epoch 17] Source CE: 0.0364 Target CE: 0.1131 Accepted_Targets: 18097
[Target Epoch 17] Prototype_Agreement: 18076/18097 (0.9988) Mean_Assigned_Cosine: 0.9529 Target_Prototype_Counts: [36383,  6515,  5797, 95749, 46582, 15311, 53414]
[Target Epoch 17] Classification Loss: 0.066 Affinity Loss: -0.160 Weight Loss: 0.441 Prototype Loss: 0.268 ProtoWeight: 0.1000 LR: 0.000175
[Epoch 17] Target Validation Student accuracy: 0.5517. Loss: 2.086
[Epoch 17] Target Validation Student recall [surprise, fear, disgust, happy, sad, angry, neutral]: [0.7518 0.0786 0.375  0.8223 0.5467 0.3126 0.6079] Macro Recall: 0.4993
[Epoch 17] Target Validation EMA accuracy: 0.5600. Loss: 1.788
[Epoch 17] Target Validation EMA recall [surprise, fear, disgust, happy, sad, angry, neutral]: [0.7639 0.0685 0.3393 0.848  0.5299 0.3212 0.6343] Macro Recall: 0.5007
[Target Epoch 18] class mean confidence: [0.8857 0.8603 0.7939 0.8993 0.8298 0.8406 0.8361] global_mean: 0.8494 threshold_center: 0.8694
[Target Epoch 18] class-adaptive thresholds: [0.8875 0.8748 0.8416 0.8944 0.8596 0.865  0.8628]
[Target Epoch 18] Agreement_Num: 25946 Confident_Num: 18284 Pseudo_Distribution: [2423,  493,  444, 6191, 3520, 1096, 4117]
[Target Epoch 18] Dual_Pseudo_Distribution: [2423,  493,  444, 6191, 3520, 1096, 4117] SoftWeight: 0.0000
[Target Epoch 18] Temporal_Stable: 16631/18284 History_Disagrees: 12 Label_Flips: 2839 Retention_By_Class: [1. 1. 1. 1. 1. 1. 1.] Warmup: False
[Target Epoch 18] Temporal_Mode: observe Rejected_By_Class: [0, 0, 0, 0, 0, 0, 0]
[Target Epoch 18] Source CE: 0.0383 Target CE: 0.1134 Accepted_Targets: 18284
[Target Epoch 18] Prototype_Agreement: 18272/18284 (0.9993) Mean_Assigned_Cosine: 0.9526 Target_Prototype_Counts: [ 38806,   7008,   6241, 101940,  50102,  16407,  57531]
[Target Epoch 18] Classification Loss: 0.067 Affinity Loss: -0.159 Weight Loss: 0.441 Prototype Loss: 0.271 ProtoWeight: 0.1000 LR: 0.000166
[Epoch 18] Target Validation Student accuracy: 0.5659. Loss: 2.073
[Epoch 18] Target Validation Student recall [surprise, fear, disgust, happy, sad, angry, neutral]: [0.7518 0.0786 0.2857 0.8425 0.5421 0.3512 0.6458] Macro Recall: 0.4997
[Epoch 18] Target Validation EMA accuracy: 0.5609. Loss: 1.792
[Epoch 18] Target Validation EMA recall [surprise, fear, disgust, happy, sad, angry, neutral]: [0.7614 0.0665 0.3393 0.8469 0.5345 0.3191 0.6409] Macro Recall: 0.5012
[Target Epoch 19] class mean confidence: [0.889  0.8687 0.7975 0.9032 0.833  0.8493 0.8401] global_mean: 0.8544 threshold_center: 0.8744
[Target Epoch 19] class-adaptive thresholds: [0.8917 0.8815 0.846  0.8988 0.8637 0.8718 0.8673]
[Target Epoch 19] Agreement_Num: 25987 Confident_Num: 18353 Pseudo_Distribution: [2402,  496,  437, 6242, 3564, 1100, 4112]
[Target Epoch 19] Dual_Pseudo_Distribution: [2402,  496,  437, 6242, 3564, 1100, 4112] SoftWeight: 0.0000
[Target Epoch 19] Temporal_Stable: 16772/18353 History_Disagrees: 12 Label_Flips: 2770 Retention_By_Class: [1. 1. 1. 1. 1. 1. 1.] Warmup: False
[Target Epoch 19] Temporal_Mode: observe Rejected_By_Class: [0, 0, 0, 0, 0, 0, 0]
[Target Epoch 19] Source CE: 0.0335 Target CE: 0.1100 Accepted_Targets: 18353
[Target Epoch 19] Prototype_Agreement: 18333/18353 (0.9989) Mean_Assigned_Cosine: 0.9526 Target_Prototype_Counts: [ 41208,   7504,   6678, 108182,  53666,  17507,  61643]
[Target Epoch 19] Classification Loss: 0.063 Affinity Loss: -0.156 Weight Loss: 0.440 Prototype Loss: 0.262 ProtoWeight: 0.1000 LR: 0.000158
[Epoch 19] Target Validation Student accuracy: 0.5626. Loss: 2.216
[Epoch 19] Target Validation Student recall [surprise, fear, disgust, happy, sad, angry, neutral]: [0.759  0.0786 0.3036 0.8436 0.5681 0.3126 0.6194] Macro Recall: 0.4979
[Epoch 19] Target Validation EMA accuracy: 0.5612. Loss: 1.796
[Epoch 19] Target Validation EMA recall [surprise, fear, disgust, happy, sad, angry, neutral]: [0.7518 0.0706 0.3036 0.8458 0.5421 0.3212 0.6409] Macro Recall: 0.4966
[Target Epoch 20] class mean confidence: [0.8873 0.8743 0.8031 0.9056 0.838  0.8465 0.8402] global_mean: 0.8564 threshold_center: 0.8764
[Target Epoch 20] class-adaptive thresholds: [0.8919 0.8853 0.8498 0.901  0.8672 0.8715 0.8683]
[Target Epoch 20] Agreement_Num: 26037 Confident_Num: 18501 Pseudo_Distribution: [2415,  511,  424, 6275, 3579, 1110, 4187]
[Target Epoch 20] Dual_Pseudo_Distribution: [2415,  511,  424, 6275, 3579, 1110, 4187] SoftWeight: 0.0000
[Target Epoch 20] Temporal_Stable: 16904/18501 History_Disagrees: 7 Label_Flips: 2704 Retention_By_Class: [1. 1. 1. 1. 1. 1. 1.] Warmup: False
[Target Epoch 20] Temporal_Mode: observe Rejected_By_Class: [0, 0, 0, 0, 0, 0, 0]
[Target Epoch 20] Source CE: 0.0310 Target CE: 0.1036 Accepted_Targets: 18501
[Target Epoch 20] Prototype_Agreement: 18486/18501 (0.9992) Mean_Assigned_Cosine: 0.9526 Target_Prototype_Counts: [ 43623,   8015,   7102, 114457,  57245,  18617,  65830]
[Target Epoch 20] Classification Loss: 0.059 Affinity Loss: -0.176 Weight Loss: 0.440 Prototype Loss: 0.259 ProtoWeight: 0.1000 LR: 0.000150
[Epoch 20] Target Validation Student accuracy: 0.5614. Loss: 2.179
[Epoch 20] Target Validation Student recall [surprise, fear, disgust, happy, sad, angry, neutral]: [0.7663 0.0645 0.3036 0.8469 0.5283 0.3105 0.659 ] Macro Recall: 0.4970
[Epoch 20] Target Validation EMA accuracy: 0.5623. Loss: 1.803
[Epoch 20] Target Validation EMA recall [surprise, fear, disgust, happy, sad, angry, neutral]: [0.747  0.0706 0.3036 0.8503 0.5436 0.3212 0.6425] Macro Recall: 0.4970
[Target Epoch 21] class mean confidence: [0.8889 0.8812 0.7993 0.9065 0.8346 0.8555 0.8454] global_mean: 0.8588 threshold_center: 0.8788
[Target Epoch 21] class-adaptive thresholds: [0.8939 0.89   0.849  0.9026 0.8667 0.8771 0.8721]
[Target Epoch 21] Agreement_Num: 26017 Confident_Num: 18557 Pseudo_Distribution: [2388,  516,  456, 6285, 3591, 1118, 4203]
[Target Epoch 21] Dual_Pseudo_Distribution: [2388,  516,  456, 6285, 3591, 1118, 4203] SoftWeight: 0.0000
[Target Epoch 21] Temporal_Stable: 17066/18557 History_Disagrees: 4 Label_Flips: 2668 Retention_By_Class: [1. 1. 1. 1. 1. 1. 1.] Warmup: False
[Target Epoch 21] Temporal_Mode: observe Rejected_By_Class: [0, 0, 0, 0, 0, 0, 0]
[Target Epoch 21] Source CE: 0.0284 Target CE: 0.0996 Accepted_Targets: 18557
[Target Epoch 21] Prototype_Agreement: 18541/18557 (0.9991) Mean_Assigned_Cosine: 0.9525 Target_Prototype_Counts: [ 46011,   8531,   7558, 120742,  60836,  19735,  70033]
[Target Epoch 21] Classification Loss: 0.056 Affinity Loss: -0.171 Weight Loss: 0.440 Prototype Loss: 0.246 ProtoWeight: 0.1000 LR: 0.000142
[Epoch 21] Target Validation Student accuracy: 0.5690. Loss: 2.193
[Epoch 21] Target Validation Student recall [surprise, fear, disgust, happy, sad, angry, neutral]: [0.7614 0.0766 0.2857 0.857  0.5482 0.3383 0.6409] Macro Recall: 0.5012
[Epoch 21] Target Validation EMA accuracy: 0.5637. Loss: 1.797
[Epoch 21] Target Validation EMA recall [surprise, fear, disgust, happy, sad, angry, neutral]: [0.747  0.0685 0.3036 0.8525 0.5467 0.3191 0.6474] Macro Recall: 0.4978
best target-stage validation accuracy 0.5690 (student)
[Target Epoch 22] class mean confidence: [0.8854 0.8778 0.8164 0.9051 0.8352 0.8523 0.844 ] global_mean: 0.8594 threshold_center: 0.8794
[Target Epoch 22] class-adaptive thresholds: [0.8924 0.8886 0.8579 0.9023 0.8673 0.8759 0.8717]
[Target Epoch 22] Agreement_Num: 26176 Confident_Num: 18608 Pseudo_Distribution: [2390,  509,  439, 6345, 3600, 1087, 4238]
[Target Epoch 22] Dual_Pseudo_Distribution: [2390,  509,  439, 6345, 3600, 1087, 4238] SoftWeight: 0.0000
[Target Epoch 22] Temporal_Stable: 17086/18608 History_Disagrees: 8 Label_Flips: 2600 Retention_By_Class: [1. 1. 1. 1. 1. 1. 1.] Warmup: False
[Target Epoch 22] Temporal_Mode: observe Rejected_By_Class: [0, 0, 0, 0, 0, 0, 0]
[Target Epoch 22] Source CE: 0.0307 Target CE: 0.0893 Accepted_Targets: 18608
[Target Epoch 22] Prototype_Agreement: 18597/18608 (0.9994) Mean_Assigned_Cosine: 0.9525 Target_Prototype_Counts: [ 48401,   9040,   7997, 127087,  64436,  20822,  74271]
[Target Epoch 22] Classification Loss: 0.054 Affinity Loss: -0.171 Weight Loss: 0.439 Prototype Loss: 0.238 ProtoWeight: 0.1000 LR: 0.000135
[Epoch 22] Target Validation Student accuracy: 0.5639. Loss: 2.216
[Epoch 22] Target Validation Student recall [surprise, fear, disgust, happy, sad, angry, neutral]: [0.7422 0.0746 0.2857 0.8648 0.5345 0.2955 0.6623] Macro Recall: 0.4942
[Epoch 22] Target Validation EMA accuracy: 0.5639. Loss: 1.792
[Epoch 22] Target Validation EMA recall [surprise, fear, disgust, happy, sad, angry, neutral]: [0.7446 0.0685 0.3036 0.8592 0.5452 0.3169 0.6442] Macro Recall: 0.4975
[Target Epoch 23] class mean confidence: [0.8856 0.8724 0.817  0.9044 0.8343 0.8607 0.8423] global_mean: 0.8595 threshold_center: 0.8795
[Target Epoch 23] class-adaptive thresholds: [0.8925 0.8859 0.8583 0.9019 0.8669 0.8801 0.8709]
[Target Epoch 23] Agreement_Num: 26173 Confident_Num: 18691 Pseudo_Distribution: [2380,  502,  463, 6368, 3601, 1066, 4311]
[Target Epoch 23] Dual_Pseudo_Distribution: [2380,  502,  463, 6368, 3601, 1066, 4311] SoftWeight: 0.0000
[Target Epoch 23] Temporal_Stable: 17188/18691 History_Disagrees: 5 Label_Flips: 2555 Retention_By_Class: [1. 1. 1. 1. 1. 1. 1.] Warmup: False
[Target Epoch 23] Temporal_Mode: observe Rejected_By_Class: [0, 0, 0, 0, 0, 0, 0]
[Target Epoch 23] Source CE: 0.0281 Target CE: 0.0929 Accepted_Targets: 18691
[Target Epoch 23] Prototype_Agreement: 18679/18691 (0.9994) Mean_Assigned_Cosine: 0.9522 Target_Prototype_Counts: [ 50781,   9542,   8460, 133455,  68037,  21888,  78582]
[Target Epoch 23] Classification Loss: 0.054 Affinity Loss: -0.176 Weight Loss: 0.439 Prototype Loss: 0.241 ProtoWeight: 0.1000 LR: 0.000129
[Epoch 23] Target Validation Student accuracy: 0.5642. Loss: 2.141
[Epoch 23] Target Validation Student recall [surprise, fear, disgust, happy, sad, angry, neutral]: [0.7205 0.0565 0.3036 0.8637 0.5773 0.3019 0.6425] Macro Recall: 0.4951
[Epoch 23] Target Validation EMA accuracy: 0.5639. Loss: 1.788
[Epoch 23] Target Validation EMA recall [surprise, fear, disgust, happy, sad, angry, neutral]: [0.7422 0.0726 0.3036 0.8592 0.5452 0.3148 0.6442] Macro Recall: 0.4974
[Target Epoch 24] class mean confidence: [0.8876 0.8893 0.8081 0.9025 0.8328 0.8555 0.8446] global_mean: 0.8601 threshold_center: 0.8801
[Target Epoch 24] class-adaptive thresholds: [0.8938 0.8947 0.8541 0.9013 0.8664 0.8778 0.8723]
[Target Epoch 24] Agreement_Num: 26210 Confident_Num: 18653 Pseudo_Distribution: [2326,  510,  455, 6389, 3601, 1062, 4310]
[Target Epoch 24] Dual_Pseudo_Distribution: [2326,  510,  455, 6389, 3601, 1062, 4310] SoftWeight: 0.0000
[Target Epoch 24] Temporal_Stable: 17210/18653 History_Disagrees: 8 Label_Flips: 2502 Retention_By_Class: [1. 1. 1. 1. 1. 1. 1.] Warmup: False
[Target Epoch 24] Temporal_Mode: observe Rejected_By_Class: [0, 0, 0, 0, 0, 0, 0]
[Target Epoch 24] Source CE: 0.0242 Target CE: 0.0937 Accepted_Targets: 18653
[Target Epoch 24] Prototype_Agreement: 18639/18653 (0.9992) Mean_Assigned_Cosine: 0.9522 Target_Prototype_Counts: [ 53107,  10052,   8915, 139844,  71638,  22950,  82892]
[Target Epoch 24] Classification Loss: 0.052 Affinity Loss: -0.166 Weight Loss: 0.438 Prototype Loss: 0.239 ProtoWeight: 0.1000 LR: 0.000122
[Epoch 24] Target Validation Student accuracy: 0.5665. Loss: 2.204
[Epoch 24] Target Validation Student recall [surprise, fear, disgust, happy, sad, angry, neutral]: [0.759  0.0565 0.3214 0.8458 0.4977 0.3255 0.7216] Macro Recall: 0.5039
[Epoch 24] Target Validation EMA accuracy: 0.5653. Loss: 1.782
[Epoch 24] Target Validation EMA recall [surprise, fear, disgust, happy, sad, angry, neutral]: [0.7422 0.0706 0.3036 0.8603 0.5482 0.3148 0.6491] Macro Recall: 0.4984
[Target Epoch 25] class mean confidence: [0.882  0.8754 0.8162 0.903  0.8307 0.8501 0.8451] global_mean: 0.8575 threshold_center: 0.8775
[Target Epoch 25] class-adaptive thresholds: [0.8897 0.8864 0.8568 0.9002 0.8641 0.8738 0.8713]
[Target Epoch 25] Agreement_Num: 26252 Confident_Num: 18774 Pseudo_Distribution: [2352,  513,  446, 6417, 3624, 1060, 4362]
[Target Epoch 25] Dual_Pseudo_Distribution: [2352,  513,  446, 6417, 3624, 1060, 4362] SoftWeight: 0.0000
[Target Epoch 25] Temporal_Stable: 17244/18774 History_Disagrees: 6 Label_Flips: 2503 Retention_By_Class: [1. 1. 1. 1. 1. 1. 1.] Warmup: False
[Target Epoch 25] Temporal_Mode: observe Rejected_By_Class: [0, 0, 0, 0, 0, 0, 0]
[Target Epoch 25] Source CE: 0.0247 Target CE: 0.0850 Accepted_Targets: 18774
[Target Epoch 25] Prototype_Agreement: 18761/18774 (0.9993) Mean_Assigned_Cosine: 0.9520 Target_Prototype_Counts: [ 55459,  10565,   9361, 146261,  75262,  24010,  87254]
[Target Epoch 25] Classification Loss: 0.049 Affinity Loss: -0.174 Weight Loss: 0.438 Prototype Loss: 0.232 ProtoWeight: 0.1000 LR: 0.000116
[Epoch 25] Target Validation Student accuracy: 0.5665. Loss: 2.280
[Epoch 25] Target Validation Student recall [surprise, fear, disgust, happy, sad, angry, neutral]: [0.7325 0.0786 0.3214 0.8704 0.5421 0.349  0.6194] Macro Recall: 0.5019
[Epoch 25] Target Validation EMA accuracy: 0.5662. Loss: 1.780
[Epoch 25] Target Validation EMA recall [surprise, fear, disgust, happy, sad, angry, neutral]: [0.7422 0.0706 0.3036 0.8626 0.5482 0.3148 0.6507] Macro Recall: 0.4989
[Target Epoch 26] class mean confidence: [0.8839 0.8865 0.8176 0.9025 0.8334 0.8502 0.8456] global_mean: 0.8600 threshold_center: 0.8800
[Target Epoch 26] class-adaptive thresholds: [0.8919 0.8932 0.8588 0.9012 0.8667 0.8751 0.8728]
[Target Epoch 26] Agreement_Num: 26327 Confident_Num: 18753 Pseudo_Distribution: [2306,  518,  430, 6435, 3599, 1067, 4398]
[Target Epoch 26] Dual_Pseudo_Distribution: [2306,  518,  430, 6435, 3599, 1067, 4398] SoftWeight: 0.0000
[Target Epoch 26] Temporal_Stable: 17313/18753 History_Disagrees: 6 Label_Flips: 2433 Retention_By_Class: [1. 1. 1. 1. 1. 1. 1.] Warmup: False
[Target Epoch 26] Temporal_Mode: observe Rejected_By_Class: [0, 0, 0, 0, 0, 0, 0]
[Target Epoch 26] Source CE: 0.0234 Target CE: 0.0829 Accepted_Targets: 18753
[Target Epoch 26] Prototype_Agreement: 18740/18753 (0.9993) Mean_Assigned_Cosine: 0.9525 Target_Prototype_Counts: [ 57765,  11083,   9791, 152696,  78861,  25077,  91652]
[Target Epoch 26] Classification Loss: 0.047 Affinity Loss: -0.172 Weight Loss: 0.438 Prototype Loss: 0.229 ProtoWeight: 0.1000 LR: 0.000110
[Epoch 26] Target Validation Student accuracy: 0.5684. Loss: 2.248
[Epoch 26] Target Validation Student recall [surprise, fear, disgust, happy, sad, angry, neutral]: [0.7542 0.0665 0.2679 0.8726 0.5467 0.3255 0.6409] Macro Recall: 0.4963
[Epoch 26] Target Validation EMA accuracy: 0.5670. Loss: 1.784
[Epoch 26] Target Validation EMA recall [surprise, fear, disgust, happy, sad, angry, neutral]: [0.7398 0.0685 0.2857 0.8648 0.5467 0.3191 0.6557] Macro Recall: 0.4972
[Target Epoch 27] class mean confidence: [0.8863 0.8826 0.8221 0.9051 0.8328 0.8525 0.8476] global_mean: 0.8613 threshold_center: 0.8813
[Target Epoch 27] class-adaptive thresholds: [0.8938 0.892  0.8617 0.9032 0.867  0.8769 0.8745]
[Target Epoch 27] Agreement_Num: 26326 Confident_Num: 18866 Pseudo_Distribution: [2316,  522,  438, 6460, 3666, 1073, 4391]
[Target Epoch 27] Dual_Pseudo_Distribution: [2316,  522,  438, 6460, 3666, 1073, 4391] SoftWeight: 0.0000
[Target Epoch 27] Temporal_Stable: 17380/18866 History_Disagrees: 1 Label_Flips: 2422 Retention_By_Class: [1. 1. 1. 1. 1. 1. 1.] Warmup: False
[Target Epoch 27] Temporal_Mode: observe Rejected_By_Class: [0, 0, 0, 0, 0, 0, 0]
[Target Epoch 27] Source CE: 0.0215 Target CE: 0.0809 Accepted_Targets: 18866
[Target Epoch 27] Prototype_Agreement: 18854/18866 (0.9994) Mean_Assigned_Cosine: 0.9527 Target_Prototype_Counts: [ 60081,  11605,  10229, 159156,  82527,  26150,  96043]
[Target Epoch 27] Classification Loss: 0.045 Affinity Loss: -0.180 Weight Loss: 0.438 Prototype Loss: 0.223 ProtoWeight: 0.1000 LR: 0.000105
[Epoch 27] Target Validation Student accuracy: 0.5628. Loss: 2.294
[Epoch 27] Target Validation Student recall [surprise, fear, disgust, happy, sad, angry, neutral]: [0.7301 0.0706 0.2857 0.8637 0.5666 0.3126 0.6211] Macro Recall: 0.4929
[Epoch 27] Target Validation EMA accuracy: 0.5662. Loss: 1.790
[Epoch 27] Target Validation EMA recall [surprise, fear, disgust, happy, sad, angry, neutral]: [0.7373 0.0645 0.2857 0.867  0.5513 0.3169 0.6491] Macro Recall: 0.4960
[Target Epoch 28] class mean confidence: [0.8882 0.8749 0.8221 0.9073 0.8342 0.8598 0.8471] global_mean: 0.8620 threshold_center: 0.8820
[Target Epoch 28] class-adaptive thresholds: [0.8951 0.8885 0.862  0.9046 0.8681 0.8809 0.8745]
[Target Epoch 28] Agreement_Num: 26362 Confident_Num: 18932 Pseudo_Distribution: [2282,  532,  434, 6477, 3675, 1068, 4464]
[Target Epoch 28] Dual_Pseudo_Distribution: [2282,  532,  434, 6477, 3675, 1068, 4464] SoftWeight: 0.0000
[Target Epoch 28] Temporal_Stable: 17487/18932 History_Disagrees: 3 Label_Flips: 2430 Retention_By_Class: [1. 1. 1. 1. 1. 1. 1.] Warmup: False
[Target Epoch 28] Temporal_Mode: observe Rejected_By_Class: [0, 0, 0, 0, 0, 0, 0]
[Target Epoch 28] Source CE: 0.0200 Target CE: 0.0801 Accepted_Targets: 18932
[Target Epoch 28] Prototype_Agreement: 18923/18932 (0.9995) Mean_Assigned_Cosine: 0.9525 Target_Prototype_Counts: [ 62363,  12137,  10663, 165633,  86202,  27218, 100507]
[Target Epoch 28] Classification Loss: 0.044 Affinity Loss: -0.185 Weight Loss: 0.437 Prototype Loss: 0.222 ProtoWeight: 0.1000 LR: 0.000099
[Epoch 28] Target Validation Student accuracy: 0.5639. Loss: 2.273
[Epoch 28] Target Validation Student recall [surprise, fear, disgust, happy, sad, angry, neutral]: [0.7422 0.0665 0.2679 0.8514 0.5513 0.3041 0.6656] Macro Recall: 0.4927
[Epoch 28] Target Validation EMA accuracy: 0.5653. Loss: 1.786
[Epoch 28] Target Validation EMA recall [surprise, fear, disgust, happy, sad, angry, neutral]: [0.7325 0.0665 0.2857 0.867  0.5482 0.3105 0.654 ] Macro Recall: 0.4949
[Target Epoch 29] class mean confidence: [0.8801 0.8847 0.8294 0.9063 0.8352 0.8584 0.8455] global_mean: 0.8628 threshold_center: 0.8828
[Target Epoch 29] class-adaptive thresholds: [0.8914 0.8937 0.8661 0.9046 0.869  0.8806 0.8742]
[Target Epoch 29] Agreement_Num: 26414 Confident_Num: 18796 Pseudo_Distribution: [2292,  519,  443, 6462, 3623, 1047, 4410]
[Target Epoch 29] Dual_Pseudo_Distribution: [2292,  519,  443, 6462, 3623, 1047, 4410] SoftWeight: 0.0000
[Target Epoch 29] Temporal_Stable: 17453/18796 History_Disagrees: 6 Label_Flips: 2314 Retention_By_Class: [1. 1. 1. 1. 1. 1. 1.] Warmup: False
[Target Epoch 29] Temporal_Mode: observe Rejected_By_Class: [0, 0, 0, 0, 0, 0, 0]
[Target Epoch 29] Source CE: 0.0194 Target CE: 0.0809 Accepted_Targets: 18796
[Target Epoch 29] Prototype_Agreement: 18783/18796 (0.9993) Mean_Assigned_Cosine: 0.9531 Target_Prototype_Counts: [ 64655,  12656,  11106, 172095,  89825,  28265, 104917]
[Target Epoch 29] Classification Loss: 0.044 Affinity Loss: -0.187 Weight Loss: 0.437 Prototype Loss: 0.228 ProtoWeight: 0.1000 LR: 0.000094
[Epoch 29] Target Validation Student accuracy: 0.5626. Loss: 2.255
[Epoch 29] Target Validation Student recall [surprise, fear, disgust, happy, sad, angry, neutral]: [0.7325 0.0806 0.3036 0.8648 0.5237 0.2998 0.6623] Macro Recall: 0.4953
[Epoch 29] Target Validation EMA accuracy: 0.5659. Loss: 1.779
[Epoch 29] Target Validation EMA recall [surprise, fear, disgust, happy, sad, angry, neutral]: [0.7349 0.0665 0.2857 0.8682 0.5467 0.3084 0.6573] Macro Recall: 0.4954
[Epoch 30] Target Test accuracy: 0.5592. Loss: 2.242
[Epoch 30] Target Test recall [surprise, fear, disgust, happy, sad, angry, neutral]: [0.7115 0.0852 0.2    0.8567 0.5539 0.3462 0.6438] Macro Recall: 0.4853
best source-stage validation accuracy 0.5107
best target-stage validation accuracy 0.5690
selected validation accuracy 0.5690
selected model student
final target test accuracy 0.5592
