---------------------------------------------------------------------------------------
Training resnet50 with source data rafdb and target data fer, idx 3:
w1:4        w2:0.0      w3:0.1
---------------------------------------------------------------------------------------
The dataset distribute: 1290, 281, 717, 4772, 1982, 705, 2524
The dataset distribute: 329, 74, 160, 1185, 478, 162, 680
FER train path: /workspace/ttt/code/data/fer2013
FER train found images: 28709
The dataset distribute: 3171, 4097, 436, 7215, 4830, 3995, 4965
FER test images: 3589
FER test path: /workspace/ttt/code/data/fer2013
FER test found images: 3589
The dataset distribute: 416, 528, 55, 879, 594, 491, 626
[Epoch 0] Training accuracy: 55.5078.   Classification Loss: 128.794   Affinity Loss: -242.027  Weight Loss: 48.286  LR: 0.001000
[Epoch 0] Target Validation accuracy:0.2393.  Loss:2.664
best_acc 0.2393 
[Epoch 1] Training accuracy: 66.2266.   Classification Loss: 101.331   Affinity Loss: -292.536  Weight Loss: 46.840  LR: 0.000950
[Epoch 1] Target Validation accuracy:0.2508.  Loss:2.156
best_acc 0.2508 
[Epoch 2] Training accuracy: 69.0234.   Classification Loss: 89.877   Affinity Loss: -275.773  Weight Loss: 45.502  LR: 0.000902
[Epoch 2] Target Validation accuracy:0.4427.  Loss:1.536
best_acc 0.4427 
[Epoch 3] Training accuracy: 71.7031.   Classification Loss: 81.368   Affinity Loss: -281.793  Weight Loss: 44.625  LR: 0.000857
[Epoch 3] Target Validation accuracy:0.4575.  Loss:1.505
best_acc 0.4575 
[Epoch 4] Training accuracy: 73.1484.   Classification Loss: 75.682   Affinity Loss: -287.102  Weight Loss: 44.105  LR: 0.000815
[Epoch 4] Target Validation accuracy:0.4207.  Loss:1.632
[Epoch 5] Training accuracy: 74.7266.   Classification Loss: 70.299   Affinity Loss: -313.797  Weight Loss: 43.623  LR: 0.000774
[Epoch 5] Target Validation accuracy:0.4441.  Loss:1.644
[Epoch 6] Training accuracy: 76.5234.   Classification Loss: 65.438   Affinity Loss: -305.401  Weight Loss: 43.348  LR: 0.000735
[Epoch 6] Target Validation accuracy:0.4503.  Loss:1.676
[Epoch 7] Training accuracy: 76.8438.   Classification Loss: 63.174   Affinity Loss: -275.846  Weight Loss: 43.079  LR: 0.000698
[Epoch 7] Target Validation accuracy:0.4734.  Loss:1.504
best_acc 0.4734 
[Epoch 8] Training accuracy: 77.8125.   Classification Loss: 59.317   Affinity Loss: -274.000  Weight Loss: 42.920  LR: 0.000663
[Epoch 8] Target Validation accuracy:0.4416.  Loss:1.679
[Epoch 9] Training accuracy: 79.1328.   Classification Loss: 55.643   Affinity Loss: -318.491  Weight Loss: 42.692  LR: 0.000630
[Epoch 9] Target Validation accuracy:0.4586.  Loss:1.600
[Epoch 10] Training accuracy: 79.9609.   Classification Loss: 53.186   Affinity Loss: -303.095  Weight Loss: 42.555  LR: 0.000599
[Epoch 10] Target Validation accuracy:0.4990.  Loss:1.478
best_acc 0.499 
[Epoch 11] Training accuracy: 80.6484.   Classification Loss: 50.573   Affinity Loss: -316.233  Weight Loss: 42.398  LR: 0.000569
[Epoch 11] Target Validation accuracy:0.4550.  Loss:1.624
[Epoch 12] Training accuracy: 81.6562.   Classification Loss: 47.612   Affinity Loss: -319.685  Weight Loss: 42.257  LR: 0.000540
[Epoch 12] Target Validation accuracy:0.4391.  Loss:1.769
[Epoch 13] Training accuracy: 81.8516.   Classification Loss: 46.373   Affinity Loss: -303.201  Weight Loss: 42.228  LR: 0.000513
[Epoch 13] Target Validation accuracy:0.4817.  Loss:1.568
[Epoch 14] Training accuracy: 83.3594.   Classification Loss: 42.988   Affinity Loss: -313.581  Weight Loss: 42.097  LR: 0.000488
[Epoch 14] Target Validation accuracy:0.4809.  Loss:1.633
[Epoch 15] Training accuracy: 83.4609.   Classification Loss: 41.033   Affinity Loss: -331.568  Weight Loss: 42.064  LR: 0.000463
[Epoch 15] Target Validation accuracy:0.4896.  Loss:1.681
[Epoch 16] Training accuracy: 84.5312.   Classification Loss: 38.834   Affinity Loss: -297.535  Weight Loss: 42.011  LR: 0.000440
[Epoch 16] Target Validation accuracy:0.4801.  Loss:1.692
[Epoch 17] Training accuracy: 84.7656.   Classification Loss: 37.124   Affinity Loss: -314.722  Weight Loss: 41.997  LR: 0.000418
[Epoch 17] Target Validation accuracy:0.4544.  Loss:1.850
[Epoch 18] Training accuracy: 85.6562.   Classification Loss: 35.074   Affinity Loss: -347.073  Weight Loss: 41.952  LR: 0.000397
[Epoch 18] Target Validation accuracy:0.5018.  Loss:1.581
best_acc 0.5018 
[Epoch 19] Training accuracy: 85.8984.   Classification Loss: 33.944   Affinity Loss: -316.459  Weight Loss: 41.893  LR: 0.000377
[Epoch 19] Target Validation accuracy:0.4870.  Loss:1.681
[Epoch 20] Training accuracy: 86.9453.   Classification Loss: 31.581   Affinity Loss: -336.952  Weight Loss: 41.856  LR: 0.000358
[Epoch 20] Target Validation accuracy:0.4951.  Loss:1.708
[Epoch 21] Training accuracy: 86.7969.   Classification Loss: 31.321   Affinity Loss: -341.928  Weight Loss: 41.800  LR: 0.000341
[Epoch 21] Target Validation accuracy:0.4890.  Loss:1.763
[Epoch 22] Training accuracy: 87.7812.   Classification Loss: 28.969   Affinity Loss: -361.077  Weight Loss: 41.805  LR: 0.000324
[Epoch 22] Target Validation accuracy:0.4915.  Loss:1.759
[Epoch 23] Training accuracy: 88.0859.   Classification Loss: 27.328   Affinity Loss: -352.624  Weight Loss: 41.776  LR: 0.000307
[Epoch 23] Target Validation accuracy:0.5015.  Loss:1.694
[Epoch 24] Training accuracy: 88.3203.   Classification Loss: 26.902   Affinity Loss: -345.693  Weight Loss: 41.695  LR: 0.000292
[Epoch 24] Target Validation accuracy:0.4962.  Loss:1.743
[Epoch 25] Training accuracy: 89.3047.   Classification Loss: 24.749   Affinity Loss: -334.705  Weight Loss: 41.659  LR: 0.000277
[Epoch 25] Target Validation accuracy:0.5099.  Loss:1.691
best_acc 0.5099 
[Epoch 26] Training accuracy: 89.3672.   Classification Loss: 23.758   Affinity Loss: -362.715  Weight Loss: 41.649  LR: 0.000264
[Epoch 26] Target Validation accuracy:0.5138.  Loss:1.685
best_acc 0.5138 
[Epoch 27] Training accuracy: 89.7578.   Classification Loss: 22.588   Affinity Loss: -334.450  Weight Loss: 41.644  LR: 0.000250
[Epoch 27] Target Validation accuracy:0.4918.  Loss:1.771
[Epoch 28] Training accuracy: 89.8828.   Classification Loss: 21.808   Affinity Loss: -342.300  Weight Loss: 41.606  LR: 0.000238
[Epoch 28] Target Validation accuracy:0.4999.  Loss:1.748
[Epoch 29] Training accuracy: 90.5859.   Classification Loss: 20.180   Affinity Loss: -375.866  Weight Loss: 41.597  LR: 0.000226
[Epoch 29] Target Validation accuracy:0.4845.  Loss:1.893
[Epoch 0]  Confident_Num: 12283    Classification Loss: 36.909   Affinity Loss: -437.478   LR: 0.000238
[Epoch 0] Target Validation accuracy:0.5177.  Loss:1.813
best_acc 0.5177 
[Epoch 1]  Confident_Num: 13000    Classification Loss: 33.380   Affinity Loss: -610.910   LR: 0.000226
[Epoch 1] Target Validation accuracy:0.5403.  Loss:1.756
best_acc 0.5403 
[Epoch 2]  Confident_Num: 14315    Classification Loss: 33.462   Affinity Loss: -676.876   LR: 0.000215
[Epoch 2] Target Validation accuracy:0.5425.  Loss:1.794
best_acc 0.5425 
[Epoch 3]  Confident_Num: 15140    Classification Loss: 32.114   Affinity Loss: -722.876   LR: 0.000204
[Epoch 3] Target Validation accuracy:0.5043.  Loss:1.931
[Epoch 4]  Confident_Num: 15766    Classification Loss: 33.197   Affinity Loss: -669.317   LR: 0.000194
[Epoch 4] Target Validation accuracy:0.5297.  Loss:1.939
[Epoch 5]  Confident_Num: 16232    Classification Loss: 32.616   Affinity Loss: -784.464   LR: 0.000184
[Epoch 5] Target Validation accuracy:0.5208.  Loss:2.011
[Epoch 6]  Confident_Num: 16932    Classification Loss: 31.584   Affinity Loss: -700.469   LR: 0.000175
[Epoch 6] Target Validation accuracy:0.5327.  Loss:1.872
[Epoch 7]  Confident_Num: 17364    Classification Loss: 30.671   Affinity Loss: -805.748   LR: 0.000166
[Epoch 7] Target Validation accuracy:0.5286.  Loss:2.075
[Epoch 8]  Confident_Num: 18544    Classification Loss: 29.802   Affinity Loss: -808.446   LR: 0.000158
[Epoch 8] Target Validation accuracy:0.5272.  Loss:2.056
[Epoch 9]  Confident_Num: 18346    Classification Loss: 28.651   Affinity Loss: -847.318   LR: 0.000150
[Epoch 9] Target Validation accuracy:0.5132.  Loss:2.153
[Epoch 10]  Confident_Num: 18850    Classification Loss: 27.851   Affinity Loss: -846.651   LR: 0.000142
[Epoch 10] Target Validation accuracy:0.5247.  Loss:2.165
[Epoch 11]  Confident_Num: 17113    Classification Loss: 27.398   Affinity Loss: -845.464   LR: 0.000135
[Epoch 11] Target Validation accuracy:0.5313.  Loss:2.161
[Epoch 12]  Confident_Num: 19966    Classification Loss: 26.605   Affinity Loss: -855.727   LR: 0.000129
[Epoch 12] Target Validation accuracy:0.5088.  Loss:2.275
[Epoch 13]  Confident_Num: 19664    Classification Loss: 27.223   Affinity Loss: -901.045   LR: 0.000122
[Epoch 13] Target Validation accuracy:0.5160.  Loss:2.296
[Epoch 14]  Confident_Num: 20541    Classification Loss: 25.608   Affinity Loss: -876.750   LR: 0.000116
[Epoch 14] Target Validation accuracy:0.5174.  Loss:2.290
[Epoch 15]  Confident_Num: 20601    Classification Loss: 25.110   Affinity Loss: -875.567   LR: 0.000110
[Epoch 15] Target Validation accuracy:0.5052.  Loss:2.362
[Epoch 16]  Confident_Num: 21140    Classification Loss: 24.638   Affinity Loss: -870.759   LR: 0.000105
[Epoch 16] Target Validation accuracy:0.5222.  Loss:2.300
[Epoch 17]  Confident_Num: 21420    Classification Loss: 24.099   Affinity Loss: -916.981   LR: 0.000099
[Epoch 17] Target Validation accuracy:0.5052.  Loss:2.401
[Epoch 18]  Confident_Num: 21744    Classification Loss: 23.850   Affinity Loss: -844.735   LR: 0.000094
[Epoch 18] Target Validation accuracy:0.5188.  Loss:2.376
[Epoch 19]  Confident_Num: 21674    Classification Loss: 23.260   Affinity Loss: -897.721   LR: 0.000090
[Epoch 19] Target Validation accuracy:0.5071.  Loss:2.435
[Epoch 20]  Confident_Num: 21805    Classification Loss: 22.699   Affinity Loss: -898.024   LR: 0.000085
[Epoch 20] Target Validation accuracy:0.5079.  Loss:2.432
[Epoch 21]  Confident_Num: 22058    Classification Loss: 21.874   Affinity Loss: -910.587   LR: 0.000081
[Epoch 21] Target Validation accuracy:0.5116.  Loss:2.515
[Epoch 22]  Confident_Num: 22302    Classification Loss: 21.258   Affinity Loss: -948.077   LR: 0.000077
[Epoch 22] Target Validation accuracy:0.5157.  Loss:2.486
[Epoch 23]  Confident_Num: 22351    Classification Loss: 21.566   Affinity Loss: -930.035   LR: 0.000073
[Epoch 23] Target Validation accuracy:0.5196.  Loss:2.472
[Epoch 24]  Confident_Num: 22614    Classification Loss: 20.940   Affinity Loss: -872.244   LR: 0.000069
[Epoch 24] Target Validation accuracy:0.5138.  Loss:2.483
[Epoch 25]  Confident_Num: 22715    Classification Loss: 20.563   Affinity Loss: -926.592   LR: 0.000066
[Epoch 25] Target Validation accuracy:0.5146.  Loss:2.504
[Epoch 26]  Confident_Num: 22773    Classification Loss: 20.421   Affinity Loss: -943.902   LR: 0.000063
[Epoch 26] Target Validation accuracy:0.4999.  Loss:2.597
[Epoch 27]  Confident_Num: 22502    Classification Loss: 20.075   Affinity Loss: -925.927   LR: 0.000060
[Epoch 27] Target Validation accuracy:0.5007.  Loss:2.558
[Epoch 28]  Confident_Num: 22914    Classification Loss: 19.056   Affinity Loss: -925.632   LR: 0.000057
[Epoch 28] Target Validation accuracy:0.5213.  Loss:2.525
[Epoch 29]  Confident_Num: 23033    Classification Loss: 19.046   Affinity Loss: -962.922   LR: 0.000054
[Epoch 29] Target Validation accuracy:0.5052.  Loss:2.652
best_acc 0.5425 
