---------------------------------------------------------------------------------------
Training resnet50 with source data rafdb and target data fer, idx 3:
w1:4        w2:0.0      w3:0.1
---------------------------------------------------------------------------------------
The dataset distribute: 1290, 281, 717, 4772, 1982, 705, 2524
The dataset distribute: 329, 74, 160, 1185, 478, 162, 680
FER train path: /workspace/ttt/code/data/fer2013
FER train found images: 28709
The dataset distribute: 3171, 4097, 436, 7215, 4830, 3995, 4965
FER test images: 3589
FER test path: /workspace/ttt/code/data/fer2013
FER test found images: 3589
The dataset distribute: 416, 528, 55, 879, 594, 491, 626
[Epoch 0] Training accuracy: 0.5781.   Classification Loss: 1.344   Affinity Loss: -2.483  Weight Loss: 0.503  LR: 0.001000
[Epoch 0] Target Validation accuracy:0.2288.  Loss:2.771
best_acc 0.2288 
[Epoch 1] Training accuracy: 0.6868.   Classification Loss: 1.057   Affinity Loss: -3.037  Weight Loss: 0.488  LR: 0.000950
[Epoch 1] Target Validation accuracy:0.4358.  Loss:1.573
best_acc 0.4358 
[Epoch 2] Training accuracy: 0.7232.   Classification Loss: 0.933   Affinity Loss: -3.043  Weight Loss: 0.475  LR: 0.000902
[Epoch 2] Target Validation accuracy:0.4352.  Loss:1.639
[Epoch 3] Training accuracy: 0.7444.   Classification Loss: 0.861   Affinity Loss: -2.873  Weight Loss: 0.465  LR: 0.000857
[Epoch 3] Target Validation accuracy:0.4656.  Loss:1.557
best_acc 0.4656 
[Epoch 4] Training accuracy: 0.7658.   Classification Loss: 0.797   Affinity Loss: -2.912  Weight Loss: 0.458  LR: 0.000815
[Epoch 4] Target Validation accuracy:0.3870.  Loss:1.766
[Epoch 5] Training accuracy: 0.7840.   Classification Loss: 0.731   Affinity Loss: -3.234  Weight Loss: 0.454  LR: 0.000774
[Epoch 5] Target Validation accuracy:0.4597.  Loss:1.565
[Epoch 6] Training accuracy: 0.7946.   Classification Loss: 0.687   Affinity Loss: -3.401  Weight Loss: 0.450  LR: 0.000735
[Epoch 6] Target Validation accuracy:0.4132.  Loss:1.770
[Epoch 7] Training accuracy: 0.8039.   Classification Loss: 0.645   Affinity Loss: -3.045  Weight Loss: 0.447  LR: 0.000698
[Epoch 7] Target Validation accuracy:0.4494.  Loss:1.706
[Epoch 8] Training accuracy: 0.8126.   Classification Loss: 0.619   Affinity Loss: -3.151  Weight Loss: 0.445  LR: 0.000663
[Epoch 8] Target Validation accuracy:0.4597.  Loss:1.597
[Epoch 9] Training accuracy: 0.8220.   Classification Loss: 0.592   Affinity Loss: -2.960  Weight Loss: 0.444  LR: 0.000630
[Epoch 9] Target Validation accuracy:0.4792.  Loss:1.553
best_acc 0.4792 
[Epoch 10] Training accuracy: 0.8316.   Classification Loss: 0.558   Affinity Loss: -3.368  Weight Loss: 0.443  LR: 0.000599
[Epoch 10] Target Validation accuracy:0.4508.  Loss:1.646
[Epoch 11] Training accuracy: 0.8406.   Classification Loss: 0.533   Affinity Loss: -3.254  Weight Loss: 0.442  LR: 0.000569
[Epoch 11] Target Validation accuracy:0.4634.  Loss:1.829
[Epoch 12] Training accuracy: 0.8525.   Classification Loss: 0.496   Affinity Loss: -3.146  Weight Loss: 0.441  LR: 0.000540
[Epoch 12] Target Validation accuracy:0.4837.  Loss:1.628
best_acc 0.4837 
[Epoch 13] Training accuracy: 0.8582.   Classification Loss: 0.475   Affinity Loss: -3.281  Weight Loss: 0.440  LR: 0.000513
[Epoch 13] Target Validation accuracy:0.4923.  Loss:1.558
best_acc 0.4923 
[Epoch 14] Training accuracy: 0.8636.   Classification Loss: 0.455   Affinity Loss: -3.237  Weight Loss: 0.439  LR: 0.000488
[Epoch 14] Target Validation accuracy:0.5040.  Loss:1.520
best_acc 0.504 
[Epoch 15] Training accuracy: 0.8670.   Classification Loss: 0.443   Affinity Loss: -3.577  Weight Loss: 0.439  LR: 0.000463
[Epoch 15] Target Validation accuracy:0.4773.  Loss:1.691
[Epoch 16] Training accuracy: 0.8752.   Classification Loss: 0.417   Affinity Loss: -3.300  Weight Loss: 0.439  LR: 0.000440
[Epoch 16] Target Validation accuracy:0.4656.  Loss:1.707
[Epoch 17] Training accuracy: 0.8843.   Classification Loss: 0.394   Affinity Loss: -3.294  Weight Loss: 0.438  LR: 0.000418
[Epoch 17] Target Validation accuracy:0.4951.  Loss:1.654
[Epoch 18] Training accuracy: 0.8895.   Classification Loss: 0.377   Affinity Loss: -3.430  Weight Loss: 0.436  LR: 0.000397
[Epoch 18] Target Validation accuracy:0.5074.  Loss:1.580
best_acc 0.5074 
[Epoch 19] Training accuracy: 0.9006.   Classification Loss: 0.350   Affinity Loss: -3.205  Weight Loss: 0.436  LR: 0.000377
[Epoch 19] Target Validation accuracy:0.5124.  Loss:1.615
best_acc 0.5124 
[Epoch 20] Training accuracy: 0.9008.   Classification Loss: 0.337   Affinity Loss: -3.330  Weight Loss: 0.436  LR: 0.000358
[Epoch 20] Target Validation accuracy:0.5063.  Loss:1.665
[Epoch 21] Training accuracy: 0.9095.   Classification Loss: 0.317   Affinity Loss: -3.475  Weight Loss: 0.436  LR: 0.000341
[Epoch 21] Target Validation accuracy:0.5141.  Loss:1.665
best_acc 0.5141 
[Epoch 22] Training accuracy: 0.9134.   Classification Loss: 0.308   Affinity Loss: -3.681  Weight Loss: 0.435  LR: 0.000324
[Epoch 22] Target Validation accuracy:0.5054.  Loss:1.672
[Epoch 23] Training accuracy: 0.9206.   Classification Loss: 0.290   Affinity Loss: -3.550  Weight Loss: 0.435  LR: 0.000307
[Epoch 23] Target Validation accuracy:0.4837.  Loss:1.860
[Epoch 24] Training accuracy: 0.9232.   Classification Loss: 0.277   Affinity Loss: -3.219  Weight Loss: 0.434  LR: 0.000292
[Epoch 24] Target Validation accuracy:0.4999.  Loss:1.693
[Epoch 25] Training accuracy: 0.9250.   Classification Loss: 0.270   Affinity Loss: -3.607  Weight Loss: 0.434  LR: 0.000277
[Epoch 25] Target Validation accuracy:0.5015.  Loss:1.749
[Epoch 26] Training accuracy: 0.9274.   Classification Loss: 0.260   Affinity Loss: -3.843  Weight Loss: 0.434  LR: 0.000264
[Epoch 26] Target Validation accuracy:0.5040.  Loss:1.644
[Epoch 27] Training accuracy: 0.9368.   Classification Loss: 0.235   Affinity Loss: -3.831  Weight Loss: 0.434  LR: 0.000250
[Epoch 27] Target Validation accuracy:0.5065.  Loss:1.646
[Epoch 28] Training accuracy: 0.9372.   Classification Loss: 0.237   Affinity Loss: -3.900  Weight Loss: 0.434  LR: 0.000238
[Epoch 28] Target Validation accuracy:0.4926.  Loss:1.827
[Epoch 29] Training accuracy: 0.9392.   Classification Loss: 0.224   Affinity Loss: -3.697  Weight Loss: 0.433  LR: 0.000226
[Epoch 29] Target Validation accuracy:0.5038.  Loss:1.731
[Epoch 0] Mean pseudo weight: 0.4868
[Epoch 0] Pseudo Acc: 0.7468 | Pseudo class acc: [0.7875, 0.5455, 0.1963, 0.8561, 0.5733, 0.7066, 0.5909] | Pseudo class num: [1355, 143, 214, 4532, 1092, 617, 1215]
[Epoch 0]  Confident_Num: 9168    Classification Loss: 0.140   Affinity Loss: -0.361   LR: 0.000307
[Epoch 0] Target Validation accuracy:0.5085.  Loss:1.652
[Epoch 1] Mean pseudo weight: 0.4882
[Epoch 1] Pseudo Acc: 0.7578 | Pseudo class acc: [0.7846, 0.5075, 0.1719, 0.8811, 0.6015, 0.7303, 0.6193] | Pseudo class num: [1509, 201, 256, 4212, 1232, 571, 1090]
[Epoch 1]  Confident_Num: 9071    Classification Loss: 0.124   Affinity Loss: -0.374   LR: 0.000292
[Epoch 1] Target Validation accuracy:0.5113.  Loss:1.665
[Epoch 2] Mean pseudo weight: 0.5050
[Epoch 2] Pseudo Acc: 0.7553 | Pseudo class acc: [0.8023, 0.4908, 0.1814, 0.8758, 0.5952, 0.7237, 0.615] | Pseudo class num: [1482, 218, 226, 4164, 1092, 655, 1343]
[Epoch 2]  Confident_Num: 9180    Classification Loss: 0.120   Affinity Loss: -0.481   LR: 0.000277
[Epoch 2] Target Validation accuracy:0.5052.  Loss:1.655
[Epoch 3] Mean pseudo weight: 0.4977
[Epoch 3] Pseudo Acc: 0.7634 | Pseudo class acc: [0.7771, 0.5571, 0.2061, 0.8943, 0.621, 0.702, 0.6093] | Pseudo class num: [1700, 219, 228, 3897, 1124, 755, 1006]
[Epoch 3]  Confident_Num: 8929    Classification Loss: 0.112   Affinity Loss: -0.209   LR: 0.000264
[Epoch 3] Target Validation accuracy:0.5124.  Loss:1.682
[Epoch 4] Mean pseudo weight: 0.5099
[Epoch 4] Pseudo Acc: 0.7620 | Pseudo class acc: [0.7649, 0.6316, 0.2361, 0.8902, 0.6244, 0.6662, 0.6296] | Pseudo class num: [1693, 209, 144, 3943, 1174, 791, 1285]
[Epoch 4]  Confident_Num: 9239    Classification Loss: 0.109   Affinity Loss: -0.352   LR: 0.000250
[Epoch 4] Target Validation accuracy:0.5024.  Loss:1.813
[Epoch 5] Mean pseudo weight: 0.5281
[Epoch 5] Pseudo Acc: 0.7568 | Pseudo class acc: [0.7575, 0.5373, 0.2053, 0.8779, 0.5946, 0.7173, 0.6326] | Pseudo class num: [1876, 201, 151, 4325, 1258, 672, 1342]
[Epoch 5]  Confident_Num: 9825    Classification Loss: 0.104   Affinity Loss: -0.496   LR: 0.000238
[Epoch 5] Target Validation accuracy:0.5297.  Loss:1.585
best_acc 0.5297 
[Epoch 6] Mean pseudo weight: 0.5290
[Epoch 6] Pseudo Acc: 0.7531 | Pseudo class acc: [0.7608, 0.6018, 0.1895, 0.8895, 0.5971, 0.6968, 0.603] | Pseudo class num: [2036, 221, 153, 4289, 1365, 719, 1514]
[Epoch 6]  Confident_Num: 10297    Classification Loss: 0.101   Affinity Loss: -0.766   LR: 0.000226
[Epoch 6] Target Validation accuracy:0.5224.  Loss:1.650
[Epoch 7] Mean pseudo weight: 0.5433
[Epoch 7] Pseudo Acc: 0.7418 | Pseudo class acc: [0.7495, 0.6117, 0.1864, 0.8832, 0.5821, 0.6645, 0.6095] | Pseudo class num: [2204, 206, 177, 4453, 1431, 915, 1680]
[Epoch 7]  Confident_Num: 11066    Classification Loss: 0.100   Affinity Loss: -0.680   LR: 0.000215
[Epoch 7] Target Validation accuracy:0.5210.  Loss:1.717
[Epoch 8] Mean pseudo weight: 0.5536
[Epoch 8] Pseudo Acc: 0.7436 | Pseudo class acc: [0.7335, 0.5627, 0.2116, 0.8811, 0.5833, 0.7141, 0.6128] | Pseudo class num: [2315, 295, 189, 4602, 1435, 780, 1547]
[Epoch 8]  Confident_Num: 11163    Classification Loss: 0.095   Affinity Loss: -0.795   LR: 0.000204
[Epoch 8] Target Validation accuracy:0.5366.  Loss:1.704
best_acc 0.5366 
[Epoch 9] Mean pseudo weight: 0.5752
[Epoch 9] Pseudo Acc: 0.7397 | Pseudo class acc: [0.7386, 0.6256, 0.2214, 0.8823, 0.5788, 0.67, 0.6161] | Pseudo class num: [2364, 211, 131, 4647, 1840, 906, 1688]
[Epoch 9]  Confident_Num: 11787    Classification Loss: 0.093   Affinity Loss: -0.714   LR: 0.000194
[Epoch 9] Target Validation accuracy:0.5369.  Loss:1.636
best_acc 0.5369 
[Epoch 10] Mean pseudo weight: 0.5829
[Epoch 10] Pseudo Acc: 0.7332 | Pseudo class acc: [0.7158, 0.6172, 0.25, 0.8732, 0.568, 0.6794, 0.6219] | Pseudo class num: [2558, 209, 120, 4827, 1838, 992, 1727]
[Epoch 10]  Confident_Num: 12271    Classification Loss: 0.087   Affinity Loss: -0.900   LR: 0.000184
[Epoch 10] Target Validation accuracy:0.5369.  Loss:1.738
[Epoch 11] Mean pseudo weight: 0.5952
[Epoch 11] Pseudo Acc: 0.7154 | Pseudo class acc: [0.7155, 0.6713, 0.2761, 0.8682, 0.5351, 0.6744, 0.584] | Pseudo class num: [2594, 216, 134, 5074, 1921, 1032, 2418]
[Epoch 11]  Confident_Num: 13389    Classification Loss: 0.091   Affinity Loss: -1.231   LR: 0.000175
[Epoch 11] Target Validation accuracy:0.5419.  Loss:1.775
best_acc 0.5419 
[Epoch 12] Mean pseudo weight: 0.6086
[Epoch 12] Pseudo Acc: 0.7209 | Pseudo class acc: [0.7015, 0.7114, 0.2302, 0.8663, 0.5576, 0.6835, 0.6014] | Pseudo class num: [2774, 201, 126, 5159, 1928, 1049, 2323]
[Epoch 12]  Confident_Num: 13560    Classification Loss: 0.088   Affinity Loss: -1.193   LR: 0.000166
[Epoch 12] Target Validation accuracy:0.5447.  Loss:1.777
best_acc 0.5447 
[Epoch 13] Mean pseudo weight: 0.6088
[Epoch 13] Pseudo Acc: 0.7074 | Pseudo class acc: [0.682, 0.7823, 0.2431, 0.8589, 0.5513, 0.6912, 0.5641] | Pseudo class num: [2896, 147, 144, 5564, 1899, 936, 2801]
[Epoch 13]  Confident_Num: 14387    Classification Loss: 0.084   Affinity Loss: -1.424   LR: 0.000158
[Epoch 13] Target Validation accuracy:0.5545.  Loss:1.701
best_acc 0.5545 
[Epoch 14] Mean pseudo weight: 0.6307
[Epoch 14] Pseudo Acc: 0.6971 | Pseudo class acc: [0.6912, 0.6915, 0.2768, 0.8667, 0.5288, 0.6485, 0.5626] | Pseudo class num: [2908, 188, 112, 5332, 2481, 1135, 2725]
[Epoch 14]  Confident_Num: 14881    Classification Loss: 0.085   Affinity Loss: -1.647   LR: 0.000150
[Epoch 14] Target Validation accuracy:0.5330.  Loss:1.785
[Epoch 15] Mean pseudo weight: 0.6366
[Epoch 15] Pseudo Acc: 0.6939 | Pseudo class acc: [0.6652, 0.8, 0.2877, 0.8748, 0.5158, 0.6768, 0.5724] | Pseudo class num: [3175, 160, 146, 5352, 2722, 1151, 2713]
[Epoch 15]  Confident_Num: 15419    Classification Loss: 0.082   Affinity Loss: -1.493   LR: 0.000142
[Epoch 15] Target Validation accuracy:0.5247.  Loss:1.895
[Epoch 16] Mean pseudo weight: 0.6445
[Epoch 16] Pseudo Acc: 0.6849 | Pseudo class acc: [0.6522, 0.8333, 0.2617, 0.8564, 0.5238, 0.6562, 0.5416] | Pseudo class num: [3206, 138, 107, 5696, 2474, 1184, 2897]
[Epoch 16]  Confident_Num: 15702    Classification Loss: 0.081   Affinity Loss: -1.735   LR: 0.000135
[Epoch 16] Target Validation accuracy:0.5472.  Loss:1.858
[Epoch 17] Mean pseudo weight: 0.6607
[Epoch 17] Pseudo Acc: 0.6765 | Pseudo class acc: [0.6962, 0.8146, 0.3404, 0.8569, 0.4873, 0.659, 0.5274] | Pseudo class num: [2999, 178, 94, 5745, 3068, 1302, 3250]
[Epoch 17]  Confident_Num: 16636    Classification Loss: 0.078   Affinity Loss: -1.166   LR: 0.000129
[Epoch 17] Target Validation accuracy:0.5378.  Loss:2.019
[Epoch 18] Mean pseudo weight: 0.6593
[Epoch 18] Pseudo Acc: 0.6669 | Pseudo class acc: [0.6777, 0.7607, 0.3293, 0.8461, 0.4862, 0.6245, 0.5336] | Pseudo class num: [3149, 163, 82, 5809, 3190, 1345, 3216]
[Epoch 18]  Confident_Num: 16954    Classification Loss: 0.079   Affinity Loss: -1.815   LR: 0.000122
[Epoch 18] Target Validation accuracy:0.5539.  Loss:1.883
[Epoch 19] Mean pseudo weight: 0.6715
[Epoch 19] Pseudo Acc: 0.6676 | Pseudo class acc: [0.6726, 0.8056, 0.2949, 0.858, 0.4722, 0.6574, 0.5425] | Pseudo class num: [3213, 180, 78, 5811, 3689, 1299, 3071]
[Epoch 19]  Confident_Num: 17341    Classification Loss: 0.078   Affinity Loss: -1.520   LR: 0.000116
[Epoch 19] Target Validation accuracy:0.5475.  Loss:1.918
[Epoch 20] Mean pseudo weight: 0.6778
[Epoch 20] Pseudo Acc: 0.6600 | Pseudo class acc: [0.6638, 0.8224, 0.3148, 0.8566, 0.4667, 0.6382, 0.534] | Pseudo class num: [3302, 152, 108, 5971, 3741, 1299, 3352]
[Epoch 20]  Confident_Num: 17925    Classification Loss: 0.078   Affinity Loss: -1.544   LR: 0.000110
[Epoch 20] Target Validation accuracy:0.5442.  Loss:1.988
[Epoch 21] Mean pseudo weight: 0.6882
[Epoch 21] Pseudo Acc: 0.6464 | Pseudo class acc: [0.6586, 0.8991, 0.3837, 0.8453, 0.4441, 0.6419, 0.5268] | Pseudo class num: [3371, 109, 86, 6136, 4294, 1332, 3282]
[Epoch 21]  Confident_Num: 18610    Classification Loss: 0.077   Affinity Loss: -2.189   LR: 0.000105
[Epoch 21] Target Validation accuracy:0.5397.  Loss:2.112
[Epoch 22] Mean pseudo weight: 0.6844
[Epoch 22] Pseudo Acc: 0.6365 | Pseudo class acc: [0.6587, 0.8489, 0.3333, 0.8521, 0.4205, 0.6435, 0.5343] | Pseudo class num: [3311, 139, 81, 6011, 4906, 1425, 3176]
[Epoch 22]  Confident_Num: 19049    Classification Loss: 0.072   Affinity Loss: -1.759   LR: 0.000099
[Epoch 22] Target Validation accuracy:0.5439.  Loss:2.095
[Epoch 23] Mean pseudo weight: 0.7005
[Epoch 23] Pseudo Acc: 0.6303 | Pseudo class acc: [0.6606, 0.8264, 0.411, 0.8443, 0.4114, 0.6447, 0.523] | Pseudo class num: [3273, 144, 73, 6256, 5083, 1337, 3319]
[Epoch 23]  Confident_Num: 19485    Classification Loss: 0.074   Affinity Loss: -1.951   LR: 0.000094
[Epoch 23] Target Validation accuracy:0.5495.  Loss:2.080
[Epoch 24] Mean pseudo weight: 0.7026
[Epoch 24] Pseudo Acc: 0.6266 | Pseudo class acc: [0.6498, 0.881, 0.4146, 0.8612, 0.4127, 0.6435, 0.5086] | Pseudo class num: [3472, 126, 41, 6001, 5241, 1369, 3498]
[Epoch 24]  Confident_Num: 19748    Classification Loss: 0.069   Affinity Loss: -2.100   LR: 0.000090
[Epoch 24] Target Validation accuracy:0.5458.  Loss:2.139
[Epoch 25] Mean pseudo weight: 0.7093
[Epoch 25] Pseudo Acc: 0.6272 | Pseudo class acc: [0.6428, 0.8824, 0.3571, 0.8459, 0.4215, 0.6404, 0.5191] | Pseudo class num: [3544, 136, 56, 6236, 5364, 1421, 3273]
[Epoch 25]  Confident_Num: 20030    Classification Loss: 0.069   Affinity Loss: -1.845   LR: 0.000085
[Epoch 25] Target Validation accuracy:0.5327.  Loss:2.138
[Epoch 26] Mean pseudo weight: 0.7175
[Epoch 26] Pseudo Acc: 0.6088 | Pseudo class acc: [0.6356, 0.9076, 0.3559, 0.8461, 0.391, 0.6514, 0.4953] | Pseudo class num: [3677, 119, 59, 6166, 5721, 1265, 3440]
[Epoch 26]  Confident_Num: 20447    Classification Loss: 0.067   Affinity Loss: -1.918   LR: 0.000081
[Epoch 26] Target Validation accuracy:0.5439.  Loss:2.115
[Epoch 27] Mean pseudo weight: 0.7250
[Epoch 27] Pseudo Acc: 0.6100 | Pseudo class acc: [0.6779, 0.928, 0.4308, 0.8402, 0.3932, 0.6276, 0.4705] | Pseudo class num: [3238, 125, 65, 6365, 5491, 1485, 3930]
[Epoch 27]  Confident_Num: 20699    Classification Loss: 0.068   Affinity Loss: -1.949   LR: 0.000077
[Epoch 27] Target Validation accuracy:0.5339.  Loss:2.205
[Epoch 28] Mean pseudo weight: 0.7306
[Epoch 28] Pseudo Acc: 0.6135 | Pseudo class acc: [0.6432, 0.901, 0.3729, 0.8453, 0.4011, 0.628, 0.4856] | Pseudo class num: [3599, 101, 59, 6316, 5230, 1500, 3886]
[Epoch 28]  Confident_Num: 20691    Classification Loss: 0.066   Affinity Loss: -2.286   LR: 0.000073
[Epoch 28] Target Validation accuracy:0.5430.  Loss:2.167
[Epoch 29] Mean pseudo weight: 0.7392
[Epoch 29] Pseudo Acc: 0.6087 | Pseudo class acc: [0.661, 0.9178, 0.3429, 0.8454, 0.3901, 0.633, 0.4802] | Pseudo class num: [3487, 146, 70, 6299, 5747, 1545, 3744]
[Epoch 29]  Confident_Num: 21038    Classification Loss: 0.067   Affinity Loss: -1.806   LR: 0.000069
[Epoch 29] Target Validation accuracy:0.5336.  Loss:2.213
best_acc 0.5545 
