---------------------------------------------------------------------------------------
Training resnet50 with source data rafdb and target data fer, idx 3:
w1:4        w2:0.0      w3:0.1
---------------------------------------------------------------------------------------
The dataset distribute: 1290, 281, 717, 4772, 1982, 705, 2524
The dataset distribute: 329, 74, 160, 1185, 478, 162, 680
FER train path: /workspace/ttt/code/data/fer2013
FER train found images: 28709
The dataset distribute: 3171, 4097, 436, 7215, 4830, 3995, 4965
FER test images: 3589
FER test path: /workspace/ttt/code/data/fer2013
FER test found images: 3589
The dataset distribute: 416, 528, 55, 879, 594, 491, 626
[Epoch 0] Training accuracy: 0.5781.   Classification Loss: 1.344   Affinity Loss: -2.483  Weight Loss: 0.503  LR: 0.001000
[Epoch 0] Target Validation accuracy:0.2288.  Loss:2.771
best_acc 0.2288 
[Epoch 1] Training accuracy: 0.6868.   Classification Loss: 1.057   Affinity Loss: -3.037  Weight Loss: 0.488  LR: 0.000950
[Epoch 1] Target Validation accuracy:0.4358.  Loss:1.573
best_acc 0.4358 
[Epoch 2] Training accuracy: 0.7232.   Classification Loss: 0.933   Affinity Loss: -3.043  Weight Loss: 0.475  LR: 0.000902
[Epoch 2] Target Validation accuracy:0.4352.  Loss:1.639
[Epoch 3] Training accuracy: 0.7444.   Classification Loss: 0.861   Affinity Loss: -2.873  Weight Loss: 0.465  LR: 0.000857
[Epoch 3] Target Validation accuracy:0.4656.  Loss:1.557
best_acc 0.4656 
[Epoch 4] Training accuracy: 0.7658.   Classification Loss: 0.797   Affinity Loss: -2.912  Weight Loss: 0.458  LR: 0.000815
[Epoch 4] Target Validation accuracy:0.3870.  Loss:1.766
[Epoch 5] Training accuracy: 0.7840.   Classification Loss: 0.731   Affinity Loss: -3.234  Weight Loss: 0.454  LR: 0.000774
[Epoch 5] Target Validation accuracy:0.4597.  Loss:1.565
[Epoch 6] Training accuracy: 0.7946.   Classification Loss: 0.687   Affinity Loss: -3.401  Weight Loss: 0.450  LR: 0.000735
[Epoch 6] Target Validation accuracy:0.4132.  Loss:1.770
[Epoch 7] Training accuracy: 0.8039.   Classification Loss: 0.645   Affinity Loss: -3.045  Weight Loss: 0.447  LR: 0.000698
[Epoch 7] Target Validation accuracy:0.4494.  Loss:1.706
[Epoch 8] Training accuracy: 0.8126.   Classification Loss: 0.619   Affinity Loss: -3.151  Weight Loss: 0.445  LR: 0.000663
[Epoch 8] Target Validation accuracy:0.4597.  Loss:1.597
[Epoch 9] Training accuracy: 0.8220.   Classification Loss: 0.592   Affinity Loss: -2.960  Weight Loss: 0.444  LR: 0.000630
[Epoch 9] Target Validation accuracy:0.4792.  Loss:1.553
best_acc 0.4792 
[Epoch 10] Training accuracy: 0.8316.   Classification Loss: 0.558   Affinity Loss: -3.368  Weight Loss: 0.443  LR: 0.000599
[Epoch 10] Target Validation accuracy:0.4508.  Loss:1.646
[Epoch 11] Training accuracy: 0.8406.   Classification Loss: 0.533   Affinity Loss: -3.254  Weight Loss: 0.442  LR: 0.000569
[Epoch 11] Target Validation accuracy:0.4634.  Loss:1.829
[Epoch 12] Training accuracy: 0.8525.   Classification Loss: 0.496   Affinity Loss: -3.146  Weight Loss: 0.441  LR: 0.000540
[Epoch 12] Target Validation accuracy:0.4837.  Loss:1.628
best_acc 0.4837 
[Epoch 13] Training accuracy: 0.8582.   Classification Loss: 0.475   Affinity Loss: -3.281  Weight Loss: 0.440  LR: 0.000513
[Epoch 13] Target Validation accuracy:0.4923.  Loss:1.558
best_acc 0.4923 
[Epoch 14] Training accuracy: 0.8636.   Classification Loss: 0.455   Affinity Loss: -3.237  Weight Loss: 0.439  LR: 0.000488
[Epoch 14] Target Validation accuracy:0.5040.  Loss:1.520
best_acc 0.504 
[Epoch 15] Training accuracy: 0.8670.   Classification Loss: 0.443   Affinity Loss: -3.577  Weight Loss: 0.439  LR: 0.000463
[Epoch 15] Target Validation accuracy:0.4773.  Loss:1.691
[Epoch 16] Training accuracy: 0.8752.   Classification Loss: 0.417   Affinity Loss: -3.300  Weight Loss: 0.439  LR: 0.000440
[Epoch 16] Target Validation accuracy:0.4656.  Loss:1.707
[Epoch 17] Training accuracy: 0.8843.   Classification Loss: 0.394   Affinity Loss: -3.294  Weight Loss: 0.438  LR: 0.000418
[Epoch 17] Target Validation accuracy:0.4951.  Loss:1.654
[Epoch 18] Training accuracy: 0.8895.   Classification Loss: 0.377   Affinity Loss: -3.430  Weight Loss: 0.436  LR: 0.000397
[Epoch 18] Target Validation accuracy:0.5074.  Loss:1.580
best_acc 0.5074 
[Epoch 19] Training accuracy: 0.9006.   Classification Loss: 0.350   Affinity Loss: -3.205  Weight Loss: 0.436  LR: 0.000377
[Epoch 19] Target Validation accuracy:0.5124.  Loss:1.615
best_acc 0.5124 
[Epoch 20] Training accuracy: 0.9008.   Classification Loss: 0.337   Affinity Loss: -3.330  Weight Loss: 0.436  LR: 0.000358
[Epoch 20] Target Validation accuracy:0.5063.  Loss:1.665
[Epoch 21] Training accuracy: 0.9095.   Classification Loss: 0.317   Affinity Loss: -3.475  Weight Loss: 0.436  LR: 0.000341
[Epoch 21] Target Validation accuracy:0.5141.  Loss:1.665
best_acc 0.5141 
[Epoch 22] Training accuracy: 0.9134.   Classification Loss: 0.308   Affinity Loss: -3.681  Weight Loss: 0.435  LR: 0.000324
[Epoch 22] Target Validation accuracy:0.5054.  Loss:1.672
[Epoch 23] Training accuracy: 0.9206.   Classification Loss: 0.290   Affinity Loss: -3.550  Weight Loss: 0.435  LR: 0.000307
[Epoch 23] Target Validation accuracy:0.4837.  Loss:1.860
[Epoch 24] Training accuracy: 0.9232.   Classification Loss: 0.277   Affinity Loss: -3.219  Weight Loss: 0.434  LR: 0.000292
[Epoch 24] Target Validation accuracy:0.4999.  Loss:1.693
[Epoch 25] Training accuracy: 0.9250.   Classification Loss: 0.270   Affinity Loss: -3.607  Weight Loss: 0.434  LR: 0.000277
[Epoch 25] Target Validation accuracy:0.5015.  Loss:1.749
[Epoch 26] Training accuracy: 0.9274.   Classification Loss: 0.260   Affinity Loss: -3.843  Weight Loss: 0.434  LR: 0.000264
[Epoch 26] Target Validation accuracy:0.5040.  Loss:1.644
[Epoch 27] Training accuracy: 0.9368.   Classification Loss: 0.235   Affinity Loss: -3.831  Weight Loss: 0.434  LR: 0.000250
[Epoch 27] Target Validation accuracy:0.5065.  Loss:1.646
[Epoch 28] Training accuracy: 0.9372.   Classification Loss: 0.237   Affinity Loss: -3.900  Weight Loss: 0.434  LR: 0.000238
[Epoch 28] Target Validation accuracy:0.4926.  Loss:1.827
[Epoch 29] Training accuracy: 0.9392.   Classification Loss: 0.224   Affinity Loss: -3.697  Weight Loss: 0.433  LR: 0.000226
[Epoch 29] Target Validation accuracy:0.5038.  Loss:1.731
[Epoch 0] Pseudo Acc: 0.7294 | Pseudo class acc: [0.7547, 0.7692, 0.1709, 0.8251, 0.5156, 0.7246, 0.6016] | Pseudo class num: [1920, 39, 117, 5289, 1408, 552, 1466]
[Epoch 0]  Confident_Num: 10791    Classification Loss: 0.182   Affinity Loss: -2.359   LR: 0.000307
[Epoch 0] Target Validation accuracy:0.5458.  Loss:1.639
best_acc 0.5458 
[Epoch 1] Pseudo Acc: 0.7442 | Pseudo class acc: [0.7274, 0.6304, 0.1946, 0.8596, 0.5622, 0.7274, 0.5923] | Pseudo class num: [2370, 92, 149, 5443, 1398, 543, 1533]
[Epoch 1]  Confident_Num: 11528    Classification Loss: 0.167   Affinity Loss: -1.475   LR: 0.000292
[Epoch 1] Target Validation accuracy:0.5230.  Loss:1.713
[Epoch 2] Pseudo Acc: 0.7253 | Pseudo class acc: [0.6691, 0.6875, 0.2556, 0.8286, 0.5711, 0.7391, 0.6042] | Pseudo class num: [2741, 32, 90, 6022, 1525, 571, 1632]
[Epoch 2]  Confident_Num: 12613    Classification Loss: 0.172   Affinity Loss: -2.891   LR: 0.000277
[Epoch 2] Target Validation accuracy:0.5196.  Loss:1.745
[Epoch 3] Pseudo Acc: 0.7221 | Pseudo class acc: [0.6741, 0.6512, 0.2946, 0.8307, 0.5655, 0.7278, 0.5958] | Pseudo class num: [2706, 43, 129, 6138, 1588, 551, 1843]
[Epoch 3]  Confident_Num: 12998    Classification Loss: 0.162   Affinity Loss: -2.351   LR: 0.000264
[Epoch 3] Target Validation accuracy:0.5288.  Loss:1.760
[Epoch 4] Pseudo Acc: 0.7156 | Pseudo class acc: [0.6618, 0.6571, 0.2874, 0.8491, 0.5471, 0.7166, 0.5823] | Pseudo class num: [3019, 35, 87, 5986, 2007, 628, 1949]
[Epoch 4]  Confident_Num: 13711    Classification Loss: 0.155   Affinity Loss: -2.686   LR: 0.000250
[Epoch 4] Target Validation accuracy:0.5121.  Loss:1.835
[Epoch 5] Pseudo Acc: 0.7069 | Pseudo class acc: [0.6054, 0.7073, 0.4, 0.8312, 0.5912, 0.7589, 0.5642] | Pseudo class num: [2765, 41, 55, 5953, 1524, 531, 2063]
[Epoch 5]  Confident_Num: 12932    Classification Loss: 0.147   Affinity Loss: -2.997   LR: 0.000238
[Epoch 5] Target Validation accuracy:0.5316.  Loss:1.716
[Epoch 6] Pseudo Acc: 0.7008 | Pseudo class acc: [0.6566, 0.9048, 0.2857, 0.8046, 0.5518, 0.7296, 0.5709] | Pseudo class num: [3011, 42, 77, 6644, 1825, 651, 2158]
[Epoch 6]  Confident_Num: 14408    Classification Loss: 0.150   Affinity Loss: -2.576   LR: 0.000226
[Epoch 6] Target Validation accuracy:0.5313.  Loss:1.865
[Epoch 7] Pseudo Acc: 0.6794 | Pseudo class acc: [0.6494, 0.8837, 0.4333, 0.7954, 0.5297, 0.7194, 0.5409] | Pseudo class num: [3058, 43, 60, 6795, 2256, 638, 2729]
[Epoch 7]  Confident_Num: 15579    Classification Loss: 0.151   Affinity Loss: -2.639   LR: 0.000215
[Epoch 7] Target Validation accuracy:0.5146.  Loss:1.981
[Epoch 8] Pseudo Acc: 0.6627 | Pseudo class acc: [0.5998, 0.7222, 0.4074, 0.8096, 0.4834, 0.7248, 0.5402] | Pseudo class num: [3418, 36, 27, 6481, 2567, 734, 2588]
[Epoch 8]  Confident_Num: 15851    Classification Loss: 0.148   Affinity Loss: -3.097   LR: 0.000204
[Epoch 8] Target Validation accuracy:0.5252.  Loss:1.895
[Epoch 9] Pseudo Acc: 0.6475 | Pseudo class acc: [0.5949, 0.9412, 0.5625, 0.8113, 0.476, 0.7332, 0.5] | Pseudo class num: [3747, 17, 32, 6576, 2725, 581, 3146]
[Epoch 9]  Confident_Num: 16824    Classification Loss: 0.139   Affinity Loss: -3.367   LR: 0.000194
[Epoch 9] Target Validation accuracy:0.5313.  Loss:2.013
[Epoch 10] Pseudo Acc: 0.6348 | Pseudo class acc: [0.5755, 0.7727, 0.439, 0.8261, 0.4573, 0.6978, 0.497] | Pseudo class num: [3828, 22, 41, 6325, 3455, 771, 3004]
[Epoch 10]  Confident_Num: 17446    Classification Loss: 0.143   Affinity Loss: -3.262   LR: 0.000184
[Epoch 10] Target Validation accuracy:0.5383.  Loss:1.972
[Epoch 11] Pseudo Acc: 0.6380 | Pseudo class acc: [0.5839, 0.9091, 0.4706, 0.8377, 0.4502, 0.6963, 0.516] | Pseudo class num: [4042, 22, 17, 6259, 3925, 843, 2839]
[Epoch 11]  Confident_Num: 17947    Classification Loss: 0.137   Affinity Loss: -3.096   LR: 0.000175
[Epoch 11] Target Validation accuracy:0.5308.  Loss:2.063
[Epoch 12] Pseudo Acc: 0.6195 | Pseudo class acc: [0.5665, 0.8333, 0.3704, 0.8177, 0.423, 0.7012, 0.5231] | Pseudo class num: [4055, 12, 27, 6271, 4227, 753, 2638]
[Epoch 12]  Confident_Num: 17983    Classification Loss: 0.133   Affinity Loss: -3.618   LR: 0.000166
[Epoch 12] Target Validation accuracy:0.5085.  Loss:2.208
[Epoch 13] Pseudo Acc: 0.5944 | Pseudo class acc: [0.5842, 0.9167, 0.3636, 0.853, 0.379, 0.6756, 0.497] | Pseudo class num: [3956, 12, 11, 5818, 5688, 780, 3129]
[Epoch 13]  Confident_Num: 19394    Classification Loss: 0.127   Affinity Loss: -3.750   LR: 0.000158
[Epoch 13] Target Validation accuracy:0.4544.  Loss:2.426
[Epoch 14] Pseudo Acc: 0.5840 | Pseudo class acc: [0.6118, 1.0, 0.4, 0.8392, 0.3596, 0.6958, 0.5122] | Pseudo class num: [3756, 16, 10, 5784, 6551, 710, 2714]
[Epoch 14]  Confident_Num: 19541    Classification Loss: 0.124   Affinity Loss: -3.469   LR: 0.000150
[Epoch 14] Target Validation accuracy:0.5166.  Loss:2.272
[Epoch 15] Pseudo Acc: 0.5834 | Pseudo class acc: [0.5879, 1.0, 0.3333, 0.8334, 0.3704, 0.6864, 0.4775] | Pseudo class num: [3965, 14, 9, 5980, 5839, 759, 3317]
[Epoch 15]  Confident_Num: 19883    Classification Loss: 0.122   Affinity Loss: -3.516   LR: 0.000142
[Epoch 15] Target Validation accuracy:0.5099.  Loss:2.240
