---------------------------------------------------------------------------------------
EMA + Dual View + Stable CAT + Prototype + Temporal Consistency v1: mobilenet_v2 with source rafdb and target fer
alpha(w1):4.0 beta(w2):0.3 gamma(w3):0.1 ema:0.999 tau0:0.85 threshold_beta:0.5 margin:0.02 threshold_range:[0.8,0.95]
prototype weight:0.1 temp:0.2 momentum:0.99 source_anchor:0.5 warmup:3 ramp:5
temporal enabled:True momentum:0.7 min_streak:2 warmup:2 target_soft_weight:0.0 eval_ema:True run_name:temporal_hard_only
---------------------------------------------------------------------------------------
The dataset distribute: 1290, 281, 717, 4772, 1982, 705, 2524
The dataset distribute: 1290, 281, 717, 4772, 1982, 705, 2524
FER train split (train), samples: 28709
The dataset distribute: 3171, 4097, 436, 7215, 4830, 3995, 4965
FER train split (train), samples: 28709
The dataset distribute: 3171, 4097, 436, 7215, 4830, 3995, 4965
FER val split (val), samples: 3589
The dataset distribute: 415, 496, 56, 895, 653, 467, 607
FER test split (test), samples: 3589
The dataset distribute: 416, 528, 55, 879, 594, 491, 626
Loading pretrained weights... models/rafdb_fer/mobilenet_v2_rafdb_fer_prototype_consistency_v1_source_best.pth
[Epoch -1] Target Validation Source accuracy: 0.5107. Loss: 1.612
[Epoch -1] Target Validation Source recall [surprise, fear, disgust, happy, sad, angry, neutral]: [0.6867 0.0766 0.4286 0.8257 0.487  0.2441 0.5189] Macro Recall: 0.4668
source prototype counts: [1290,  281,  717, 4772, 1982,  705, 2524]
[Target Epoch 0] class mean confidence: [0.7646 0.6772 0.631  0.7872 0.7031 0.6831 0.6782] global_mean: 0.7035 threshold_center: 0.8500
[Target Epoch 0] class-adaptive thresholds: [0.8805 0.8369 0.8137 0.8919 0.8498 0.8398 0.8374]
[Target Epoch 0] Agreement_Num: 22748 Confident_Num: 8044 Pseudo_Distribution: [1034,  191,  106, 3676, 1411,  397, 1229]
[Target Epoch 0] Dual_Pseudo_Distribution: [1034,  191,  106, 3676, 1411,  397, 1229] SoftWeight: 0.0000
[Target Epoch 0] Temporal_Stable: 0/8044 History_Disagrees: 0 Label_Flips: 0 Retention_By_Class: [1. 1. 1. 1. 1. 1. 1.] Warmup: True
[Target Epoch 0] Prototype_Agreement: 8036/8044 (0.9990) Mean_Assigned_Cosine: 0.9808 Target_Prototype_Counts: [1034,  191,  106, 3676, 1411,  397, 1229]
[Target Epoch 0] Classification Loss: 0.193 Affinity Loss: -0.172 Weight Loss: 0.449 Prototype Loss: 0.565 ProtoWeight: 0.0000 LR: 0.000418
[Epoch 0] Target Validation Student accuracy: 0.5138. Loss: 1.653
[Epoch 0] Target Validation Student recall [surprise, fear, disgust, happy, sad, angry, neutral]: [0.6602 0.1452 0.4464 0.8078 0.4625 0.3704 0.453 ] Macro Recall: 0.4779
[Epoch 0] Target Validation EMA accuracy: 0.5166. Loss: 1.607
[Epoch 0] Target Validation EMA recall [surprise, fear, disgust, happy, sad, angry, neutral]: [0.6964 0.0766 0.4464 0.8235 0.4885 0.2548 0.5387] Macro Recall: 0.4750
best target-stage validation accuracy 0.5166 (ema_teacher)
[Target Epoch 1] class mean confidence: [0.7729 0.6756 0.6348 0.7961 0.7131 0.6901 0.6899] global_mean: 0.7104 threshold_center: 0.8500
[Target Epoch 1] class-adaptive thresholds: [0.8813 0.8326 0.8122 0.8929 0.8514 0.8399 0.8398]
[Target Epoch 1] Agreement_Num: 23025 Confident_Num: 8889 Pseudo_Distribution: [1203,  199,  140, 3954, 1523,  437, 1433]
[Target Epoch 1] Dual_Pseudo_Distribution: [1203,  199,  140, 3954, 1523,  437, 1433] SoftWeight: 0.0000
[Target Epoch 1] Temporal_Stable: 6471/8889 History_Disagrees: 40 Label_Flips: 5859 Retention_By_Class: [1. 1. 1. 1. 1. 1. 1.] Warmup: True
[Target Epoch 1] Prototype_Agreement: 8879/8889 (0.9989) Mean_Assigned_Cosine: 0.9807 Target_Prototype_Counts: [2237,  390,  246, 7630, 2934,  834, 2662]
[Target Epoch 1] Classification Loss: 0.167 Affinity Loss: -0.188 Weight Loss: 0.447 Prototype Loss: 0.535 ProtoWeight: 0.0000 LR: 0.000397
[Epoch 1] Target Validation Student accuracy: 0.5230. Loss: 1.671
[Epoch 1] Target Validation Student recall [surprise, fear, disgust, happy, sad, angry, neutral]: [0.6795 0.0887 0.3393 0.8201 0.5084 0.2612 0.5667] Macro Recall: 0.4663
[Epoch 1] Target Validation EMA accuracy: 0.5244. Loss: 1.603
[Epoch 1] Target Validation EMA recall [surprise, fear, disgust, happy, sad, angry, neutral]: [0.7181 0.0827 0.4286 0.8223 0.4885 0.2762 0.5519] Macro Recall: 0.4812
best target-stage validation accuracy 0.5244 (ema_teacher)
[Target Epoch 2] class mean confidence: [0.7797 0.6973 0.6528 0.8078 0.7211 0.7028 0.7032] global_mean: 0.7235 threshold_center: 0.8500
[Target Epoch 2] class-adaptive thresholds: [0.8781 0.8369 0.8146 0.8922 0.8488 0.8396 0.8398]
[Target Epoch 2] Agreement_Num: 23413 Confident_Num: 7489 Pseudo_Distribution: [1032,  158,   91, 3557, 1204,  361, 1086]
[Target Epoch 2] Dual_Pseudo_Distribution: [1381,  242,  174, 4220, 1684,  543, 1674] SoftWeight: 0.0000
[Target Epoch 2] Temporal_Stable: 7489/9918 History_Disagrees: 32 Label_Flips: 5485 Retention_By_Class: [0.7473 0.6529 0.523  0.8429 0.715  0.6648 0.6487] Warmup: False
[Target Epoch 2] Prototype_Agreement: 7482/7489 (0.9991) Mean_Assigned_Cosine: 0.9823 Target_Prototype_Counts: [ 3269,   548,   337, 11187,  4138,  1195,  3748]
[Target Epoch 2] Classification Loss: 0.133 Affinity Loss: -0.218 Weight Loss: 0.446 Prototype Loss: 0.497 ProtoWeight: 0.0000 LR: 0.000377
[Epoch 2] Target Validation Student accuracy: 0.5180. Loss: 1.732
[Epoch 2] Target Validation Student recall [surprise, fear, disgust, happy, sad, angry, neutral]: [0.7735 0.0504 0.4286 0.7698 0.4303 0.2827 0.6376] Macro Recall: 0.4818
[Epoch 2] Target Validation EMA accuracy: 0.5261. Loss: 1.603
[Epoch 2] Target Validation EMA recall [surprise, fear, disgust, happy, sad, angry, neutral]: [0.7181 0.0827 0.4286 0.8168 0.4839 0.2827 0.57  ] Macro Recall: 0.4832
best target-stage validation accuracy 0.5261 (ema_teacher)
[Target Epoch 3] class mean confidence: [0.7878 0.7001 0.6483 0.8127 0.7252 0.7149 0.7076] global_mean: 0.7281 threshold_center: 0.8500
[Target Epoch 3] class-adaptive thresholds: [0.8799 0.836  0.8101 0.8923 0.8485 0.8434 0.8398]
[Target Epoch 3] Agreement_Num: 23508 Confident_Num: 8363 Pseudo_Distribution: [1185,  193,   97, 3812, 1341,  433, 1302]
[Target Epoch 3] Dual_Pseudo_Distribution: [1478,  268,  173, 4426, 1767,  578, 1855] SoftWeight: 0.0000
[Target Epoch 3] Temporal_Stable: 8363/10545 History_Disagrees: 31 Label_Flips: 5234 Retention_By_Class: [0.8018 0.7201 0.5607 0.8613 0.7589 0.7491 0.7019] Warmup: False
[Target Epoch 3] Prototype_Agreement: 8353/8363 (0.9988) Mean_Assigned_Cosine: 0.9801 Target_Prototype_Counts: [ 4454,   741,   434, 14999,  5479,  1628,  5050]
[Target Epoch 3] Classification Loss: 0.117 Affinity Loss: -0.267 Weight Loss: 0.445 Prototype Loss: 0.453 ProtoWeight: 0.0200 LR: 0.000358
[Epoch 3] Target Validation Student accuracy: 0.5235. Loss: 1.680
[Epoch 3] Target Validation Student recall [surprise, fear, disgust, happy, sad, angry, neutral]: [0.7518 0.0645 0.3571 0.7799 0.5237 0.3019 0.5502] Macro Recall: 0.4756
[Epoch 3] Target Validation EMA accuracy: 0.5333. Loss: 1.602
[Epoch 3] Target Validation EMA recall [surprise, fear, disgust, happy, sad, angry, neutral]: [0.7253 0.0927 0.4286 0.8246 0.487  0.2955 0.575 ] Macro Recall: 0.4898
best target-stage validation accuracy 0.5333 (ema_teacher)
[Target Epoch 4] class mean confidence: [0.7956 0.7194 0.6467 0.82   0.7293 0.7271 0.717 ] global_mean: 0.7365 threshold_center: 0.8500
[Target Epoch 4] class-adaptive thresholds: [0.8796 0.8415 0.8051 0.8918 0.8464 0.8453 0.8403]
[Target Epoch 4] Agreement_Num: 23700 Confident_Num: 9046 Pseudo_Distribution: [1275,  227,  115, 4048, 1445,  471, 1465]
[Target Epoch 4] Dual_Pseudo_Distribution: [1565,  315,  201, 4593, 1900,  637, 2021] SoftWeight: 0.0000
[Target Epoch 4] Temporal_Stable: 9046/11232 History_Disagrees: 23 Label_Flips: 5124 Retention_By_Class: [0.8147 0.7206 0.5721 0.8813 0.7605 0.7394 0.7249] Warmup: False
[Target Epoch 4] Prototype_Agreement: 9038/9046 (0.9991) Mean_Assigned_Cosine: 0.9776 Target_Prototype_Counts: [ 5729,   968,   549, 19047,  6924,  2099,  6515]
[Target Epoch 4] Classification Loss: 0.115 Affinity Loss: -0.212 Weight Loss: 0.445 Prototype Loss: 0.403 ProtoWeight: 0.0400 LR: 0.000341
[Epoch 4] Target Validation Student accuracy: 0.5358. Loss: 1.703
[Epoch 4] Target Validation Student recall [surprise, fear, disgust, happy, sad, angry, neutral]: [0.7036 0.0685 0.3214 0.8034 0.5743 0.2955 0.5717] Macro Recall: 0.4769
[Epoch 4] Target Validation EMA accuracy: 0.5364. Loss: 1.612
[Epoch 4] Target Validation EMA recall [surprise, fear, disgust, happy, sad, angry, neutral]: [0.7277 0.0907 0.3929 0.8268 0.49   0.2998 0.5865] Macro Recall: 0.4878
best target-stage validation accuracy 0.5364 (ema_teacher)
[Target Epoch 5] class mean confidence: [0.7952 0.7358 0.6656 0.829  0.7346 0.7184 0.7267] global_mean: 0.7436 threshold_center: 0.8500
[Target Epoch 5] class-adaptive thresholds: [0.8758 0.8461 0.811  0.8927 0.8455 0.8374 0.8415]
[Target Epoch 5] Agreement_Num: 23912 Confident_Num: 9732 Pseudo_Distribution: [1381,  260,  136, 4225, 1582,  529, 1619]
[Target Epoch 5] Dual_Pseudo_Distribution: [1644,  342,  214, 4755, 2031,  687, 2215] SoftWeight: 0.0000
[Target Epoch 5] Temporal_Stable: 9732/11888 History_Disagrees: 18 Label_Flips: 4876 Retention_By_Class: [0.84   0.7602 0.6355 0.8885 0.7789 0.77   0.7309] Warmup: False
[Target Epoch 5] Prototype_Agreement: 9719/9732 (0.9987) Mean_Assigned_Cosine: 0.9748 Target_Prototype_Counts: [ 7110,  1228,   685, 23272,  8506,  2628,  8134]
[Target Epoch 5] Classification Loss: 0.106 Affinity Loss: -0.203 Weight Loss: 0.445 Prototype Loss: 0.387 ProtoWeight: 0.0600 LR: 0.000324
[Epoch 5] Target Validation Student accuracy: 0.5389. Loss: 1.737
[Epoch 5] Target Validation Student recall [surprise, fear, disgust, happy, sad, angry, neutral]: [0.7807 0.0968 0.3036 0.8235 0.4533 0.3576 0.5684] Macro Recall: 0.4834
[Epoch 5] Target Validation EMA accuracy: 0.5403. Loss: 1.619
[Epoch 5] Target Validation EMA recall [surprise, fear, disgust, happy, sad, angry, neutral]: [0.7325 0.0927 0.3929 0.8257 0.5023 0.3084 0.5865] Macro Recall: 0.4916
best target-stage validation accuracy 0.5403 (ema_teacher)
[Target Epoch 6] class mean confidence: [0.7998 0.7468 0.6641 0.8349 0.7426 0.7352 0.735 ] global_mean: 0.7512 threshold_center: 0.8500
[Target Epoch 6] class-adaptive thresholds: [0.8743 0.8478 0.8065 0.8918 0.8457 0.842  0.8419]
[Target Epoch 6] Agreement_Num: 24068 Confident_Num: 10383 Pseudo_Distribution: [1450,  276,  151, 4427, 1691,  579, 1809]
[Target Epoch 6] Dual_Pseudo_Distribution: [1675,  372,  227, 4925, 2109,  735, 2359] SoftWeight: 0.0000
[Target Epoch 6] Temporal_Stable: 10383/12402 History_Disagrees: 15 Label_Flips: 4722 Retention_By_Class: [0.8657 0.7419 0.6652 0.8989 0.8018 0.7878 0.7669] Warmup: False
[Target Epoch 6] Prototype_Agreement: 10375/10383 (0.9992) Mean_Assigned_Cosine: 0.9716 Target_Prototype_Counts: [ 8560,  1504,   836, 27699, 10197,  3207,  9943]
[Target Epoch 6] Classification Loss: 0.102 Affinity Loss: -0.230 Weight Loss: 0.445 Prototype Loss: 0.352 ProtoWeight: 0.0800 LR: 0.000307
[Epoch 6] Target Validation Student accuracy: 0.5302. Loss: 1.764
[Epoch 6] Target Validation Student recall [surprise, fear, disgust, happy, sad, angry, neutral]: [0.7205 0.0726 0.3214 0.7698 0.5666 0.334  0.5519] Macro Recall: 0.4767
[Epoch 6] Target Validation EMA accuracy: 0.5397. Loss: 1.628
[Epoch 6] Target Validation EMA recall [surprise, fear, disgust, happy, sad, angry, neutral]: [0.7277 0.0907 0.3929 0.8257 0.5054 0.3126 0.5815] Macro Recall: 0.4909
[Target Epoch 7] class mean confidence: [0.8078 0.7564 0.6661 0.8381 0.7509 0.7428 0.7435] global_mean: 0.7580 threshold_center: 0.8500
[Target Epoch 7] class-adaptive thresholds: [0.8749 0.8492 0.8041 0.8901 0.8465 0.8424 0.8428]
[Target Epoch 7] Agreement_Num: 24243 Confident_Num: 10941 Pseudo_Distribution: [1529,  301,  154, 4618, 1749,  629, 1961]
[Target Epoch 7] Dual_Pseudo_Distribution: [1757,  387,  251, 5057, 2215,  788, 2527] SoftWeight: 0.0000
[Target Epoch 7] Temporal_Stable: 10941/12982 History_Disagrees: 18 Label_Flips: 4583 Retention_By_Class: [0.8702 0.7778 0.6135 0.9132 0.7896 0.7982 0.776 ] Warmup: False
[Target Epoch 7] Prototype_Agreement: 10929/10941 (0.9989) Mean_Assigned_Cosine: 0.9687 Target_Prototype_Counts: [10089,  1805,   990, 32317, 11946,  3836, 11904]
[Target Epoch 7] Classification Loss: 0.090 Affinity Loss: -0.199 Weight Loss: 0.445 Prototype Loss: 0.321 ProtoWeight: 0.1000 LR: 0.000292
[Epoch 7] Target Validation Student accuracy: 0.5330. Loss: 1.811
[Epoch 7] Target Validation Student recall [surprise, fear, disgust, happy, sad, angry, neutral]: [0.7446 0.1411 0.3571 0.8268 0.4747 0.2719 0.5552] Macro Recall: 0.4816
[Epoch 7] Target Validation EMA accuracy: 0.5417. Loss: 1.642
[Epoch 7] Target Validation EMA recall [surprise, fear, disgust, happy, sad, angry, neutral]: [0.7301 0.0887 0.3929 0.8291 0.5023 0.3148 0.5898] Macro Recall: 0.4925
best target-stage validation accuracy 0.5417 (ema_teacher)
[Target Epoch 8] class mean confidence: [0.8131 0.7658 0.6812 0.8451 0.7564 0.7516 0.7499] global_mean: 0.7662 threshold_center: 0.8500
[Target Epoch 8] class-adaptive thresholds: [0.8735 0.8498 0.8075 0.8895 0.8451 0.8427 0.8419]
[Target Epoch 8] Agreement_Num: 24338 Confident_Num: 11491 Pseudo_Distribution: [1596,  320,  182, 4761, 1862,  674, 2096]
[Target Epoch 8] Dual_Pseudo_Distribution: [1817,  398,  264, 5179, 2354,  830, 2657] SoftWeight: 0.0000
[Target Epoch 8] Temporal_Stable: 11491/13499 History_Disagrees: 20 Label_Flips: 4440 Retention_By_Class: [0.8784 0.804  0.6894 0.9193 0.791  0.812  0.7889] Warmup: False
[Target Epoch 8] Prototype_Agreement: 11482/11491 (0.9992) Mean_Assigned_Cosine: 0.9665 Target_Prototype_Counts: [11685,  2125,  1172, 37078, 13808,  4510, 14000]
[Target Epoch 8] Classification Loss: 0.088 Affinity Loss: -0.223 Weight Loss: 0.445 Prototype Loss: 0.325 ProtoWeight: 0.1000 LR: 0.000277
[Epoch 8] Target Validation Student accuracy: 0.5456. Loss: 1.784
[Epoch 8] Target Validation Student recall [surprise, fear, disgust, happy, sad, angry, neutral]: [0.7253 0.125  0.3571 0.8022 0.5666 0.3405 0.5404] Macro Recall: 0.4939
[Epoch 8] Target Validation EMA accuracy: 0.5417. Loss: 1.652
[Epoch 8] Target Validation EMA recall [surprise, fear, disgust, happy, sad, angry, neutral]: [0.7325 0.0867 0.375  0.8302 0.5023 0.3126 0.5914] Macro Recall: 0.4901
best target-stage validation accuracy 0.5456 (student)
[Target Epoch 9] class mean confidence: [0.8218 0.7758 0.6711 0.8495 0.7621 0.7602 0.7572] global_mean: 0.7711 threshold_center: 0.8500
[Target Epoch 9] class-adaptive thresholds: [0.8753 0.8524 0.8    0.8892 0.8455 0.8445 0.843 ]
[Target Epoch 9] Agreement_Num: 24492 Confident_Num: 11990 Pseudo_Distribution: [1647,  340,  201, 4900, 1985,  701, 2216]
[Target Epoch 9] Dual_Pseudo_Distribution: [1860,  417,  288, 5289, 2415,  849, 2754] SoftWeight: 0.0000
[Target Epoch 9] Temporal_Stable: 11990/13872 History_Disagrees: 15 Label_Flips: 4419 Retention_By_Class: [0.8855 0.8153 0.6979 0.9265 0.8219 0.8257 0.8046] Warmup: False
[Target Epoch 9] Prototype_Agreement: 11982/11990 (0.9993) Mean_Assigned_Cosine: 0.9641 Target_Prototype_Counts: [13332,  2465,  1373, 41978, 15793,  5211, 16216]
[Target Epoch 9] Classification Loss: 0.081 Affinity Loss: -0.199 Weight Loss: 0.446 Prototype Loss: 0.321 ProtoWeight: 0.1000 LR: 0.000264
[Epoch 9] Target Validation Student accuracy: 0.5394. Loss: 1.809
[Epoch 9] Target Validation Student recall [surprise, fear, disgust, happy, sad, angry, neutral]: [0.7422 0.0887 0.3929 0.8112 0.5391 0.3405 0.5354] Macro Recall: 0.4928
[Epoch 9] Target Validation EMA accuracy: 0.5492. Loss: 1.661
[Epoch 9] Target Validation EMA recall [surprise, fear, disgust, happy, sad, angry, neutral]: [0.7422 0.0948 0.375  0.8291 0.5176 0.3212 0.6013] Macro Recall: 0.4973
best target-stage validation accuracy 0.5492 (ema_teacher)
[Target Epoch 10] class mean confidence: [0.8307 0.7872 0.6863 0.8564 0.7691 0.7619 0.7633] global_mean: 0.7793 threshold_center: 0.8500
[Target Epoch 10] class-adaptive thresholds: [0.8757 0.854  0.8035 0.8886 0.8449 0.8413 0.842 ]
[Target Epoch 10] Agreement_Num: 24394 Confident_Num: 12370 Pseudo_Distribution: [1709,  358,  215, 4967, 2068,  725, 2328]
[Target Epoch 10] Dual_Pseudo_Distribution: [1924,  434,  316, 5358, 2524,  866, 2887] SoftWeight: 0.0000
[Target Epoch 10] Temporal_Stable: 12370/14309 History_Disagrees: 23 Label_Flips: 4338 Retention_By_Class: [0.8883 0.8249 0.6804 0.927  0.8193 0.8372 0.8064] Warmup: False
[Target Epoch 10] Prototype_Agreement: 12358/12370 (0.9990) Mean_Assigned_Cosine: 0.9624 Target_Prototype_Counts: [15041,  2823,  1588, 46945, 17861,  5936, 18544]
[Target Epoch 10] Classification Loss: 0.076 Affinity Loss: -0.212 Weight Loss: 0.445 Prototype Loss: 0.299 ProtoWeight: 0.1000 LR: 0.000250
[Epoch 10] Target Validation Student accuracy: 0.5467. Loss: 1.892
[Epoch 10] Target Validation Student recall [surprise, fear, disgust, happy, sad, angry, neutral]: [0.7157 0.1089 0.3393 0.8268 0.513  0.3319 0.5964] Macro Recall: 0.4903
[Epoch 10] Target Validation EMA accuracy: 0.5514. Loss: 1.672
[Epoch 10] Target Validation EMA recall [surprise, fear, disgust, happy, sad, angry, neutral]: [0.7446 0.0988 0.3571 0.8268 0.5253 0.3298 0.5997] Macro Recall: 0.4974
best target-stage validation accuracy 0.5514 (ema_teacher)
[Target Epoch 11] class mean confidence: [0.8324 0.7881 0.6943 0.8618 0.7667 0.7621 0.7713] global_mean: 0.7824 threshold_center: 0.8500
[Target Epoch 11] class-adaptive thresholds: [0.875  0.8528 0.806  0.8897 0.8421 0.8398 0.8445]
[Target Epoch 11] Agreement_Num: 24614 Confident_Num: 12803 Pseudo_Distribution: [1774,  373,  218, 5040, 2175,  752, 2471]
[Target Epoch 11] Dual_Pseudo_Distribution: [1973,  453,  298, 5415, 2672,  922, 3001] SoftWeight: 0.0000
[Target Epoch 11] Temporal_Stable: 12803/14734 History_Disagrees: 16 Label_Flips: 4207 Retention_By_Class: [0.8991 0.8234 0.7315 0.9307 0.814  0.8156 0.8234] Warmup: False
[Target Epoch 11] Prototype_Agreement: 12790/12803 (0.9990) Mean_Assigned_Cosine: 0.9609 Target_Prototype_Counts: [16815,  3196,  1806, 51985, 20036,  6688, 21015]
[Target Epoch 11] Classification Loss: 0.075 Affinity Loss: -0.185 Weight Loss: 0.445 Prototype Loss: 0.291 ProtoWeight: 0.1000 LR: 0.000238
[Epoch 11] Target Validation Student accuracy: 0.5422. Loss: 1.917
[Epoch 11] Target Validation Student recall [surprise, fear, disgust, happy, sad, angry, neutral]: [0.7157 0.0746 0.3214 0.8201 0.5482 0.3576 0.5519] Macro Recall: 0.4842
[Epoch 11] Target Validation EMA accuracy: 0.5497. Loss: 1.689
[Epoch 11] Target Validation EMA recall [surprise, fear, disgust, happy, sad, angry, neutral]: [0.7494 0.0927 0.3571 0.8212 0.5222 0.3255 0.6063] Macro Recall: 0.4964
[Target Epoch 12] class mean confidence: [0.8378 0.8059 0.6926 0.8638 0.7785 0.7713 0.7794] global_mean: 0.7899 threshold_center: 0.8500
[Target Epoch 12] class-adaptive thresholds: [0.8739 0.858  0.8013 0.887  0.8443 0.8407 0.8447]
[Target Epoch 12] Agreement_Num: 24742 Confident_Num: 13332 Pseudo_Distribution: [1819,  400,  233, 5172, 2291,  802, 2615]
[Target Epoch 12] Dual_Pseudo_Distribution: [2007,  470,  306, 5581, 2748,  969, 3144] SoftWeight: 0.0000
[Target Epoch 12] Temporal_Stable: 13332/15225 History_Disagrees: 15 Label_Flips: 4059 Retention_By_Class: [0.9063 0.8511 0.7614 0.9267 0.8337 0.8277 0.8317] Warmup: False
[Target Epoch 12] Prototype_Agreement: 13321/13332 (0.9992) Mean_Assigned_Cosine: 0.9593 Target_Prototype_Counts: [18634,  3596,  2039, 57157, 22327,  7490, 23630]
[Target Epoch 12] Classification Loss: 0.069 Affinity Loss: -0.191 Weight Loss: 0.444 Prototype Loss: 0.288 ProtoWeight: 0.1000 LR: 0.000226
[Epoch 12] Target Validation Student accuracy: 0.5495. Loss: 1.953
[Epoch 12] Target Validation Student recall [surprise, fear, disgust, happy, sad, angry, neutral]: [0.7542 0.1028 0.2321 0.8302 0.5299 0.3512 0.5634] Macro Recall: 0.4805
[Epoch 12] Target Validation EMA accuracy: 0.5511. Loss: 1.703
[Epoch 12] Target Validation EMA recall [surprise, fear, disgust, happy, sad, angry, neutral]: [0.747  0.0867 0.3393 0.8235 0.5253 0.3298 0.6129] Macro Recall: 0.4949
[Target Epoch 13] class mean confidence: [0.8365 0.8093 0.7018 0.8705 0.7818 0.7729 0.7837] global_mean: 0.7938 threshold_center: 0.8500
[Target Epoch 13] class-adaptive thresholds: [0.8714 0.8578 0.804  0.8884 0.844  0.8395 0.845 ]
[Target Epoch 13] Agreement_Num: 24874 Confident_Num: 13799 Pseudo_Distribution: [1853,  414,  234, 5336, 2361,  851, 2750]
[Target Epoch 13] Dual_Pseudo_Distribution: [2061,  478,  310, 5691, 2810,  988, 3293] SoftWeight: 0.0000
[Target Epoch 13] Temporal_Stable: 13799/15631 History_Disagrees: 23 Label_Flips: 3916 Retention_By_Class: [0.8991 0.8661 0.7548 0.9376 0.8402 0.8613 0.8351] Warmup: False
[Target Epoch 13] Prototype_Agreement: 13792/13799 (0.9995) Mean_Assigned_Cosine: 0.9584 Target_Prototype_Counts: [20487,  4010,  2273, 62493, 24688,  8341, 26380]
[Target Epoch 13] Classification Loss: 0.067 Affinity Loss: -0.206 Weight Loss: 0.444 Prototype Loss: 0.287 ProtoWeight: 0.1000 LR: 0.000215
[Epoch 13] Target Validation Student accuracy: 0.5447. Loss: 2.011
[Epoch 13] Target Validation Student recall [surprise, fear, disgust, happy, sad, angry, neutral]: [0.6964 0.0907 0.3036 0.8268 0.4793 0.3555 0.6343] Macro Recall: 0.4838
[Epoch 13] Target Validation EMA accuracy: 0.5495. Loss: 1.722
[Epoch 13] Target Validation EMA recall [surprise, fear, disgust, happy, sad, angry, neutral]: [0.7422 0.0827 0.3214 0.8246 0.5191 0.3362 0.6112] Macro Recall: 0.4911
[Target Epoch 14] class mean confidence: [0.8428 0.8221 0.7149 0.8745 0.7893 0.7852 0.7881] global_mean: 0.8024 threshold_center: 0.8500
[Target Epoch 14] class-adaptive thresholds: [0.8702 0.8599 0.8062 0.8861 0.8434 0.8414 0.8428]
[Target Epoch 14] Agreement_Num: 24915 Confident_Num: 14175 Pseudo_Distribution: [1914,  419,  241, 5426, 2423,  878, 2874]
[Target Epoch 14] Dual_Pseudo_Distribution: [2107,  496,  311, 5777, 2882, 1042, 3442] SoftWeight: 0.0000
[Target Epoch 14] Temporal_Stable: 14175/16057 History_Disagrees: 16 Label_Flips: 3801 Retention_By_Class: [0.9084 0.8448 0.7749 0.9392 0.8407 0.8426 0.835 ] Warmup: False
[Target Epoch 14] Prototype_Agreement: 14170/14175 (0.9996) Mean_Assigned_Cosine: 0.9570 Target_Prototype_Counts: [22401,  4429,  2514, 67919, 27111,  9219, 29254]
[Target Epoch 14] Classification Loss: 0.065 Affinity Loss: -0.185 Weight Loss: 0.443 Prototype Loss: 0.273 ProtoWeight: 0.1000 LR: 0.000204
[Epoch 14] Target Validation Student accuracy: 0.5520. Loss: 1.992
[Epoch 14] Target Validation Student recall [surprise, fear, disgust, happy, sad, angry, neutral]: [0.7181 0.0665 0.3036 0.8235 0.5773 0.364  0.575 ] Macro Recall: 0.4897
[Epoch 14] Target Validation EMA accuracy: 0.5472. Loss: 1.740
[Epoch 14] Target Validation EMA recall [surprise, fear, disgust, happy, sad, angry, neutral]: [0.7398 0.0806 0.3036 0.8268 0.5069 0.3319 0.6161] Macro Recall: 0.4865
best target-stage validation accuracy 0.5520 (student)
[Target Epoch 15] class mean confidence: [0.8494 0.8249 0.7168 0.8797 0.7943 0.7792 0.7981] global_mean: 0.8061 threshold_center: 0.8500
[Target Epoch 15] class-adaptive thresholds: [0.8717 0.8594 0.8054 0.8868 0.8441 0.8366 0.846 ]
[Target Epoch 15] Agreement_Num: 24930 Confident_Num: 14519 Pseudo_Distribution: [1953,  436,  246, 5504, 2479,  900, 3001]
[Target Epoch 15] Dual_Pseudo_Distribution: [2137,  505,  328, 5825, 2953, 1059, 3500] SoftWeight: 0.0000
[Target Epoch 15] Temporal_Stable: 14519/16307 History_Disagrees: 22 Label_Flips: 3779 Retention_By_Class: [0.9139 0.8634 0.75   0.9449 0.8395 0.8499 0.8574] Warmup: False
[Target Epoch 15] Prototype_Agreement: 14503/14519 (0.9989) Mean_Assigned_Cosine: 0.9558 Target_Prototype_Counts: [24354,  4865,  2760, 73423, 29590, 10119, 32255]
[Target Epoch 15] Classification Loss: 0.062 Affinity Loss: -0.188 Weight Loss: 0.442 Prototype Loss: 0.266 ProtoWeight: 0.1000 LR: 0.000194
[Epoch 15] Target Validation Student accuracy: 0.5592. Loss: 2.014
[Epoch 15] Target Validation Student recall [surprise, fear, disgust, happy, sad, angry, neutral]: [0.7253 0.0927 0.3393 0.8302 0.5482 0.3662 0.6079] Macro Recall: 0.5014
[Epoch 15] Target Validation EMA accuracy: 0.5514. Loss: 1.756
[Epoch 15] Target Validation EMA recall [surprise, fear, disgust, happy, sad, angry, neutral]: [0.7398 0.0806 0.3214 0.8246 0.5161 0.3362 0.6293] Macro Recall: 0.4926
best target-stage validation accuracy 0.5592 (student)
[Target Epoch 16] class mean confidence: [0.8597 0.8312 0.7182 0.8841 0.7955 0.7934 0.8036] global_mean: 0.8122 threshold_center: 0.8500
[Target Epoch 16] class-adaptive thresholds: [0.8737 0.8595 0.803  0.8859 0.8416 0.8406 0.8457]
[Target Epoch 16] Agreement_Num: 25075 Confident_Num: 14853 Pseudo_Distribution: [1985,  452,  251, 5565, 2578,  925, 3097]
[Target Epoch 16] Dual_Pseudo_Distribution: [2161,  533,  333, 5900, 3076, 1064, 3677] SoftWeight: 0.0000
[Target Epoch 16] Temporal_Stable: 14853/16744 History_Disagrees: 33 Label_Flips: 3714 Retention_By_Class: [0.9186 0.848  0.7538 0.9432 0.8381 0.8694 0.8423] Warmup: False
[Target Epoch 16] Prototype_Agreement: 14836/14853 (0.9989) Mean_Assigned_Cosine: 0.9548 Target_Prototype_Counts: [26339,  5317,  3011, 78988, 32168, 11044, 35352]
[Target Epoch 16] Classification Loss: 0.062 Affinity Loss: -0.185 Weight Loss: 0.441 Prototype Loss: 0.281 ProtoWeight: 0.1000 LR: 0.000184
[Epoch 16] Target Validation Student accuracy: 0.5486. Loss: 2.052
[Epoch 16] Target Validation Student recall [surprise, fear, disgust, happy, sad, angry, neutral]: [0.7446 0.0726 0.25   0.8223 0.4855 0.3319 0.6623] Macro Recall: 0.4813
[Epoch 16] Target Validation EMA accuracy: 0.5536. Loss: 1.769
[Epoch 16] Target Validation EMA recall [surprise, fear, disgust, happy, sad, angry, neutral]: [0.7422 0.0806 0.3214 0.8291 0.5253 0.334  0.626 ] Macro Recall: 0.4941
[Target Epoch 17] class mean confidence: [0.8623 0.8379 0.7398 0.8874 0.8032 0.7975 0.8099] global_mean: 0.8197 threshold_center: 0.8500
[Target Epoch 17] class-adaptive thresholds: [0.8713 0.8591 0.81   0.8839 0.8417 0.8389 0.8451]
[Target Epoch 17] Agreement_Num: 25123 Confident_Num: 15244 Pseudo_Distribution: [2011,  466,  264, 5636, 2689,  956, 3222]
[Target Epoch 17] Dual_Pseudo_Distribution: [2174,  532,  323, 5965, 3095, 1118, 3731] SoftWeight: 0.0000
[Target Epoch 17] Temporal_Stable: 15244/16938 History_Disagrees: 21 Label_Flips: 3601 Retention_By_Class: [0.925  0.8759 0.8173 0.9448 0.8688 0.8551 0.8636] Warmup: False
[Target Epoch 17] Prototype_Agreement: 15228/15244 (0.9990) Mean_Assigned_Cosine: 0.9542 Target_Prototype_Counts: [28350,  5783,  3275, 84624, 34857, 12000, 38574]
[Target Epoch 17] Classification Loss: 0.058 Affinity Loss: -0.182 Weight Loss: 0.441 Prototype Loss: 0.257 ProtoWeight: 0.1000 LR: 0.000175
[Epoch 17] Target Validation Student accuracy: 0.5531. Loss: 2.076
[Epoch 17] Target Validation Student recall [surprise, fear, disgust, happy, sad, angry, neutral]: [0.7084 0.0645 0.2679 0.8514 0.5957 0.2976 0.5832] Macro Recall: 0.4813
[Epoch 17] Target Validation EMA accuracy: 0.5548. Loss: 1.779
[Epoch 17] Target Validation EMA recall [surprise, fear, disgust, happy, sad, angry, neutral]: [0.7373 0.0766 0.3214 0.8335 0.5253 0.334  0.6326] Macro Recall: 0.4944
[Target Epoch 18] class mean confidence: [0.8618 0.8402 0.7313 0.8882 0.8048 0.8062 0.8168] global_mean: 0.8213 threshold_center: 0.8500
[Target Epoch 18] class-adaptive thresholds: [0.8702 0.8594 0.805  0.8834 0.8417 0.8424 0.8478]
[Target Epoch 18] Agreement_Num: 25199 Confident_Num: 15537 Pseudo_Distribution: [2043,  476,  274, 5715, 2725,  972, 3332]
[Target Epoch 18] Dual_Pseudo_Distribution: [2201,  534,  365, 6047, 3195, 1090, 3875] SoftWeight: 0.0000
[Target Epoch 18] Temporal_Stable: 15537/17307 History_Disagrees: 15 Label_Flips: 3535 Retention_By_Class: [0.9282 0.8914 0.7507 0.9451 0.8529 0.8917 0.8599] Warmup: False
[Target Epoch 18] Prototype_Agreement: 15526/15537 (0.9993) Mean_Assigned_Cosine: 0.9540 Target_Prototype_Counts: [30393,  6259,  3549, 90339, 37582, 12972, 41906]
[Target Epoch 18] Classification Loss: 0.055 Affinity Loss: -0.194 Weight Loss: 0.441 Prototype Loss: 0.243 ProtoWeight: 0.1000 LR: 0.000166
[Epoch 18] Target Validation Student accuracy: 0.5525. Loss: 2.143
[Epoch 18] Target Validation Student recall [surprise, fear, disgust, happy, sad, angry, neutral]: [0.7229 0.0786 0.3036 0.8425 0.5513 0.3126 0.6046] Macro Recall: 0.4880
[Epoch 18] Target Validation EMA accuracy: 0.5539. Loss: 1.790
[Epoch 18] Target Validation EMA recall [surprise, fear, disgust, happy, sad, angry, neutral]: [0.7398 0.0726 0.3036 0.8346 0.5207 0.3405 0.6293] Macro Recall: 0.4916
[Target Epoch 19] class mean confidence: [0.8691 0.8478 0.7411 0.8933 0.8109 0.8032 0.8208] global_mean: 0.8266 threshold_center: 0.8500
[Target Epoch 19] class-adaptive thresholds: [0.8713 0.8606 0.8072 0.8834 0.8422 0.8383 0.8471]
[Target Epoch 19] Agreement_Num: 25265 Confident_Num: 15854 Pseudo_Distribution: [2064,  473,  283, 5780, 2810,  983, 3461]
[Target Epoch 19] Dual_Pseudo_Distribution: [2216,  541,  350, 6087, 3239, 1119, 3917] SoftWeight: 0.0000
[Target Epoch 19] Temporal_Stable: 15854/17469 History_Disagrees: 18 Label_Flips: 3414 Retention_By_Class: [0.9314 0.8743 0.8086 0.9496 0.8676 0.8785 0.8836] Warmup: False
[Target Epoch 19] Prototype_Agreement: 15837/15854 (0.9989) Mean_Assigned_Cosine: 0.9537 Target_Prototype_Counts: [32457,  6732,  3832, 96119, 40392, 13955, 45367]
[Target Epoch 19] Classification Loss: 0.054 Affinity Loss: -0.186 Weight Loss: 0.440 Prototype Loss: 0.262 ProtoWeight: 0.1000 LR: 0.000158
[Epoch 19] Target Validation Student accuracy: 0.5578. Loss: 2.099
[Epoch 19] Target Validation Student recall [surprise, fear, disgust, happy, sad, angry, neutral]: [0.7422 0.0706 0.2679 0.8425 0.4977 0.349  0.6623] Macro Recall: 0.4903
[Epoch 19] Target Validation EMA accuracy: 0.5567. Loss: 1.792
[Epoch 19] Target Validation EMA recall [surprise, fear, disgust, happy, sad, angry, neutral]: [0.7373 0.0706 0.3036 0.8402 0.5268 0.3448 0.631 ] Macro Recall: 0.4935
[Target Epoch 20] class mean confidence: [0.8706 0.8496 0.7485 0.8932 0.8121 0.8078 0.8234] global_mean: 0.8293 threshold_center: 0.8500
[Target Epoch 20] class-adaptive thresholds: [0.8707 0.8601 0.8096 0.882  0.8414 0.8392 0.847 ]
[Target Epoch 20] Agreement_Num: 25329 Confident_Num: 15981 Pseudo_Distribution: [2071,  478,  278, 5827, 2854, 1003, 3470]
[Target Epoch 20] Dual_Pseudo_Distribution: [2219,  523,  350, 6155, 3320, 1129, 3949] SoftWeight: 0.0000
[Target Epoch 20] Temporal_Stable: 15981/17645 History_Disagrees: 23 Label_Flips: 3401 Retention_By_Class: [0.9333 0.914  0.7943 0.9467 0.8596 0.8884 0.8787] Warmup: False
[Target Epoch 20] Prototype_Agreement: 15966/15981 (0.9991) Mean_Assigned_Cosine: 0.9535 Target_Prototype_Counts: [ 34528,   7210,   4110, 101946,  43246,  14958,  48837]
[Target Epoch 20] Classification Loss: 0.051 Affinity Loss: -0.191 Weight Loss: 0.440 Prototype Loss: 0.247 ProtoWeight: 0.1000 LR: 0.000150
[Epoch 20] Target Validation Student accuracy: 0.5542. Loss: 2.180
[Epoch 20] Target Validation Student recall [surprise, fear, disgust, happy, sad, angry, neutral]: [0.7639 0.0746 0.2679 0.819  0.5345 0.3555 0.6129] Macro Recall: 0.4897
[Epoch 20] Target Validation EMA accuracy: 0.5587. Loss: 1.796
[Epoch 20] Target Validation EMA recall [surprise, fear, disgust, happy, sad, angry, neutral]: [0.7373 0.0685 0.2857 0.8469 0.5283 0.3469 0.6326] Macro Recall: 0.4923
[Target Epoch 21] class mean confidence: [0.8719 0.8532 0.7533 0.8966 0.813  0.8104 0.8278] global_mean: 0.8323 threshold_center: 0.8523
[Target Epoch 21] class-adaptive thresholds: [0.8721 0.8628 0.8128 0.8844 0.8427 0.8414 0.8501]
[Target Epoch 21] Agreement_Num: 25311 Confident_Num: 16184 Pseudo_Distribution: [2068,  479,  294, 5886, 2932,  999, 3526]
[Target Epoch 21] Dual_Pseudo_Distribution: [2211,  534,  364, 6178, 3354, 1119, 4033] SoftWeight: 0.0000
[Target Epoch 21] Temporal_Stable: 16184/17793 History_Disagrees: 19 Label_Flips: 3311 Retention_By_Class: [0.9353 0.897  0.8077 0.9527 0.8742 0.8928 0.8743] Warmup: False
[Target Epoch 21] Prototype_Agreement: 16171/16184 (0.9992) Mean_Assigned_Cosine: 0.9535 Target_Prototype_Counts: [ 36596,   7689,   4404, 107832,  46178,  15957,  52363]
[Target Epoch 21] Classification Loss: 0.050 Affinity Loss: -0.191 Weight Loss: 0.439 Prototype Loss: 0.246 ProtoWeight: 0.1000 LR: 0.000142
[Epoch 21] Target Validation Student accuracy: 0.5603. Loss: 2.155
[Epoch 21] Target Validation Student recall [surprise, fear, disgust, happy, sad, angry, neutral]: [0.7542 0.0847 0.2857 0.8324 0.5452 0.3405 0.626 ] Macro Recall: 0.4955
[Epoch 21] Target Validation EMA accuracy: 0.5570. Loss: 1.805
[Epoch 21] Target Validation EMA recall [surprise, fear, disgust, happy, sad, angry, neutral]: [0.7325 0.0665 0.2857 0.8469 0.5283 0.3405 0.6326] Macro Recall: 0.4904
best target-stage validation accuracy 0.5603 (student)
[Target Epoch 22] class mean confidence: [0.8734 0.8513 0.7538 0.898  0.819  0.8133 0.829 ] global_mean: 0.8340 threshold_center: 0.8540
[Target Epoch 22] class-adaptive thresholds: [0.8737 0.8626 0.8139 0.886  0.8465 0.8436 0.8515]
[Target Epoch 22] Agreement_Num: 25490 Confident_Num: 16334 Pseudo_Distribution: [2095,  491,  299, 5904, 2938,  992, 3615]
[Target Epoch 22] Dual_Pseudo_Distribution: [2267,  550,  357, 6199, 3346, 1108, 4107] SoftWeight: 0.0000
[Target Epoch 22] Temporal_Stable: 16334/17934 History_Disagrees: 20 Label_Flips: 3304 Retention_By_Class: [0.9241 0.8927 0.8375 0.9524 0.8781 0.8953 0.8802] Warmup: False
[Target Epoch 22] Prototype_Agreement: 16319/16334 (0.9991) Mean_Assigned_Cosine: 0.9533 Target_Prototype_Counts: [ 38691,   8180,   4703, 113736,  49116,  16949,  55978]
[Target Epoch 22] Classification Loss: 0.049 Affinity Loss: -0.198 Weight Loss: 0.439 Prototype Loss: 0.246 ProtoWeight: 0.1000 LR: 0.000135
[Epoch 22] Target Validation Student accuracy: 0.5603. Loss: 2.153
[Epoch 22] Target Validation Student recall [surprise, fear, disgust, happy, sad, angry, neutral]: [0.7301 0.0685 0.3214 0.8469 0.5528 0.3383 0.6244] Macro Recall: 0.4975
[Epoch 22] Target Validation EMA accuracy: 0.5548. Loss: 1.813
[Epoch 22] Target Validation EMA recall [surprise, fear, disgust, happy, sad, angry, neutral]: [0.7301 0.0685 0.3036 0.8436 0.5253 0.3383 0.6277] Macro Recall: 0.4910
[Target Epoch 23] class mean confidence: [0.8806 0.8608 0.7608 0.9016 0.819  0.8165 0.83  ] global_mean: 0.8385 threshold_center: 0.8585
[Target Epoch 23] class-adaptive thresholds: [0.8795 0.8697 0.8196 0.8901 0.8488 0.8475 0.8542]
[Target Epoch 23] Agreement_Num: 25494 Confident_Num: 16542 Pseudo_Distribution: [2126,  509,  289, 5937, 2985, 1010, 3686]
[Target Epoch 23] Dual_Pseudo_Distribution: [2245,  562,  343, 6248, 3453, 1166, 4144] SoftWeight: 0.0000
[Target Epoch 23] Temporal_Stable: 16542/18161 History_Disagrees: 19 Label_Flips: 3267 Retention_By_Class: [0.947  0.9057 0.8426 0.9502 0.8645 0.8662 0.8895] Warmup: False
[Target Epoch 23] Prototype_Agreement: 16525/16542 (0.9990) Mean_Assigned_Cosine: 0.9532 Target_Prototype_Counts: [ 40817,   8689,   4992, 119673,  52101,  17959,  59664]
[Target Epoch 23] Classification Loss: 0.045 Affinity Loss: -0.183 Weight Loss: 0.439 Prototype Loss: 0.234 ProtoWeight: 0.1000 LR: 0.000129
[Epoch 23] Target Validation Student accuracy: 0.5589. Loss: 2.222
[Epoch 23] Target Validation Student recall [surprise, fear, disgust, happy, sad, angry, neutral]: [0.7253 0.0706 0.3036 0.838  0.5528 0.3105 0.654 ] Macro Recall: 0.4935
[Epoch 23] Target Validation EMA accuracy: 0.5600. Loss: 1.826
[Epoch 23] Target Validation EMA recall [surprise, fear, disgust, happy, sad, angry, neutral]: [0.7398 0.0706 0.3214 0.848  0.5268 0.3405 0.6392] Macro Recall: 0.4980
[Target Epoch 24] class mean confidence: [0.8807 0.8688 0.7731 0.9043 0.8253 0.8183 0.8389] global_mean: 0.8442 threshold_center: 0.8642
[Target Epoch 24] class-adaptive thresholds: [0.8824 0.8765 0.8286 0.8942 0.8547 0.8512 0.8615]
[Target Epoch 24] Agreement_Num: 25486 Confident_Num: 16741 Pseudo_Distribution: [2116,  505,  282, 6004, 3065, 1032, 3737]
[Target Epoch 24] Dual_Pseudo_Distribution: [2240,  548,  338, 6296, 3496, 1143, 4174] SoftWeight: 0.0000
[Target Epoch 24] Temporal_Stable: 16741/18235 History_Disagrees: 20 Label_Flips: 3218 Retention_By_Class: [0.9446 0.9215 0.8343 0.9536 0.8767 0.9029 0.8953] Warmup: False
[Target Epoch 24] Prototype_Agreement: 16728/16741 (0.9992) Mean_Assigned_Cosine: 0.9529 Target_Prototype_Counts: [ 42933,   9194,   5274, 125677,  55166,  18991,  63401]
[Target Epoch 24] Classification Loss: 0.046 Affinity Loss: -0.198 Weight Loss: 0.438 Prototype Loss: 0.232 ProtoWeight: 0.1000 LR: 0.000122
[Epoch 24] Target Validation Student accuracy: 0.5670. Loss: 2.171
[Epoch 24] Target Validation Student recall [surprise, fear, disgust, happy, sad, angry, neutral]: [0.7301 0.0847 0.3036 0.8592 0.5329 0.3512 0.6458] Macro Recall: 0.5011
[Epoch 24] Target Validation EMA accuracy: 0.5600. Loss: 1.835
[Epoch 24] Target Validation EMA recall [surprise, fear, disgust, happy, sad, angry, neutral]: [0.7398 0.0706 0.3214 0.8525 0.5253 0.3383 0.6359] Macro Recall: 0.4977
best target-stage validation accuracy 0.5670 (student)
[Target Epoch 25] class mean confidence: [0.8837 0.8631 0.7693 0.904  0.825  0.833  0.8412] global_mean: 0.8456 threshold_center: 0.8656
[Target Epoch 25] class-adaptive thresholds: [0.8847 0.8744 0.8275 0.8948 0.8553 0.8593 0.8634]
[Target Epoch 25] Agreement_Num: 25600 Confident_Num: 16903 Pseudo_Distribution: [2128,  504,  291, 6074, 3105, 1015, 3786]
[Target Epoch 25] Dual_Pseudo_Distribution: [2263,  555,  352, 6342, 3501, 1116, 4238] SoftWeight: 0.0000
[Target Epoch 25] Temporal_Stable: 16903/18367 History_Disagrees: 20 Label_Flips: 3190 Retention_By_Class: [0.9403 0.9081 0.8267 0.9577 0.8869 0.9095 0.8933] Warmup: False
[Target Epoch 25] Prototype_Agreement: 16884/16903 (0.9989) Mean_Assigned_Cosine: 0.9527 Target_Prototype_Counts: [ 45061,   9698,   5565, 131751,  58271,  20006,  67187]
[Target Epoch 25] Classification Loss: 0.044 Affinity Loss: -0.198 Weight Loss: 0.438 Prototype Loss: 0.227 ProtoWeight: 0.1000 LR: 0.000116
[Epoch 25] Target Validation Student accuracy: 0.5637. Loss: 2.153
[Epoch 25] Target Validation Student recall [surprise, fear, disgust, happy, sad, angry, neutral]: [0.7253 0.0726 0.3214 0.8637 0.5467 0.3191 0.6409] Macro Recall: 0.4985
[Epoch 25] Target Validation EMA accuracy: 0.5620. Loss: 1.841
[Epoch 25] Target Validation EMA recall [surprise, fear, disgust, happy, sad, angry, neutral]: [0.7373 0.0726 0.3214 0.8547 0.5329 0.3319 0.6409] Macro Recall: 0.4988
[Target Epoch 26] class mean confidence: [0.8857 0.8757 0.7804 0.9063 0.8297 0.8339 0.8425] global_mean: 0.8506 threshold_center: 0.8706
[Target Epoch 26] class-adaptive thresholds: [0.8881 0.8832 0.8355 0.8984 0.8601 0.8622 0.8665]
[Target Epoch 26] Agreement_Num: 25616 Confident_Num: 16962 Pseudo_Distribution: [2125,  505,  307, 6089, 3099, 1022, 3815]
[Target Epoch 26] Dual_Pseudo_Distribution: [2257,  550,  357, 6332, 3495, 1139, 4276] SoftWeight: 0.0000
[Target Epoch 26] Temporal_Stable: 16962/18406 History_Disagrees: 14 Label_Flips: 3155 Retention_By_Class: [0.9415 0.9182 0.8599 0.9616 0.8867 0.8973 0.8922] Warmup: False
[Target Epoch 26] Prototype_Agreement: 16948/16962 (0.9992) Mean_Assigned_Cosine: 0.9522 Target_Prototype_Counts: [ 47186,  10203,   5872, 137840,  61370,  21028,  71002]
[Target Epoch 26] Classification Loss: 0.041 Affinity Loss: -0.192 Weight Loss: 0.438 Prototype Loss: 0.230 ProtoWeight: 0.1000 LR: 0.000110
[Epoch 26] Target Validation Student accuracy: 0.5614. Loss: 2.232
[Epoch 26] Target Validation Student recall [surprise, fear, disgust, happy, sad, angry, neutral]: [0.7398 0.0847 0.2857 0.8715 0.4992 0.3233 0.6474] Macro Recall: 0.4931
[Epoch 26] Target Validation EMA accuracy: 0.5620. Loss: 1.851
[Epoch 26] Target Validation EMA recall [surprise, fear, disgust, happy, sad, angry, neutral]: [0.7373 0.0685 0.3393 0.8547 0.5283 0.3319 0.6474] Macro Recall: 0.5011
[Target Epoch 27] class mean confidence: [0.8893 0.882  0.7834 0.9063 0.8308 0.8346 0.8459] global_mean: 0.8532 threshold_center: 0.8732
[Target Epoch 27] class-adaptive thresholds: [0.8912 0.8876 0.8383 0.8997 0.862  0.8639 0.8695]
[Target Epoch 27] Agreement_Num: 25725 Confident_Num: 17002 Pseudo_Distribution: [2116,  509,  301, 6078, 3107, 1027, 3864]
[Target Epoch 27] Dual_Pseudo_Distribution: [2248,  557,  362, 6348, 3536, 1128, 4309] SoftWeight: 0.0000
[Target Epoch 27] Temporal_Stable: 17002/18488 History_Disagrees: 10 Label_Flips: 2997 Retention_By_Class: [0.9413 0.9138 0.8315 0.9575 0.8787 0.9105 0.8967] Warmup: False
[Target Epoch 27] Prototype_Agreement: 16991/17002 (0.9994) Mean_Assigned_Cosine: 0.9528 Target_Prototype_Counts: [ 49302,  10712,   6173, 143918,  64477,  22055,  74866]
[Target Epoch 27] Classification Loss: 0.037 Affinity Loss: -0.199 Weight Loss: 0.437 Prototype Loss: 0.214 ProtoWeight: 0.1000 LR: 0.000105
[Epoch 27] Target Validation Student accuracy: 0.5614. Loss: 2.293
[Epoch 27] Target Validation Student recall [surprise, fear, disgust, happy, sad, angry, neutral]: [0.747  0.0665 0.2857 0.8615 0.5115 0.3191 0.6623] Macro Recall: 0.4934
[Epoch 27] Target Validation EMA accuracy: 0.5637. Loss: 1.860
[Epoch 27] Target Validation EMA recall [surprise, fear, disgust, happy, sad, angry, neutral]: [0.7398 0.0726 0.3036 0.8559 0.5329 0.3276 0.6524] Macro Recall: 0.4978
[Target Epoch 28] class mean confidence: [0.8851 0.8808 0.7905 0.9072 0.8381 0.8393 0.8498] global_mean: 0.8558 threshold_center: 0.8758
[Target Epoch 28] class-adaptive thresholds: [0.8905 0.8883 0.8432 0.9015 0.867  0.8676 0.8728]
[Target Epoch 28] Agreement_Num: 25689 Confident_Num: 17086 Pseudo_Distribution: [2128,  515,  295, 6121, 3129, 1031, 3867]
[Target Epoch 28] Dual_Pseudo_Distribution: [2253,  561,  357, 6398, 3522, 1136, 4309] SoftWeight: 0.0000
[Target Epoch 28] Temporal_Stable: 17086/18536 History_Disagrees: 8 Label_Flips: 3059 Retention_By_Class: [0.9445 0.918  0.8263 0.9567 0.8884 0.9076 0.8974] Warmup: False
[Target Epoch 28] Prototype_Agreement: 17071/17086 (0.9991) Mean_Assigned_Cosine: 0.9525 Target_Prototype_Counts: [ 51430,  11227,   6468, 150039,  67606,  23086,  78733]
[Target Epoch 28] Classification Loss: 0.037 Affinity Loss: -0.206 Weight Loss: 0.437 Prototype Loss: 0.218 ProtoWeight: 0.1000 LR: 0.000099
[Epoch 28] Target Validation Student accuracy: 0.5631. Loss: 2.267
[Epoch 28] Target Validation Student recall [surprise, fear, disgust, happy, sad, angry, neutral]: [0.7446 0.0726 0.2857 0.8559 0.5253 0.349  0.6392] Macro Recall: 0.4960
[Epoch 28] Target Validation EMA accuracy: 0.5648. Loss: 1.869
[Epoch 28] Target Validation EMA recall [surprise, fear, disgust, happy, sad, angry, neutral]: [0.7373 0.0726 0.3214 0.8592 0.536  0.3255 0.6524] Macro Recall: 0.5006
[Target Epoch 29] class mean confidence: [0.8901 0.8848 0.8034 0.9091 0.8393 0.8392 0.8507] global_mean: 0.8595 threshold_center: 0.8795
[Target Epoch 29] class-adaptive thresholds: [0.8948 0.8921 0.8514 0.9043 0.8694 0.8693 0.8751]
[Target Epoch 29] Agreement_Num: 25784 Confident_Num: 17149 Pseudo_Distribution: [2117,  512,  302, 6159, 3131, 1034, 3894]
[Target Epoch 29] Dual_Pseudo_Distribution: [2241,  555,  368, 6423, 3534, 1134, 4367] SoftWeight: 0.0000
[Target Epoch 29] Temporal_Stable: 17149/18622 History_Disagrees: 12 Label_Flips: 2995 Retention_By_Class: [0.9447 0.9225 0.8207 0.9589 0.886  0.9118 0.8917] Warmup: False
[Target Epoch 29] Prototype_Agreement: 17127/17149 (0.9987) Mean_Assigned_Cosine: 0.9524 Target_Prototype_Counts: [ 53547,  11739,   6770, 156198,  70737,  24120,  82627]
[Target Epoch 29] Classification Loss: 0.036 Affinity Loss: -0.207 Weight Loss: 0.437 Prototype Loss: 0.220 ProtoWeight: 0.1000 LR: 0.000094
[Epoch 29] Target Validation Student accuracy: 0.5589. Loss: 2.305
[Epoch 29] Target Validation Student recall [surprise, fear, disgust, happy, sad, angry, neutral]: [0.7325 0.0706 0.2679 0.8492 0.5452 0.3233 0.6343] Macro Recall: 0.4890
[Epoch 29] Target Validation EMA accuracy: 0.5653. Loss: 1.877
[Epoch 29] Target Validation EMA recall [surprise, fear, disgust, happy, sad, angry, neutral]: [0.7398 0.0706 0.3214 0.8581 0.536  0.3276 0.6557] Macro Recall: 0.5013
[Epoch 30] Target Test accuracy: 0.5609. Loss: 2.203
[Epoch 30] Target Test recall [surprise, fear, disgust, happy, sad, angry, neutral]: [0.6587 0.1061 0.1455 0.8692 0.564  0.3381 0.655 ] Macro Recall: 0.4766
best source-stage validation accuracy 0.5107
best target-stage validation accuracy 0.5670
selected validation accuracy 0.5670
selected model student
final target test accuracy 0.5609
