---------------------------------------------------------------------------------------
EMA + Dual View + Stable CAT + Prototype + Temporal Consistency v1: mobilenet_v2 with source rafdb and target fer
alpha(w1):4.0 beta(w2):0.3 gamma(w3):0.1 ema:0.999 tau0:0.85 threshold_beta:0.5 margin:0.02 threshold_range:[0.8,0.95]
prototype weight:0.1 temp:0.2 momentum:0.99 source_anchor:0.5 warmup:3 ramp:5
temporal enabled:True momentum:0.7 min_streak:2 warmup:2 target_soft_weight:0.5 eval_ema:True run_name:temporal_consistency_v1_20260915_054035
---------------------------------------------------------------------------------------
The dataset distribute: 1290, 281, 717, 4772, 1982, 705, 2524
The dataset distribute: 1290, 281, 717, 4772, 1982, 705, 2524
FER train split (train), samples: 28709
The dataset distribute: 3171, 4097, 436, 7215, 4830, 3995, 4965
FER train split (train), samples: 28709
The dataset distribute: 3171, 4097, 436, 7215, 4830, 3995, 4965
FER val split (val), samples: 3589
The dataset distribute: 415, 496, 56, 895, 653, 467, 607
FER test split (test), samples: 3589
The dataset distribute: 416, 528, 55, 879, 594, 491, 626
[Source Epoch 0] Training accuracy: 0.5970. Classification Loss: 1.292 Affinity Loss: -0.020 Weight Loss: 0.509 LR: 0.000950
[Epoch 0] Target Validation accuracy: 0.3923. Loss: 1.695
[Epoch 0] Target Validation recall [surprise, fear, disgust, happy, sad, angry, neutral]: [0.5518 0.0444 0.3393 0.4939 0.5069 0.3512 0.3311] Macro Recall: 0.3741
best source-stage validation accuracy 0.3923
[Source Epoch 1] Training accuracy: 0.7515. Classification Loss: 0.922 Affinity Loss: -0.061 Weight Loss: 0.496 LR: 0.000902
[Epoch 1] Target Validation accuracy: 0.4232. Loss: 1.568
[Epoch 1] Target Validation recall [surprise, fear, disgust, happy, sad, angry, neutral]: [0.6554 0.0202 0.1429 0.9173 0.2098 0.167  0.318 ] Macro Recall: 0.3472
best source-stage validation accuracy 0.4232
[Source Epoch 2] Training accuracy: 0.7836. Classification Loss: 0.802 Affinity Loss: -0.062 Weight Loss: 0.484 LR: 0.000857
[Epoch 2] Target Validation accuracy: 0.4609. Loss: 1.543
[Epoch 2] Target Validation recall [surprise, fear, disgust, happy, sad, angry, neutral]: [0.6096 0.0101 0.125  0.7754 0.4165 0.2056 0.5387] Macro Recall: 0.3830
best source-stage validation accuracy 0.4609
[Source Epoch 3] Training accuracy: 0.8094. Classification Loss: 0.715 Affinity Loss: -0.063 Weight Loss: 0.474 LR: 0.000815
[Epoch 3] Target Validation accuracy: 0.4583. Loss: 1.514
[Epoch 3] Target Validation recall [surprise, fear, disgust, happy, sad, angry, neutral]: [0.6578 0.119  0.2679 0.7508 0.4701 0.2355 0.3443] Macro Recall: 0.4065
[Source Epoch 4] Training accuracy: 0.8307. Classification Loss: 0.636 Affinity Loss: -0.073 Weight Loss: 0.468 LR: 0.000774
[Epoch 4] Target Validation accuracy: 0.4700. Loss: 1.541
[Epoch 4] Target Validation recall [surprise, fear, disgust, happy, sad, angry, neutral]: [0.7301 0.0706 0.2857 0.8168 0.1746 0.3362 0.5453] Macro Recall: 0.4227
best source-stage validation accuracy 0.4700
[Source Epoch 5] Training accuracy: 0.8476. Classification Loss: 0.579 Affinity Loss: -0.089 Weight Loss: 0.464 LR: 0.000735
[Epoch 5] Target Validation accuracy: 0.4784. Loss: 1.516
[Epoch 5] Target Validation recall [surprise, fear, disgust, happy, sad, angry, neutral]: [0.6771 0.0262 0.4643 0.8101 0.3951 0.1456 0.57  ] Macro Recall: 0.4412
best source-stage validation accuracy 0.4784
[Source Epoch 6] Training accuracy: 0.8557. Classification Loss: 0.537 Affinity Loss: -0.113 Weight Loss: 0.461 LR: 0.000698
[Epoch 6] Target Validation accuracy: 0.4539. Loss: 1.633
[Epoch 6] Target Validation recall [surprise, fear, disgust, happy, sad, angry, neutral]: [0.812  0.0544 0.25   0.8089 0.3109 0.2291 0.3575] Macro Recall: 0.4033
[Source Epoch 7] Training accuracy: 0.8668. Classification Loss: 0.487 Affinity Loss: -0.103 Weight Loss: 0.459 LR: 0.000663
[Epoch 7] Target Validation accuracy: 0.4514. Loss: 1.609
[Epoch 7] Target Validation recall [surprise, fear, disgust, happy, sad, angry, neutral]: [0.6819 0.0202 0.3036 0.8056 0.3798 0.1178 0.4712] Macro Recall: 0.3971
[Source Epoch 8] Training accuracy: 0.8804. Classification Loss: 0.453 Affinity Loss: -0.130 Weight Loss: 0.457 LR: 0.000630
[Epoch 8] Target Validation accuracy: 0.4962. Loss: 1.553
[Epoch 8] Target Validation recall [surprise, fear, disgust, happy, sad, angry, neutral]: [0.7133 0.0504 0.3214 0.8771 0.3706 0.1542 0.5651] Macro Recall: 0.4360
best source-stage validation accuracy 0.4962
[Source Epoch 9] Training accuracy: 0.8942. Classification Loss: 0.418 Affinity Loss: -0.122 Weight Loss: 0.456 LR: 0.000599
[Epoch 9] Target Validation accuracy: 0.4737. Loss: 1.634
[Epoch 9] Target Validation recall [surprise, fear, disgust, happy, sad, angry, neutral]: [0.841  0.0141 0.4107 0.838  0.2864 0.2034 0.4761] Macro Recall: 0.4385
[Source Epoch 10] Training accuracy: 0.9008. Classification Loss: 0.392 Affinity Loss: -0.134 Weight Loss: 0.455 LR: 0.000569
[Epoch 10] Target Validation accuracy: 0.5035. Loss: 1.559
[Epoch 10] Target Validation recall [surprise, fear, disgust, happy, sad, angry, neutral]: [0.6747 0.0605 0.1964 0.7799 0.4855 0.2805 0.5601] Macro Recall: 0.4339
best source-stage validation accuracy 0.5035
[Source Epoch 11] Training accuracy: 0.9099. Classification Loss: 0.357 Affinity Loss: -0.143 Weight Loss: 0.452 LR: 0.000540
[Epoch 11] Target Validation accuracy: 0.4982. Loss: 1.568
[Epoch 11] Target Validation recall [surprise, fear, disgust, happy, sad, angry, neutral]: [0.7614 0.0605 0.3929 0.8335 0.3522 0.2313 0.5535] Macro Recall: 0.4550
[Source Epoch 12] Training accuracy: 0.9220. Classification Loss: 0.323 Affinity Loss: -0.144 Weight Loss: 0.451 LR: 0.000513
[Epoch 12] Target Validation accuracy: 0.4873. Loss: 1.638
[Epoch 12] Target Validation recall [surprise, fear, disgust, happy, sad, angry, neutral]: [0.841  0.0282 0.4643 0.7698 0.3629 0.2634 0.5124] Macro Recall: 0.4631
[Source Epoch 13] Training accuracy: 0.9225. Classification Loss: 0.306 Affinity Loss: -0.174 Weight Loss: 0.450 LR: 0.000488
[Epoch 13] Target Validation accuracy: 0.4870. Loss: 1.643
[Epoch 13] Target Validation recall [surprise, fear, disgust, happy, sad, angry, neutral]: [0.7398 0.0726 0.4107 0.7609 0.3859 0.2934 0.514 ] Macro Recall: 0.4539
[Source Epoch 14] Training accuracy: 0.9351. Classification Loss: 0.276 Affinity Loss: -0.191 Weight Loss: 0.450 LR: 0.000463
[Epoch 14] Target Validation accuracy: 0.4831. Loss: 1.715
[Epoch 14] Target Validation recall [surprise, fear, disgust, happy, sad, angry, neutral]: [0.6506 0.0565 0.3214 0.8134 0.4579 0.1863 0.5008] Macro Recall: 0.4267
[Source Epoch 15] Training accuracy: 0.9374. Classification Loss: 0.264 Affinity Loss: -0.234 Weight Loss: 0.450 LR: 0.000440
[Epoch 15] Target Validation accuracy: 0.5107. Loss: 1.612
[Epoch 15] Target Validation recall [surprise, fear, disgust, happy, sad, angry, neutral]: [0.6867 0.0766 0.4286 0.8257 0.487  0.2441 0.5189] Macro Recall: 0.4668
best source-stage validation accuracy 0.5107
[Source Epoch 16] Training accuracy: 0.9459. Classification Loss: 0.237 Affinity Loss: -0.220 Weight Loss: 0.450 LR: 0.000418
[Epoch 16] Target Validation accuracy: 0.4795. Loss: 1.665
[Epoch 16] Target Validation recall [surprise, fear, disgust, happy, sad, angry, neutral]: [0.759  0.0625 0.4464 0.8134 0.3047 0.3319 0.4415] Macro Recall: 0.4514
[Source Epoch 17] Training accuracy: 0.9493. Classification Loss: 0.223 Affinity Loss: -0.266 Weight Loss: 0.449 LR: 0.000397
[Epoch 17] Target Validation accuracy: 0.4940. Loss: 1.725
[Epoch 17] Target Validation recall [surprise, fear, disgust, happy, sad, angry, neutral]: [0.7157 0.0484 0.4821 0.8313 0.34   0.2655 0.5519] Macro Recall: 0.4621
[Source Epoch 18] Training accuracy: 0.9563. Classification Loss: 0.202 Affinity Loss: -0.220 Weight Loss: 0.449 LR: 0.000377
[Epoch 18] Target Validation accuracy: 0.4948. Loss: 1.694
[Epoch 18] Target Validation recall [surprise, fear, disgust, happy, sad, angry, neutral]: [0.7711 0.0867 0.3393 0.8726 0.3538 0.1734 0.4959] Macro Recall: 0.4418
[Source Epoch 19] Training accuracy: 0.9576. Classification Loss: 0.191 Affinity Loss: -0.250 Weight Loss: 0.448 LR: 0.000358
[Epoch 19] Target Validation accuracy: 0.4770. Loss: 1.753
[Epoch 19] Target Validation recall [surprise, fear, disgust, happy, sad, angry, neutral]: [0.7711 0.0968 0.1786 0.876  0.2251 0.2976 0.4349] Macro Recall: 0.4114
[Source Epoch 20] Training accuracy: 0.9684. Classification Loss: 0.169 Affinity Loss: -0.273 Weight Loss: 0.449 LR: 0.000341
[Epoch 20] Target Validation accuracy: 0.4932. Loss: 1.735
[Epoch 20] Target Validation recall [surprise, fear, disgust, happy, sad, angry, neutral]: [0.7952 0.0726 0.2679 0.8559 0.3262 0.3276 0.4234] Macro Recall: 0.4384
[Source Epoch 21] Training accuracy: 0.9646. Classification Loss: 0.166 Affinity Loss: -0.288 Weight Loss: 0.447 LR: 0.000324
[Epoch 21] Target Validation accuracy: 0.4968. Loss: 1.700
[Epoch 21] Target Validation recall [surprise, fear, disgust, happy, sad, angry, neutral]: [0.7542 0.0665 0.4643 0.819  0.366  0.2505 0.5305] Macro Recall: 0.4644
[Source Epoch 22] Training accuracy: 0.9695. Classification Loss: 0.153 Affinity Loss: -0.300 Weight Loss: 0.447 LR: 0.000307
[Epoch 22] Target Validation accuracy: 0.5068. Loss: 1.720
[Epoch 22] Target Validation recall [surprise, fear, disgust, happy, sad, angry, neutral]: [0.7735 0.0645 0.3036 0.8302 0.4441 0.3233 0.4366] Macro Recall: 0.4537
[Source Epoch 23] Training accuracy: 0.9743. Classification Loss: 0.137 Affinity Loss: -0.309 Weight Loss: 0.447 LR: 0.000292
[Epoch 23] Target Validation accuracy: 0.4843. Loss: 1.808
[Epoch 23] Target Validation recall [surprise, fear, disgust, happy, sad, angry, neutral]: [0.8313 0.0605 0.3571 0.7721 0.317  0.4004 0.425 ] Macro Recall: 0.4519
[Source Epoch 24] Training accuracy: 0.9735. Classification Loss: 0.138 Affinity Loss: -0.296 Weight Loss: 0.447 LR: 0.000277
[Epoch 24] Target Validation accuracy: 0.5032. Loss: 1.796
[Epoch 24] Target Validation recall [surprise, fear, disgust, happy, sad, angry, neutral]: [0.694  0.0343 0.3929 0.848  0.4165 0.2355 0.5568] Macro Recall: 0.4540
[Source Epoch 25] Training accuracy: 0.9791. Classification Loss: 0.122 Affinity Loss: -0.292 Weight Loss: 0.447 LR: 0.000264
[Epoch 25] Target Validation accuracy: 0.4971. Loss: 1.789
[Epoch 25] Target Validation recall [surprise, fear, disgust, happy, sad, angry, neutral]: [0.7735 0.0464 0.5179 0.8078 0.4793 0.2741 0.4069] Macro Recall: 0.4723
[Source Epoch 26] Training accuracy: 0.9808. Classification Loss: 0.114 Affinity Loss: -0.285 Weight Loss: 0.446 LR: 0.000250
[Epoch 26] Target Validation accuracy: 0.4943. Loss: 1.821
[Epoch 26] Target Validation recall [surprise, fear, disgust, happy, sad, angry, neutral]: [0.7759 0.0423 0.2321 0.8536 0.3645 0.2248 0.5124] Macro Recall: 0.4294
[Source Epoch 27] Training accuracy: 0.9806. Classification Loss: 0.114 Affinity Loss: -0.307 Weight Loss: 0.447 LR: 0.000238
[Epoch 27] Target Validation accuracy: 0.4943. Loss: 1.814
[Epoch 27] Target Validation recall [surprise, fear, disgust, happy, sad, angry, neutral]: [0.7759 0.0565 0.375  0.8313 0.3844 0.2612 0.4712] Macro Recall: 0.4508
[Source Epoch 28] Training accuracy: 0.9846. Classification Loss: 0.101 Affinity Loss: -0.277 Weight Loss: 0.447 LR: 0.000226
[Epoch 28] Target Validation accuracy: 0.4929. Loss: 1.836
[Epoch 28] Target Validation recall [surprise, fear, disgust, happy, sad, angry, neutral]: [0.8024 0.0484 0.4643 0.7888 0.3185 0.2591 0.5783] Macro Recall: 0.4657
[Source Epoch 29] Training accuracy: 0.9844. Classification Loss: 0.100 Affinity Loss: -0.329 Weight Loss: 0.446 LR: 0.000215
[Epoch 29] Target Validation accuracy: 0.5046. Loss: 1.837
[Epoch 29] Target Validation recall [surprise, fear, disgust, happy, sad, angry, neutral]: [0.7711 0.0323 0.3571 0.857  0.3599 0.2612 0.5453] Macro Recall: 0.4548
source prototype counts: [1290,  281,  717, 4772, 1982,  705, 2524]
[Target Epoch 0] class mean confidence: [0.7682 0.6711 0.6163 0.7864 0.7042 0.6813 0.6785] global_mean: 0.7009 threshold_center: 0.8500
[Target Epoch 0] class-adaptive thresholds: [0.8837 0.8351 0.8077 0.8928 0.8517 0.8402 0.8388]
[Target Epoch 0] Agreement_Num: 22860 Confident_Num: 7919 Pseudo_Distribution: [1049,  172,  123, 3665, 1350,  386, 1174]
[Target Epoch 0] Dual_Pseudo_Distribution: [1049,  172,  123, 3665, 1350,  386, 1174] SoftWeight: 0.0000
[Target Epoch 0] Temporal_Stable: 0/7919 History_Disagrees: 0 Label_Flips: 0 Retention_By_Class: [1. 1. 1. 1. 1. 1. 1.] Warmup: True
[Target Epoch 0] Prototype_Agreement: 7910/7919 (0.9989) Mean_Assigned_Cosine: 0.9813 Target_Prototype_Counts: [1049,  172,  123, 3665, 1350,  386, 1174]
[Target Epoch 0] Classification Loss: 0.199 Affinity Loss: -0.164 Weight Loss: 0.449 Prototype Loss: 0.551 ProtoWeight: 0.0000 LR: 0.000418
[Epoch 0] Target Validation Student accuracy: 0.5194. Loss: 1.671
[Epoch 0] Target Validation Student recall [surprise, fear, disgust, happy, sad, angry, neutral]: [0.7663 0.0806 0.4286 0.7955 0.415  0.3169 0.5783] Macro Recall: 0.4830
[Epoch 0] Target Validation EMA accuracy: 0.5188. Loss: 1.604
[Epoch 0] Target Validation EMA recall [surprise, fear, disgust, happy, sad, angry, neutral]: [0.706  0.0806 0.4643 0.8257 0.4931 0.257  0.5305] Macro Recall: 0.4796
best target-stage validation accuracy 0.5194 (student)
[Target Epoch 1] class mean confidence: [0.769  0.691  0.6306 0.7949 0.7108 0.6928 0.6858] global_mean: 0.7107 threshold_center: 0.8500
[Target Epoch 1] class-adaptive thresholds: [0.8791 0.8401 0.8099 0.8921 0.8501 0.8411 0.8376]
[Target Epoch 1] Agreement_Num: 23080 Confident_Num: 9020 Pseudo_Distribution: [1242,  197,  137, 4044, 1523,  437, 1440]
[Target Epoch 1] Dual_Pseudo_Distribution: [1242,  197,  137, 4044, 1523,  437, 1440] SoftWeight: 0.0000
[Target Epoch 1] Temporal_Stable: 6418/9020 History_Disagrees: 34 Label_Flips: 5880 Retention_By_Class: [1. 1. 1. 1. 1. 1. 1.] Warmup: True
[Target Epoch 1] Prototype_Agreement: 9004/9020 (0.9982) Mean_Assigned_Cosine: 0.9810 Target_Prototype_Counts: [2291,  369,  260, 7709, 2873,  823, 2614]
[Target Epoch 1] Classification Loss: 0.167 Affinity Loss: -0.195 Weight Loss: 0.448 Prototype Loss: 0.526 ProtoWeight: 0.0000 LR: 0.000397
[Epoch 1] Target Validation Student accuracy: 0.5205. Loss: 1.690
[Epoch 1] Target Validation Student recall [surprise, fear, disgust, happy, sad, angry, neutral]: [0.7301 0.0847 0.3036 0.8    0.5559 0.2591 0.5041] Macro Recall: 0.4625
[Epoch 1] Target Validation EMA accuracy: 0.5233. Loss: 1.603
[Epoch 1] Target Validation EMA recall [surprise, fear, disgust, happy, sad, angry, neutral]: [0.7205 0.0706 0.4107 0.8279 0.4977 0.2698 0.542 ] Macro Recall: 0.4770
best target-stage validation accuracy 0.5233 (ema_teacher)
[Target Epoch 2] class mean confidence: [0.7836 0.6892 0.6416 0.806  0.7233 0.701  0.7011] global_mean: 0.7208 threshold_center: 0.8500
[Target Epoch 2] class-adaptive thresholds: [0.8814 0.8342 0.8104 0.8926 0.8512 0.8401 0.8401]
[Target Epoch 2] Agreement_Num: 23607 Confident_Num: 7553 Pseudo_Distribution: [1049,  148,   84, 3633, 1186,  352, 1101]
[Target Epoch 2] Dual_Pseudo_Distribution: [1367,  228,  178, 4346, 1687,  512, 1651] SoftWeight: 0.5000
[Target Epoch 2] Temporal_Stable: 7553/9969 History_Disagrees: 32 Label_Flips: 5452 Retention_By_Class: [0.7674 0.6491 0.4719 0.8359 0.703  0.6875 0.6669] Warmup: False
[Target Epoch 2] Prototype_Agreement: 7546/7553 (0.9991) Mean_Assigned_Cosine: 0.9827 Target_Prototype_Counts: [ 3340,   517,   344, 11342,  4059,  1175,  3715]
[Target Epoch 2] Classification Loss: 0.175 Affinity Loss: -0.207 Weight Loss: 0.446 Prototype Loss: 0.509 ProtoWeight: 0.0000 LR: 0.000377
[Epoch 2] Target Validation Student accuracy: 0.5277. Loss: 1.620
[Epoch 2] Target Validation Student recall [surprise, fear, disgust, happy, sad, angry, neutral]: [0.7735 0.0565 0.3571 0.8034 0.438  0.3255 0.6063] Macro Recall: 0.4800
[Epoch 2] Target Validation EMA accuracy: 0.5297. Loss: 1.600
[Epoch 2] Target Validation EMA recall [surprise, fear, disgust, happy, sad, angry, neutral]: [0.7373 0.0806 0.4286 0.8279 0.4931 0.2805 0.5552] Macro Recall: 0.4862
best target-stage validation accuracy 0.5297 (ema_teacher)
[Target Epoch 3] class mean confidence: [0.7883 0.7056 0.6463 0.8118 0.7274 0.7105 0.7104] global_mean: 0.7286 threshold_center: 0.8500
[Target Epoch 3] class-adaptive thresholds: [0.8799 0.8385 0.8088 0.8916 0.8494 0.841  0.8409]
[Target Epoch 3] Agreement_Num: 23572 Confident_Num: 8325 Pseudo_Distribution: [1156,  166,  108, 3916, 1304,  408, 1267]
[Target Epoch 3] Dual_Pseudo_Distribution: [1480,  227,  184, 4494, 1749,  559, 1800] SoftWeight: 0.5000
[Target Epoch 3] Temporal_Stable: 8325/10493 History_Disagrees: 27 Label_Flips: 5293 Retention_By_Class: [0.7811 0.7313 0.587  0.8714 0.7456 0.7299 0.7039] Warmup: False
[Target Epoch 3] Prototype_Agreement: 8320/8325 (0.9994) Mean_Assigned_Cosine: 0.9805 Target_Prototype_Counts: [ 4496,   683,   452, 15258,  5363,  1583,  4982]
[Target Epoch 3] Classification Loss: 0.170 Affinity Loss: -0.207 Weight Loss: 0.445 Prototype Loss: 0.489 ProtoWeight: 0.0200 LR: 0.000358
[Epoch 3] Target Validation Student accuracy: 0.5249. Loss: 1.618
[Epoch 3] Target Validation Student recall [surprise, fear, disgust, happy, sad, angry, neutral]: [0.706  0.0746 0.2857 0.7922 0.5023 0.3726 0.5387] Macro Recall: 0.4674
[Epoch 3] Target Validation EMA accuracy: 0.5322. Loss: 1.600
[Epoch 3] Target Validation EMA recall [surprise, fear, disgust, happy, sad, angry, neutral]: [0.7398 0.0827 0.4464 0.8257 0.4916 0.2912 0.5618] Macro Recall: 0.4913
best target-stage validation accuracy 0.5322 (ema_teacher)
[Target Epoch 4] class mean confidence: [0.7927 0.7148 0.6508 0.816  0.7276 0.7207 0.7163] global_mean: 0.7341 threshold_center: 0.8500
[Target Epoch 4] class-adaptive thresholds: [0.8793 0.8403 0.8084 0.8909 0.8467 0.8433 0.8411]
[Target Epoch 4] Agreement_Num: 23771 Confident_Num: 8880 Pseudo_Distribution: [1265,  181,  117, 4057, 1414,  464, 1382]
[Target Epoch 4] Dual_Pseudo_Distribution: [1543,  254,  183, 4571, 1889,  604, 1916] SoftWeight: 0.5000
[Target Epoch 4] Temporal_Stable: 8880/10960 History_Disagrees: 12 Label_Flips: 5151 Retention_By_Class: [0.8198 0.7126 0.6393 0.8876 0.7485 0.7682 0.7213] Warmup: False
[Target Epoch 4] Prototype_Agreement: 8870/8880 (0.9989) Mean_Assigned_Cosine: 0.9774 Target_Prototype_Counts: [ 5761,   864,   569, 19315,  6777,  2047,  6364]
[Target Epoch 4] Classification Loss: 0.159 Affinity Loss: -0.226 Weight Loss: 0.445 Prototype Loss: 0.411 ProtoWeight: 0.0400 LR: 0.000341
[Epoch 4] Target Validation Student accuracy: 0.5355. Loss: 1.644
[Epoch 4] Target Validation Student recall [surprise, fear, disgust, happy, sad, angry, neutral]: [0.7687 0.0968 0.2679 0.8168 0.4625 0.2976 0.6063] Macro Recall: 0.4738
[Epoch 4] Target Validation EMA accuracy: 0.5347. Loss: 1.602
[Epoch 4] Target Validation EMA recall [surprise, fear, disgust, happy, sad, angry, neutral]: [0.7446 0.0806 0.4464 0.8223 0.4992 0.2976 0.5667] Macro Recall: 0.4939
best target-stage validation accuracy 0.5355 (student)
[Target Epoch 5] class mean confidence: [0.793  0.7309 0.648  0.8179 0.7296 0.7195 0.718 ] global_mean: 0.7367 threshold_center: 0.8500
[Target Epoch 5] class-adaptive thresholds: [0.8781 0.8471 0.8057 0.8906 0.8464 0.8414 0.8406]
[Target Epoch 5] Agreement_Num: 23818 Confident_Num: 9366 Pseudo_Distribution: [1361,  212,  123, 4138, 1510,  502, 1520]
[Target Epoch 5] Dual_Pseudo_Distribution: [1648,  286,  190, 4609, 1909,  628, 2021] SoftWeight: 0.5000
[Target Epoch 5] Temporal_Stable: 9366/11291 History_Disagrees: 19 Label_Flips: 4901 Retention_By_Class: [0.8258 0.7413 0.6474 0.8978 0.791  0.7994 0.7521] Warmup: False
[Target Epoch 5] Prototype_Agreement: 9359/9366 (0.9993) Mean_Assigned_Cosine: 0.9746 Target_Prototype_Counts: [ 7122,  1076,   692, 23453,  8287,  2549,  7884]
[Target Epoch 5] Classification Loss: 0.149 Affinity Loss: -0.243 Weight Loss: 0.446 Prototype Loss: 0.379 ProtoWeight: 0.0600 LR: 0.000324
[Epoch 5] Target Validation Student accuracy: 0.5322. Loss: 1.651
[Epoch 5] Target Validation Student recall [surprise, fear, disgust, happy, sad, angry, neutral]: [0.7277 0.0806 0.2679 0.8291 0.5207 0.3769 0.486 ] Macro Recall: 0.4698
[Epoch 5] Target Validation EMA accuracy: 0.5322. Loss: 1.602
[Epoch 5] Target Validation EMA recall [surprise, fear, disgust, happy, sad, angry, neutral]: [0.747  0.0685 0.4286 0.8246 0.4885 0.2998 0.5684] Macro Recall: 0.4893
[Target Epoch 6] class mean confidence: [0.7923 0.7329 0.6513 0.8233 0.728  0.7253 0.7206] global_mean: 0.7391 threshold_center: 0.8500
[Target Epoch 6] class-adaptive thresholds: [0.8766 0.8469 0.8061 0.8921 0.8444 0.8431 0.8408]
[Target Epoch 6] Agreement_Num: 24140 Confident_Num: 9699 Pseudo_Distribution: [1436,  231,  125, 4211, 1560,  539, 1597]
[Target Epoch 6] Dual_Pseudo_Distribution: [1651,  309,  197, 4648, 1969,  701, 2075] SoftWeight: 0.5000
[Target Epoch 6] Temporal_Stable: 9699/11550 History_Disagrees: 12 Label_Flips: 4819 Retention_By_Class: [0.8698 0.7476 0.6345 0.906  0.7923 0.7689 0.7696] Warmup: False
[Target Epoch 6] Prototype_Agreement: 9694/9699 (0.9995) Mean_Assigned_Cosine: 0.9721 Target_Prototype_Counts: [ 8558,  1307,   817, 27664,  9847,  3088,  9481]
[Target Epoch 6] Classification Loss: 0.144 Affinity Loss: -0.235 Weight Loss: 0.446 Prototype Loss: 0.343 ProtoWeight: 0.0800 LR: 0.000307
[Epoch 6] Target Validation Student accuracy: 0.5280. Loss: 1.687
[Epoch 6] Target Validation Student recall [surprise, fear, disgust, happy, sad, angry, neutral]: [0.7157 0.0685 0.3571 0.8369 0.4625 0.3126 0.5717] Macro Recall: 0.4750
[Epoch 6] Target Validation EMA accuracy: 0.5327. Loss: 1.601
[Epoch 6] Target Validation EMA recall [surprise, fear, disgust, happy, sad, angry, neutral]: [0.747  0.0726 0.4464 0.8235 0.49   0.2976 0.5684] Macro Recall: 0.4922
[Target Epoch 7] class mean confidence: [0.7997 0.741  0.6564 0.8235 0.7344 0.7295 0.7213] global_mean: 0.7437 threshold_center: 0.8500
[Target Epoch 7] class-adaptive thresholds: [0.878  0.8487 0.8064 0.8899 0.8454 0.8429 0.8388]
[Target Epoch 7] Agreement_Num: 24155 Confident_Num: 9923 Pseudo_Distribution: [1436,  247,  131, 4267, 1601,  577, 1664]
[Target Epoch 7] Dual_Pseudo_Distribution: [1675,  320,  208, 4730, 1960,  731, 2126] SoftWeight: 0.5000
[Target Epoch 7] Temporal_Stable: 9923/11750 History_Disagrees: 21 Label_Flips: 4639 Retention_By_Class: [0.8573 0.7719 0.6298 0.9021 0.8168 0.7893 0.7827] Warmup: False
[Target Epoch 7] Prototype_Agreement: 9918/9923 (0.9995) Mean_Assigned_Cosine: 0.9699 Target_Prototype_Counts: [ 9994,  1554,   948, 31931, 11448,  3665, 11145]
[Target Epoch 7] Classification Loss: 0.137 Affinity Loss: -0.222 Weight Loss: 0.446 Prototype Loss: 0.329 ProtoWeight: 0.1000 LR: 0.000292
[Epoch 7] Target Validation Student accuracy: 0.5350. Loss: 1.733
[Epoch 7] Target Validation Student recall [surprise, fear, disgust, happy, sad, angry, neutral]: [0.7422 0.1008 0.25   0.8369 0.4962 0.2891 0.5601] Macro Recall: 0.4679
[Epoch 7] Target Validation EMA accuracy: 0.5350. Loss: 1.603
[Epoch 7] Target Validation EMA recall [surprise, fear, disgust, happy, sad, angry, neutral]: [0.7566 0.0726 0.4107 0.8223 0.4885 0.3019 0.5783] Macro Recall: 0.4901
[Target Epoch 8] class mean confidence: [0.7968 0.7673 0.6487 0.8274 0.7338 0.7372 0.7256] global_mean: 0.7481 threshold_center: 0.8500
[Target Epoch 8] class-adaptive thresholds: [0.8743 0.8596 0.8003 0.8896 0.8428 0.8446 0.8388]
[Target Epoch 8] Agreement_Num: 24232 Confident_Num: 10258 Pseudo_Distribution: [1463,  271,  148, 4395, 1638,  612, 1731]
[Target Epoch 8] Dual_Pseudo_Distribution: [1706,  337,  215, 4819, 2047,  749, 2226] SoftWeight: 0.5000
[Target Epoch 8] Temporal_Stable: 10258/12099 History_Disagrees: 8 Label_Flips: 4441 Retention_By_Class: [0.8576 0.8042 0.6884 0.912  0.8002 0.8171 0.7776] Warmup: False
[Target Epoch 8] Prototype_Agreement: 10252/10258 (0.9994) Mean_Assigned_Cosine: 0.9680 Target_Prototype_Counts: [11457,  1825,  1096, 36326, 13086,  4277, 12876]
[Target Epoch 8] Classification Loss: 0.131 Affinity Loss: -0.213 Weight Loss: 0.446 Prototype Loss: 0.314 ProtoWeight: 0.1000 LR: 0.000277
[Epoch 8] Target Validation Student accuracy: 0.5467. Loss: 1.629
[Epoch 8] Target Validation Student recall [surprise, fear, disgust, happy, sad, angry, neutral]: [0.7614 0.0766 0.3214 0.8168 0.513  0.3362 0.6046] Macro Recall: 0.4900
[Epoch 8] Target Validation EMA accuracy: 0.5347. Loss: 1.601
[Epoch 8] Target Validation EMA recall [surprise, fear, disgust, happy, sad, angry, neutral]: [0.7518 0.0726 0.4107 0.8246 0.4931 0.3062 0.5684] Macro Recall: 0.4896
best target-stage validation accuracy 0.5467 (student)
[Target Epoch 9] class mean confidence: [0.7984 0.7679 0.6656 0.8295 0.7306 0.7336 0.7269] global_mean: 0.7503 threshold_center: 0.8500
[Target Epoch 9] class-adaptive thresholds: [0.874  0.8588 0.8076 0.8896 0.8401 0.8416 0.8383]
[Target Epoch 9] Agreement_Num: 24256 Confident_Num: 10515 Pseudo_Distribution: [1474,  292,  149, 4451, 1712,  645, 1792]
[Target Epoch 9] Dual_Pseudo_Distribution: [1682,  356,  219, 4831, 2110,  782, 2220] SoftWeight: 0.5000
[Target Epoch 9] Temporal_Stable: 10515/12200 History_Disagrees: 8 Label_Flips: 4404 Retention_By_Class: [0.8763 0.8202 0.6804 0.9213 0.8114 0.8248 0.8072] Warmup: False
[Target Epoch 9] Prototype_Agreement: 10510/10515 (0.9995) Mean_Assigned_Cosine: 0.9664 Target_Prototype_Counts: [12931,  2117,  1245, 40777, 14798,  4922, 14668]
[Target Epoch 9] Classification Loss: 0.126 Affinity Loss: -0.224 Weight Loss: 0.446 Prototype Loss: 0.298 ProtoWeight: 0.1000 LR: 0.000264
[Epoch 9] Target Validation Student accuracy: 0.5397. Loss: 1.700
[Epoch 9] Target Validation Student recall [surprise, fear, disgust, happy, sad, angry, neutral]: [0.7446 0.0867 0.2321 0.7989 0.5528 0.349  0.5486] Macro Recall: 0.4733
[Epoch 9] Target Validation EMA accuracy: 0.5375. Loss: 1.599
[Epoch 9] Target Validation EMA recall [surprise, fear, disgust, happy, sad, angry, neutral]: [0.7494 0.0726 0.4107 0.8223 0.5084 0.3126 0.5684] Macro Recall: 0.4921
[Target Epoch 10] class mean confidence: [0.7989 0.7709 0.6616 0.8273 0.7306 0.7353 0.7271] global_mean: 0.7502 threshold_center: 0.8500
[Target Epoch 10] class-adaptive thresholds: [0.8743 0.8603 0.8057 0.8885 0.8402 0.8426 0.8384]
[Target Epoch 10] Agreement_Num: 24478 Confident_Num: 10679 Pseudo_Distribution: [1470,  307,  163, 4502, 1743,  677, 1817]
[Target Epoch 10] Dual_Pseudo_Distribution: [1676,  371,  244, 4913, 2094,  810, 2250] SoftWeight: 0.5000
[Target Epoch 10] Temporal_Stable: 10679/12358 History_Disagrees: 7 Label_Flips: 4309 Retention_By_Class: [0.8771 0.8275 0.668  0.9163 0.8324 0.8358 0.8076] Warmup: False
[Target Epoch 10] Prototype_Agreement: 10674/10679 (0.9995) Mean_Assigned_Cosine: 0.9649 Target_Prototype_Counts: [14401,  2424,  1408, 45279, 16541,  5599, 16485]
[Target Epoch 10] Classification Loss: 0.121 Affinity Loss: -0.206 Weight Loss: 0.445 Prototype Loss: 0.292 ProtoWeight: 0.1000 LR: 0.000250
[Epoch 10] Target Validation Student accuracy: 0.5308. Loss: 1.769
[Epoch 10] Target Validation Student recall [surprise, fear, disgust, happy, sad, angry, neutral]: [0.7639 0.0786 0.4107 0.8145 0.464  0.334  0.5568] Macro Recall: 0.4889
[Epoch 10] Target Validation EMA accuracy: 0.5403. Loss: 1.603
[Epoch 10] Target Validation EMA recall [surprise, fear, disgust, happy, sad, angry, neutral]: [0.7542 0.0806 0.4464 0.8257 0.5054 0.3169 0.5667] Macro Recall: 0.4994
[Target Epoch 11] class mean confidence: [0.8009 0.7814 0.6589 0.8299 0.7324 0.7376 0.7268] global_mean: 0.7526 threshold_center: 0.8500
[Target Epoch 11] class-adaptive thresholds: [0.8742 0.8644 0.8032 0.8886 0.8399 0.8425 0.8371]
[Target Epoch 11] Agreement_Num: 24435 Confident_Num: 10798 Pseudo_Distribution: [1473,  315,  177, 4558, 1759,  688, 1828]
[Target Epoch 11] Dual_Pseudo_Distribution: [1661,  387,  256, 4924, 2133,  845, 2229] SoftWeight: 0.5000
[Target Epoch 11] Temporal_Stable: 10798/12435 History_Disagrees: 12 Label_Flips: 4237 Retention_By_Class: [0.8868 0.814  0.6914 0.9257 0.8247 0.8142 0.8201] Warmup: False
[Target Epoch 11] Prototype_Agreement: 10794/10798 (0.9996) Mean_Assigned_Cosine: 0.9635 Target_Prototype_Counts: [15874,  2739,  1585, 49837, 18300,  6287, 18313]
[Target Epoch 11] Classification Loss: 0.119 Affinity Loss: -0.216 Weight Loss: 0.444 Prototype Loss: 0.284 ProtoWeight: 0.1000 LR: 0.000238
[Epoch 11] Target Validation Student accuracy: 0.5442. Loss: 1.704
[Epoch 11] Target Validation Student recall [surprise, fear, disgust, happy, sad, angry, neutral]: [0.7277 0.0847 0.3214 0.819  0.5498 0.3854 0.5255] Macro Recall: 0.4877
[Epoch 11] Target Validation EMA accuracy: 0.5425. Loss: 1.602
[Epoch 11] Target Validation EMA recall [surprise, fear, disgust, happy, sad, angry, neutral]: [0.7566 0.0766 0.4286 0.8257 0.51   0.3233 0.5733] Macro Recall: 0.4992
[Target Epoch 12] class mean confidence: [0.7974 0.7791 0.6584 0.8322 0.7301 0.742  0.7287] global_mean: 0.7526 threshold_center: 0.8500
[Target Epoch 12] class-adaptive thresholds: [0.8724 0.8633 0.8029 0.8898 0.8388 0.8447 0.8381]
[Target Epoch 12] Agreement_Num: 24528 Confident_Num: 10813 Pseudo_Distribution: [1468,  334,  184, 4564, 1771,  713, 1779]
[Target Epoch 12] Dual_Pseudo_Distribution: [1667,  396,  256, 4908, 2124,  851, 2204] SoftWeight: 0.5000
[Target Epoch 12] Temporal_Stable: 10813/12406 History_Disagrees: 8 Label_Flips: 4234 Retention_By_Class: [0.8806 0.8434 0.7188 0.9299 0.8338 0.8378 0.8072] Warmup: False
[Target Epoch 12] Prototype_Agreement: 10812/10813 (0.9999) Mean_Assigned_Cosine: 0.9624 Target_Prototype_Counts: [17342,  3073,  1769, 54401, 20071,  7000, 20092]
[Target Epoch 12] Classification Loss: 0.119 Affinity Loss: -0.228 Weight Loss: 0.444 Prototype Loss: 0.280 ProtoWeight: 0.1000 LR: 0.000226
[Epoch 12] Target Validation Student accuracy: 0.5302. Loss: 1.774
[Epoch 12] Target Validation Student recall [surprise, fear, disgust, happy, sad, angry, neutral]: [0.706  0.119  0.3036 0.819  0.5207 0.2976 0.5305] Macro Recall: 0.4709
[Epoch 12] Target Validation EMA accuracy: 0.5439. Loss: 1.597
[Epoch 12] Target Validation EMA recall [surprise, fear, disgust, happy, sad, angry, neutral]: [0.7518 0.0806 0.4107 0.8268 0.513  0.3233 0.5783] Macro Recall: 0.4978
[Target Epoch 13] class mean confidence: [0.7957 0.7897 0.6534 0.827  0.7268 0.7449 0.7271] global_mean: 0.7521 threshold_center: 0.8500
[Target Epoch 13] class-adaptive thresholds: [0.8718 0.8688 0.8007 0.8875 0.8374 0.8464 0.8375]
[Target Epoch 13] Agreement_Num: 24681 Confident_Num: 10849 Pseudo_Distribution: [1443,  355,  187, 4605, 1756,  722, 1781]
[Target Epoch 13] Dual_Pseudo_Distribution: [1634,  421,  266, 5016, 2081,  861, 2195] SoftWeight: 0.5000
[Target Epoch 13] Temporal_Stable: 10849/12474 History_Disagrees: 6 Label_Flips: 4237 Retention_By_Class: [0.8831 0.8432 0.703  0.9181 0.8438 0.8386 0.8114] Warmup: False
[Target Epoch 13] Prototype_Agreement: 10847/10849 (0.9998) Mean_Assigned_Cosine: 0.9613 Target_Prototype_Counts: [18785,  3428,  1956, 59006, 21827,  7722, 21873]
[Target Epoch 13] Classification Loss: 0.112 Affinity Loss: -0.233 Weight Loss: 0.444 Prototype Loss: 0.266 ProtoWeight: 0.1000 LR: 0.000215
[Epoch 13] Target Validation Student accuracy: 0.5400. Loss: 1.721
[Epoch 13] Target Validation Student recall [surprise, fear, disgust, happy, sad, angry, neutral]: [0.7928 0.0625 0.3393 0.8413 0.4671 0.3084 0.5881] Macro Recall: 0.4856
[Epoch 13] Target Validation EMA accuracy: 0.5453. Loss: 1.593
[Epoch 13] Target Validation EMA recall [surprise, fear, disgust, happy, sad, angry, neutral]: [0.747  0.0827 0.3929 0.8279 0.5161 0.3319 0.5783] Macro Recall: 0.4967
[Target Epoch 14] class mean confidence: [0.7886 0.7808 0.659  0.8308 0.7248 0.7368 0.7237] global_mean: 0.7492 threshold_center: 0.8500
[Target Epoch 14] class-adaptive thresholds: [0.8697 0.8658 0.8049 0.8908 0.8378 0.8438 0.8372]
[Target Epoch 14] Agreement_Num: 24665 Confident_Num: 10844 Pseudo_Distribution: [1421,  364,  207, 4633, 1730,  740, 1749]
[Target Epoch 14] Dual_Pseudo_Distribution: [1606,  422,  288, 4935, 2063,  873, 2139] SoftWeight: 0.5000
[Target Epoch 14] Temporal_Stable: 10844/12326 History_Disagrees: 9 Label_Flips: 4090 Retention_By_Class: [0.8848 0.8626 0.7188 0.9388 0.8386 0.8477 0.8177] Warmup: False
[Target Epoch 14] Prototype_Agreement: 10842/10844 (0.9998) Mean_Assigned_Cosine: 0.9607 Target_Prototype_Counts: [20206,  3792,  2163, 63639, 23557,  8462, 23622]
[Target Epoch 14] Classification Loss: 0.109 Affinity Loss: -0.198 Weight Loss: 0.444 Prototype Loss: 0.268 ProtoWeight: 0.1000 LR: 0.000204
[Epoch 14] Target Validation Student accuracy: 0.5364. Loss: 1.780
[Epoch 14] Target Validation Student recall [surprise, fear, disgust, happy, sad, angry, neutral]: [0.7108 0.0685 0.375  0.8212 0.4732 0.3769 0.5848] Macro Recall: 0.4872
[Epoch 14] Target Validation EMA accuracy: 0.5436. Loss: 1.593
[Epoch 14] Target Validation EMA recall [surprise, fear, disgust, happy, sad, angry, neutral]: [0.7373 0.0786 0.3929 0.8279 0.5115 0.3298 0.5848] Macro Recall: 0.4947
[Target Epoch 15] class mean confidence: [0.7939 0.793  0.662  0.8318 0.7256 0.7439 0.7213] global_mean: 0.7531 threshold_center: 0.8500
[Target Epoch 15] class-adaptive thresholds: [0.8704 0.87   0.8045 0.8894 0.8363 0.8454 0.8341]
[Target Epoch 15] Agreement_Num: 24743 Confident_Num: 10780 Pseudo_Distribution: [1353,  372,  210, 4637, 1697,  761, 1750]
[Target Epoch 15] Dual_Pseudo_Distribution: [1499,  437,  281, 5050, 2055,  895, 2168] SoftWeight: 0.5000
[Target Epoch 15] Temporal_Stable: 10780/12385 History_Disagrees: 6 Label_Flips: 4068 Retention_By_Class: [0.9026 0.8513 0.7473 0.9182 0.8258 0.8503 0.8072] Warmup: False
[Target Epoch 15] Prototype_Agreement: 10776/10780 (0.9996) Mean_Assigned_Cosine: 0.9598 Target_Prototype_Counts: [21559,  4164,  2373, 68276, 25254,  9223, 25372]
[Target Epoch 15] Classification Loss: 0.107 Affinity Loss: -0.204 Weight Loss: 0.443 Prototype Loss: 0.270 ProtoWeight: 0.1000 LR: 0.000194
[Epoch 15] Target Validation Student accuracy: 0.5352. Loss: 1.789
[Epoch 15] Target Validation Student recall [surprise, fear, disgust, happy, sad, angry, neutral]: [0.7205 0.0988 0.2679 0.8134 0.5329 0.3255 0.5437] Macro Recall: 0.4718
[Epoch 15] Target Validation EMA accuracy: 0.5417. Loss: 1.595
[Epoch 15] Target Validation EMA recall [surprise, fear, disgust, happy, sad, angry, neutral]: [0.7349 0.0806 0.375  0.8279 0.5023 0.3276 0.5865] Macro Recall: 0.4907
[Target Epoch 16] class mean confidence: [0.7886 0.8046 0.6601 0.8298 0.7235 0.7396 0.7236] global_mean: 0.7528 threshold_center: 0.8500
[Target Epoch 16] class-adaptive thresholds: [0.8679 0.8759 0.8036 0.8885 0.8353 0.8434 0.8354]
[Target Epoch 16] Agreement_Num: 24733 Confident_Num: 10817 Pseudo_Distribution: [1288,  378,  212, 4733, 1719,  772, 1715]
[Target Epoch 16] Dual_Pseudo_Distribution: [1490,  433,  325, 5119, 2063,  890, 2085] SoftWeight: 0.5000
[Target Epoch 16] Temporal_Stable: 10817/12405 History_Disagrees: 7 Label_Flips: 4016 Retention_By_Class: [0.8644 0.873  0.6523 0.9246 0.8333 0.8674 0.8225] Warmup: False
[Target Epoch 16] Prototype_Agreement: 10815/10817 (0.9998) Mean_Assigned_Cosine: 0.9597 Target_Prototype_Counts: [22847,  4542,  2585, 73009, 26973,  9995, 27087]
[Target Epoch 16] Classification Loss: 0.104 Affinity Loss: -0.229 Weight Loss: 0.442 Prototype Loss: 0.252 ProtoWeight: 0.1000 LR: 0.000184
[Epoch 16] Target Validation Student accuracy: 0.5319. Loss: 1.848
[Epoch 16] Target Validation Student recall [surprise, fear, disgust, happy, sad, angry, neutral]: [0.6843 0.0968 0.3393 0.8268 0.5406 0.3105 0.5272] Macro Recall: 0.4751
[Epoch 16] Target Validation EMA accuracy: 0.5425. Loss: 1.593
[Epoch 16] Target Validation EMA recall [surprise, fear, disgust, happy, sad, angry, neutral]: [0.7325 0.0786 0.3571 0.8302 0.5038 0.3383 0.5832] Macro Recall: 0.4891
[Target Epoch 17] class mean confidence: [0.7901 0.8104 0.6606 0.8304 0.7243 0.7419 0.7203] global_mean: 0.7540 threshold_center: 0.8500
[Target Epoch 17] class-adaptive thresholds: [0.868  0.8782 0.8033 0.8882 0.8351 0.8439 0.8332]
[Target Epoch 17] Agreement_Num: 24661 Confident_Num: 10800 Pseudo_Distribution: [1216,  375,  236, 4798, 1721,  778, 1676]
[Target Epoch 17] Dual_Pseudo_Distribution: [1372,  432,  328, 5123, 2045,  890, 2040] SoftWeight: 0.5000
[Target Epoch 17] Temporal_Stable: 10800/12230 History_Disagrees: 7 Label_Flips: 4043 Retention_By_Class: [0.8863 0.8681 0.7195 0.9366 0.8416 0.8742 0.8216] Warmup: False
[Target Epoch 17] Prototype_Agreement: 10795/10800 (0.9995) Mean_Assigned_Cosine: 0.9588 Target_Prototype_Counts: [24063,  4917,  2821, 77807, 28694, 10773, 28763]
[Target Epoch 17] Classification Loss: 0.104 Affinity Loss: -0.234 Weight Loss: 0.442 Prototype Loss: 0.250 ProtoWeight: 0.1000 LR: 0.000175
[Epoch 17] Target Validation Student accuracy: 0.5419. Loss: 1.748
[Epoch 17] Target Validation Student recall [surprise, fear, disgust, happy, sad, angry, neutral]: [0.7831 0.0706 0.3036 0.8458 0.4763 0.3041 0.5898] Macro Recall: 0.4819
[Epoch 17] Target Validation EMA accuracy: 0.5400. Loss: 1.593
[Epoch 17] Target Validation EMA recall [surprise, fear, disgust, happy, sad, angry, neutral]: [0.7277 0.0766 0.3571 0.8358 0.4992 0.334  0.5733] Macro Recall: 0.4863
[Target Epoch 18] class mean confidence: [0.7857 0.8097 0.6707 0.8295 0.7195 0.7387 0.7159] global_mean: 0.7528 threshold_center: 0.8500
[Target Epoch 18] class-adaptive thresholds: [0.8665 0.8784 0.8089 0.8884 0.8333 0.8429 0.8315]
[Target Epoch 18] Agreement_Num: 24710 Confident_Num: 10748 Pseudo_Distribution: [1140,  389,  239, 4817, 1708,  786, 1669]
[Target Epoch 18] Dual_Pseudo_Distribution: [1340,  445,  325, 5134, 2033,  909, 2035] SoftWeight: 0.5000
[Target Epoch 18] Temporal_Stable: 10748/12221 History_Disagrees: 7 Label_Flips: 4032 Retention_By_Class: [0.8507 0.8742 0.7354 0.9383 0.8401 0.8647 0.8201] Warmup: False
[Target Epoch 18] Prototype_Agreement: 10748/10748 (1.0000) Mean_Assigned_Cosine: 0.9579 Target_Prototype_Counts: [25203,  5306,  3060, 82624, 30402, 11559, 30432]
[Target Epoch 18] Classification Loss: 0.101 Affinity Loss: -0.239 Weight Loss: 0.441 Prototype Loss: 0.238 ProtoWeight: 0.1000 LR: 0.000166
[Epoch 18] Target Validation Student accuracy: 0.5456. Loss: 1.738
[Epoch 18] Target Validation Student recall [surprise, fear, disgust, happy, sad, angry, neutral]: [0.7181 0.0806 0.3393 0.8302 0.4977 0.3619 0.5997] Macro Recall: 0.4896
[Epoch 18] Target Validation EMA accuracy: 0.5391. Loss: 1.593
[Epoch 18] Target Validation EMA recall [surprise, fear, disgust, happy, sad, angry, neutral]: [0.7253 0.0786 0.3571 0.8346 0.5008 0.3319 0.57  ] Macro Recall: 0.4855
[Target Epoch 19] class mean confidence: [0.7828 0.8117 0.6628 0.8319 0.7189 0.738  0.7149] global_mean: 0.7516 threshold_center: 0.8500
[Target Epoch 19] class-adaptive thresholds: [0.8656 0.88   0.8056 0.8902 0.8336 0.8432 0.8317]
[Target Epoch 19] Agreement_Num: 24849 Confident_Num: 10594 Pseudo_Distribution: [1070,  408,  243, 4816, 1662,  799, 1596]
[Target Epoch 19] Dual_Pseudo_Distribution: [1252,  471,  329, 5141, 1953,  929, 1960] SoftWeight: 0.5000
[Target Epoch 19] Temporal_Stable: 10594/12035 History_Disagrees: 9 Label_Flips: 3985 Retention_By_Class: [0.8546 0.8662 0.7386 0.9368 0.851  0.8601 0.8143] Warmup: False
[Target Epoch 19] Prototype_Agreement: 10593/10594 (0.9999) Mean_Assigned_Cosine: 0.9577 Target_Prototype_Counts: [26273,  5714,  3303, 87440, 32064, 12358, 32028]
[Target Epoch 19] Classification Loss: 0.099 Affinity Loss: -0.206 Weight Loss: 0.440 Prototype Loss: 0.236 ProtoWeight: 0.1000 LR: 0.000158
[Epoch 19] Target Validation Student accuracy: 0.5422. Loss: 1.795
[Epoch 19] Target Validation Student recall [surprise, fear, disgust, happy, sad, angry, neutral]: [0.7494 0.0927 0.3036 0.8279 0.5268 0.3405 0.5404] Macro Recall: 0.4830
[Epoch 19] Target Validation EMA accuracy: 0.5414. Loss: 1.597
[Epoch 19] Target Validation EMA recall [surprise, fear, disgust, happy, sad, angry, neutral]: [0.7253 0.0827 0.3571 0.838  0.5069 0.3319 0.5684] Macro Recall: 0.4872
[Target Epoch 20] class mean confidence: [0.7815 0.8161 0.6643 0.8331 0.7162 0.7385 0.7182] global_mean: 0.7525 threshold_center: 0.8500
[Target Epoch 20] class-adaptive thresholds: [0.8645 0.8818 0.8059 0.8903 0.8318 0.843  0.8328]
[Target Epoch 20] Agreement_Num: 24790 Confident_Num: 10592 Pseudo_Distribution: [1036,  414,  255, 4843, 1649,  815, 1580]
[Target Epoch 20] Dual_Pseudo_Distribution: [1280,  483,  348, 5194, 2016,  932, 1992] SoftWeight: 0.5000
[Target Epoch 20] Temporal_Stable: 10592/12245 History_Disagrees: 11 Label_Flips: 3933 Retention_By_Class: [0.8094 0.8571 0.7328 0.9324 0.818  0.8745 0.7932] Warmup: False
[Target Epoch 20] Prototype_Agreement: 10592/10592 (1.0000) Mean_Assigned_Cosine: 0.9570 Target_Prototype_Counts: [27309,  6128,  3558, 92283, 33713, 13173, 33608]
[Target Epoch 20] Classification Loss: 0.097 Affinity Loss: -0.210 Weight Loss: 0.440 Prototype Loss: 0.230 ProtoWeight: 0.1000 LR: 0.000150
[Epoch 20] Target Validation Student accuracy: 0.5439. Loss: 1.748
[Epoch 20] Target Validation Student recall [surprise, fear, disgust, happy, sad, angry, neutral]: [0.7205 0.0907 0.3571 0.8492 0.5452 0.334  0.5206] Macro Recall: 0.4882
[Epoch 20] Target Validation EMA accuracy: 0.5425. Loss: 1.604
[Epoch 20] Target Validation EMA recall [surprise, fear, disgust, happy, sad, angry, neutral]: [0.7277 0.0847 0.3571 0.838  0.5054 0.3362 0.57  ] Macro Recall: 0.4884
[Target Epoch 21] class mean confidence: [0.7851 0.8261 0.6769 0.8365 0.7217 0.7481 0.7223] global_mean: 0.7595 threshold_center: 0.8500
[Target Epoch 21] class-adaptive thresholds: [0.8628 0.8833 0.8087 0.8885 0.8311 0.8443 0.8314]
[Target Epoch 21] Agreement_Num: 24826 Confident_Num: 10875 Pseudo_Distribution: [1056,  437,  262, 4948, 1688,  806, 1678]
[Target Epoch 21] Dual_Pseudo_Distribution: [1338,  488,  344, 5301, 2048,  928, 2148] SoftWeight: 0.5000
[Target Epoch 21] Temporal_Stable: 10875/12595 History_Disagrees: 4 Label_Flips: 4016 Retention_By_Class: [0.7892 0.8955 0.7616 0.9334 0.8242 0.8685 0.7812] Warmup: False
[Target Epoch 21] Prototype_Agreement: 10875/10875 (1.0000) Mean_Assigned_Cosine: 0.9568 Target_Prototype_Counts: [28365,  6565,  3820, 97231, 35401, 13979, 35286]
[Target Epoch 21] Classification Loss: 0.097 Affinity Loss: -0.199 Weight Loss: 0.440 Prototype Loss: 0.227 ProtoWeight: 0.1000 LR: 0.000142
[Epoch 21] Target Validation Student accuracy: 0.5433. Loss: 1.778
[Epoch 21] Target Validation Student recall [surprise, fear, disgust, happy, sad, angry, neutral]: [0.7229 0.0847 0.375  0.8358 0.536  0.334  0.5486] Macro Recall: 0.4910
[Epoch 21] Target Validation EMA accuracy: 0.5417. Loss: 1.612
[Epoch 21] Target Validation EMA recall [surprise, fear, disgust, happy, sad, angry, neutral]: [0.7253 0.0867 0.3393 0.8402 0.5038 0.3298 0.57  ] Macro Recall: 0.4850
[Target Epoch 22] class mean confidence: [0.7794 0.8326 0.6793 0.8405 0.728  0.7509 0.7269] global_mean: 0.7625 threshold_center: 0.8500
[Target Epoch 22] class-adaptive thresholds: [0.8584 0.885  0.8084 0.889  0.8328 0.8442 0.8322]
[Target Epoch 22] Agreement_Num: 24801 Confident_Num: 11178 Pseudo_Distribution: [1138,  444,  277, 5039, 1711,  826, 1743]
[Target Epoch 22] Dual_Pseudo_Distribution: [1446,  495,  361, 5346, 2055,  929, 2128] SoftWeight: 0.5000
[Target Epoch 22] Temporal_Stable: 11178/12760 History_Disagrees: 7 Label_Flips: 3893 Retention_By_Class: [0.787  0.897  0.7673 0.9426 0.8326 0.8891 0.8191] Warmup: False
[Target Epoch 22] Prototype_Agreement: 11178/11178 (1.0000) Mean_Assigned_Cosine: 0.9563 Target_Prototype_Counts: [ 29503,   7009,   4097, 102270,  37112,  14805,  37029]
[Target Epoch 22] Classification Loss: 0.097 Affinity Loss: -0.219 Weight Loss: 0.440 Prototype Loss: 0.230 ProtoWeight: 0.1000 LR: 0.000135
[Epoch 22] Target Validation Student accuracy: 0.5467. Loss: 1.797
[Epoch 22] Target Validation Student recall [surprise, fear, disgust, happy, sad, angry, neutral]: [0.7157 0.121  0.2679 0.8369 0.5008 0.364  0.5667] Macro Recall: 0.4818
[Epoch 22] Target Validation EMA accuracy: 0.5461. Loss: 1.618
[Epoch 22] Target Validation EMA recall [surprise, fear, disgust, happy, sad, angry, neutral]: [0.7277 0.0887 0.3214 0.8413 0.5115 0.3362 0.5799] Macro Recall: 0.4867
[Target Epoch 23] class mean confidence: [0.7853 0.8306 0.6766 0.8452 0.7278 0.7486 0.7291] global_mean: 0.7633 threshold_center: 0.8500
[Target Epoch 23] class-adaptive thresholds: [0.861  0.8837 0.8066 0.8909 0.8322 0.8426 0.8329]
